    genybaseband-115   (  108) [001] d..3  1300.407808: sched_switch: prev_comm=genybaseband prev_pid=115 prev_prio=120 prev_state=S ==> next_comm=kworker/1:1 next_pid=56 next_prio=120
     kworker/1:1-56    (   56) [001] d..3  1300.407830: sched_switch: prev_comm=kworker/1:1 prev_pid=56 prev_prio=120 prev_state=S ==> next_comm=swapper/1 next_pid=0 next_prio=120
          <idle>-0     (-----) [000] d..3  1300.407892: sched_switch: prev_comm=swapper/0 prev_pid=0 prev_prio=120 prev_state=R ==> next_comm=genybaseband next_pid=3003 next_prio=120
    genybaseband-3003  (  108) [000] d..4  1300.408051: sched_wakeup: comm=logd.writer pid=88 prio=130 success=1 target_cpu=000
          <idle>-0     (-----) [002] dNh3  1300.408155: sched_wakeup: comm=rild pid=114 prio=120 success=1 target_cpu=002
          <idle>-0     (-----) [002] d..3  1300.408200: sched_switch: prev_comm=swapper/2 prev_pid=0 prev_prio=120 prev_state=R ==> next_comm=rild next_pid=114 next_prio=120
            rild-114   (  101) [002] d..4  1300.408216: sched_wakeup: comm=genybaseband pid=115 prio=120 success=1 target_cpu=002
    genybaseband-3003  (  108) [000] d..4  1300.408223: sched_switch: prev_comm=genybaseband prev_pid=3003 prev_prio=120 prev_state=x ==> next_comm=logd.writer next_pid=88 next_prio=130
     logd.writer-88    (   80) [000] d..4  1300.408309: sched_wakeup: comm=logd.reader.per pid=2891 prio=130 success=1 target_cpu=000
            rild-114   (  101) [002] d..3  1300.408326: sched_switch: prev_comm=rild prev_pid=114 prev_prio=120 prev_state=S ==> next_comm=genybaseband next_pid=115 next_prio=120
    genybaseband-115   (  108) [002] d..3  1300.408354: sched_switch: prev_comm=genybaseband prev_pid=115 prev_prio=120 prev_state=S ==> next_comm=logd.reader.per next_pid=2891 next_prio=130
          <idle>-0     (-----) [003] dNh3  1300.408362: sched_wakeup: comm=logd.reader.per pid=2779 prio=130 success=1 target_cpu=003
     logd.writer-88    (   80) [000] d..3  1300.408363: sched_switch: prev_comm=logd.writer prev_pid=88 prev_prio=130 prev_state=S ==> next_comm=swapper/0 next_pid=0 next_prio=120
          <idle>-0     (-----) [003] dNh3  1300.408369: sched_wakeup: comm=rild pid=112 prio=120 success=1 target_cpu=003
 logd.reader.per-2891  (   80) [002] d..3  1300.408382: sched_switch: prev_comm=logd.reader.per prev_pid=2891 prev_prio=130 prev_state=S ==> next_comm=rild next_pid=112 next_prio=120
          <idle>-0     (-----) [003] d..3  1300.408400: sched_switch: prev_comm=swapper/3 prev_pid=0 prev_prio=120 prev_state=R ==> next_comm=logd.reader.per next_pid=2779 next_prio=130
 logd.reader.per-2779  (   80) [003] d..3  1300.408414: sched_switch: prev_comm=logd.reader.per prev_pid=2779 prev_prio=130 prev_state=S ==> next_comm=swapper/3 next_pid=0 next_prio=120
            rild-112   (  101) [002] d..4  1300.408421: sched_wakeup: comm=RILReceiver0 pid=1127 prio=120 success=1 target_cpu=002
            rild-112   (  101) [002] d..3  1300.408456: sched_switch: prev_comm=rild prev_pid=112 prev_prio=120 prev_state=S ==> next_comm=RILReceiver0 next_pid=1127 next_prio=120
    RILReceiver0-1127  ( 1020) [002] d..4  1300.408650: sched_wakeup: comm=logd.writer pid=88 prio=130 success=1 target_cpu=002
    RILReceiver0-1127  ( 1020) [002] d..5  1300.408679: sched_wakeup: comm=m.android.phone pid=1020 prio=120 success=1 target_cpu=002
    RILReceiver0-1127  ( 1020) [002] d..3  1300.408766: sched_switch: prev_comm=RILReceiver0 prev_pid=1127 prev_prio=120 prev_state=S ==> next_comm=m.android.phone next_pid=1020 next_prio=120
          <idle>-0     (-----) [003] dNh3  1300.408816: sched_wakeup: comm=Binder_2 pid=680 prio=120 success=1 target_cpu=003
          <idle>-0     (-----) [003] d..3  1300.408866: sched_switch: prev_comm=swapper/3 prev_pid=0 prev_prio=120 prev_state=R ==> next_comm=Binder_2 next_pid=680 next_prio=120
 m.android.phone-1020  ( 1020) [002] d..3  1300.408927: sched_switch: prev_comm=m.android.phone prev_pid=1020 prev_prio=120 prev_state=S ==> next_comm=logd.writer next_pid=88 next_prio=130
        Binder_2-680   (  668) [003] d.h2  1300.408961: sched_wakeup: comm=Binder_4 pid=819 prio=120 success=1 target_cpu=003
     logd.writer-88    (   80) [002] d..4  1300.408966: sched_wakeup: comm=logd.reader.per pid=2779 prio=130 success=1 target_cpu=002
     logd.writer-88    (   80) [002] d..4  1300.408975: sched_wakeup: comm=logd.reader.per pid=2891 prio=130 success=1 target_cpu=002
     logd.writer-88    (   80) [002] d..3  1300.408998: sched_switch: prev_comm=logd.writer prev_pid=88 prev_prio=130 prev_state=S ==> next_comm=logd.reader.per next_pid=2891 next_prio=130
 logd.reader.per-2891  (   80) [002] d..3  1300.409008: sched_switch: prev_comm=logd.reader.per prev_pid=2891 prev_prio=130 prev_state=S ==> next_comm=logd.reader.per next_pid=2779 next_prio=130
 logd.reader.per-2779  (   80) [002] d..3  1300.409027: sched_switch: prev_comm=logd.reader.per prev_pid=2779 prev_prio=130 prev_state=S ==> next_comm=Binder_4 next_pid=819 next_prio=120
        Binder_2-680   (  668) [003] d..5  1300.409124: sched_wakeup: comm=PowerManagerSer pid=704 prio=116 success=1 target_cpu=003
          <idle>-0     (-----) [000] dNh3  1300.409240: sched_wakeup: comm=servicemanager pid=291 prio=120 success=1 target_cpu=000
          <idle>-0     (-----) [000] d..3  1300.409250: sched_switch: prev_comm=swapper/0 prev_pid=0 prev_prio=120 prev_state=R ==> next_comm=servicemanager next_pid=291 next_prio=120
        Binder_2-680   (  668) [003] d..3  1300.409262: sched_switch: prev_comm=Binder_2 prev_pid=680 prev_prio=120 prev_state=S ==> next_comm=PowerManagerSer next_pid=704 next_prio=116
        Binder_4-819   (  668) [002] d.h3  1300.409294: sched_wakeup: comm=RILReceiver0 pid=1127 prio=120 success=1 target_cpu=002
  servicemanager-291   (  291) [000] d..3  1300.409310: sched_switch: prev_comm=servicemanager prev_pid=291 prev_prio=120 prev_state=S ==> next_comm=RILReceiver0 next_pid=1127 next_prio=120
 PowerManagerSer-704   (  668) [003] d..3  1300.409330: sched_switch: prev_comm=PowerManagerSer prev_pid=704 prev_prio=116 prev_state=S ==> next_comm=swapper/3 next_pid=0 next_prio=120
        Binder_4-819   (  668) [002] d..4  1300.409344: sched_wakeup: comm=m.android.phone pid=1020 prio=120 success=1 target_cpu=002
        Binder_4-819   (  668) [002] d..3  1300.409355: sched_switch: prev_comm=Binder_4 prev_pid=819 prev_prio=120 prev_state=S ==> next_comm=m.android.phone next_pid=1020 next_prio=120
    RILReceiver0-1127  ( 1020) [000] d..3  1300.409368: sched_switch: prev_comm=RILReceiver0 prev_pid=1127 prev_prio=120 prev_state=S ==> next_comm=swapper/0 next_pid=0 next_prio=120
 m.android.phone-1020  ( 1020) [002] d..4  1300.409408: sched_wakeup: comm=Binder_4 pid=819 prio=120 success=1 target_cpu=002
 m.android.phone-1020  ( 1020) [002] d..3  1300.409420: sched_switch: prev_comm=m.android.phone prev_pid=1020 prev_prio=120 prev_state=S ==> next_comm=Binder_4 next_pid=819 next_prio=120
          <idle>-0     (-----) [001] dNh3  1300.409561: sched_wakeup: comm=system_server pid=668 prio=118 success=1 target_cpu=001
          <idle>-0     (-----) [001] d..3  1300.409571: sched_switch: prev_comm=swapper/1 prev_pid=0 prev_prio=120 prev_state=R ==> next_comm=system_server next_pid=668 next_prio=118
          <idle>-0     (-----) [000] dNh3  1300.409618: sched_wakeup: comm=Binder_3 pid=1188 prio=120 success=1 target_cpu=000
          <idle>-0     (-----) [000] d..3  1300.409625: sched_switch: prev_comm=swapper/0 prev_pid=0 prev_prio=120 prev_state=R ==> next_comm=Binder_3 next_pid=1188 next_prio=120
   system_server-668   (  668) [001] d..3  1300.409649: sched_switch: prev_comm=system_server prev_pid=668 prev_prio=118 prev_state=S ==> next_comm=swapper/1 next_pid=0 next_prio=120
          <idle>-0     (-----) [001] dNh3  1300.409818: sched_wakeup: comm=PhoneStatusBar pid=1132 prio=130 success=1 target_cpu=001
        Binder_3-1188  (  787) [000] d..3  1300.409820: sched_switch: prev_comm=Binder_3 prev_pid=1188 prev_prio=120 prev_state=S ==> next_comm=swapper/0 next_pid=0 next_prio=120
          <idle>-0     (-----) [001] d..3  1300.409826: sched_switch: prev_comm=swapper/1 prev_pid=0 prev_prio=120 prev_state=R ==> next_comm=PhoneStatusBar next_pid=1132 next_prio=130
        Binder_4-819   (  668) [002] d..4  1300.409827: sched_wakeup: comm=m.android.phone pid=1020 prio=120 success=1 target_cpu=002
        Binder_4-819   (  668) [002] d..3  1300.409915: sched_switch: prev_comm=Binder_4 prev_pid=819 prev_prio=120 prev_state=S ==> next_comm=m.android.phone next_pid=1020 next_prio=120
  PhoneStatusBar-1132  (  787) [001] d..3  1300.409931: sched_switch: prev_comm=PhoneStatusBar prev_pid=1132 prev_prio=130 prev_state=S ==> next_comm=swapper/1 next_pid=0 next_prio=120
 m.android.phone-1020  ( 1020) [002] d..3  1300.409980: sched_switch: prev_comm=m.android.phone prev_pid=1020 prev_prio=120 prev_state=S ==> next_comm=swapper/2 next_pid=0 next_prio=120
          <idle>-0     (-----) [000] dNs5  1300.412382: sched_wakeup: comm=kworker/0:1 pid=2892 prio=120 success=1 target_cpu=000
          <idle>-0     (-----) [003] dNs5  1300.412385: sched_wakeup: comm=kworker/3:1 pid=60 prio=120 success=1 target_cpu=003
          <idle>-0     (-----) [003] d..3  1300.412402: sched_switch: prev_comm=swapper/3 prev_pid=0 prev_prio=120 prev_state=R ==> next_comm=kworker/3:1 next_pid=60 next_prio=120
          <idle>-0     (-----) [000] d..3  1300.412410: sched_switch: prev_comm=swapper/0 prev_pid=0 prev_prio=120 prev_state=R ==> next_comm=kworker/0:1 next_pid=2892 next_prio=120
     kworker/0:1-2892  ( 2892) [000] d..3  1300.412483: sched_switch: prev_comm=kworker/0:1 prev_pid=2892 prev_prio=120 prev_state=S ==> next_comm=swapper/0 next_pid=0 next_prio=120
     kworker/3:1-60    (   60) [003] d..3  1300.412581: sched_switch: prev_comm=kworker/3:1 prev_pid=60 prev_prio=120 prev_state=S ==> next_comm=swapper/3 next_pid=0 next_prio=120
          <idle>-0     (-----) [001] dNh4  1300.418962: sched_wakeup: comm=SensorService pid=714 prio=112 success=1 target_cpu=001
          <idle>-0     (-----) [001] d..3  1300.418980: sched_switch: prev_comm=swapper/1 prev_pid=0 prev_prio=120 prev_state=R ==> next_comm=SensorService next_pid=714 next_prio=112
   SensorService-714   (  668) [001] d..3  1300.419099: sched_switch: prev_comm=SensorService prev_pid=714 prev_prio=112 prev_state=S ==> next_comm=swapper/1 next_pid=0 next_prio=120
          <idle>-0     (-----) [000] dNh3  1300.419164: sched_wakeup: comm=android.ui pid=689 prio=118 success=1 target_cpu=000
          <idle>-0     (-----) [000] d..3  1300.419171: sched_switch: prev_comm=swapper/0 prev_pid=0 prev_prio=120 prev_state=R ==> next_comm=android.ui next_pid=689 next_prio=118
      android.ui-689   (  668) [000] d..3  1300.419272: sched_switch: prev_comm=android.ui prev_pid=689 prev_prio=118 prev_state=S ==> next_comm=swapper/0 next_pid=0 next_prio=120
          <idle>-0     (-----) [003] dNs5  1300.420152: sched_wakeup: comm=rcu_preempt pid=8 prio=120 success=1 target_cpu=003
          <idle>-0     (-----) [003] d..3  1300.420175: sched_switch: prev_comm=swapper/3 prev_pid=0 prev_prio=120 prev_state=R ==> next_comm=rcu_preempt next_pid=8 next_prio=120
     rcu_preempt-8     (    8) [003] d..3  1300.420231: sched_switch: prev_comm=rcu_preempt prev_pid=8 prev_prio=120 prev_state=S ==> next_comm=swapper/3 next_pid=0 next_prio=120
          <idle>-0     (-----) [003] dNs4  1300.428290: sched_wakeup: comm=rcu_preempt pid=8 prio=120 success=1 target_cpu=003
          <idle>-0     (-----) [003] d..3  1300.428332: sched_switch: prev_comm=swapper/3 prev_pid=0 prev_prio=120 prev_state=R ==> next_comm=rcu_preempt next_pid=8 next_prio=120
     rcu_preempt-8     (    8) [003] d..3  1300.428365: sched_switch: prev_comm=rcu_preempt prev_pid=8 prev_prio=120 prev_state=S ==> next_comm=swapper/3 next_pid=0 next_prio=120
          <idle>-0     (-----) [001] dNh4  1300.486398: sched_wakeup: comm=SensorService pid=714 prio=112 success=1 target_cpu=001
          <idle>-0     (-----) [001] d..3  1300.486439: sched_switch: prev_comm=swapper/1 prev_pid=0 prev_prio=120 prev_state=R ==> next_comm=SensorService next_pid=714 next_prio=112
   SensorService-714   (  668) [001] d..3  1300.486582: sched_switch: prev_comm=SensorService prev_pid=714 prev_prio=112 prev_state=S ==> next_comm=swapper/1 next_pid=0 next_prio=120
          <idle>-0     (-----) [000] dNh3  1300.486674: sched_wakeup: comm=android.ui pid=689 prio=118 success=1 target_cpu=000
          <idle>-0     (-----) [000] d..3  1300.486708: sched_switch: prev_comm=swapper/0 prev_pid=0 prev_prio=120 prev_state=R ==> next_comm=android.ui next_pid=689 next_prio=118
      android.ui-689   (  668) [000] d..3  1300.486829: sched_switch: prev_comm=android.ui prev_pid=689 prev_prio=118 prev_state=S ==> next_comm=swapper/0 next_pid=0 next_prio=120
          <idle>-0     (-----) [001] dNh4  1300.554847: sched_wakeup: comm=SensorService pid=714 prio=112 success=1 target_cpu=001
          <idle>-0     (-----) [001] d..3  1300.554887: sched_switch: prev_comm=swapper/1 prev_pid=0 prev_prio=120 prev_state=R ==> next_comm=SensorService next_pid=714 next_prio=112
   SensorService-714   (  668) [001] d..3  1300.555028: sched_switch: prev_comm=SensorService prev_pid=714 prev_prio=112 prev_state=S ==> next_comm=swapper/1 next_pid=0 next_prio=120
          <idle>-0     (-----) [000] dNh3  1300.555113: sched_wakeup: comm=android.ui pid=689 prio=118 success=1 target_cpu=000
          <idle>-0     (-----) [000] d..3  1300.555147: sched_switch: prev_comm=swapper/0 prev_pid=0 prev_prio=120 prev_state=R ==> next_comm=android.ui next_pid=689 next_prio=118
      android.ui-689   (  668) [000] d..3  1300.555262: sched_switch: prev_comm=android.ui prev_pid=689 prev_prio=118 prev_state=S ==> next_comm=swapper/0 next_pid=0 next_prio=120
          <idle>-0     (-----) [001] dNh4  1300.626505: sched_wakeup: comm=SensorService pid=714 prio=112 success=1 target_cpu=001
          <idle>-0     (-----) [001] d..3  1300.626544: sched_switch: prev_comm=swapper/1 prev_pid=0 prev_prio=120 prev_state=R ==> next_comm=SensorService next_pid=714 next_prio=112
   SensorService-714   (  668) [001] d..3  1300.626701: sched_switch: prev_comm=SensorService prev_pid=714 prev_prio=112 prev_state=S ==> next_comm=swapper/1 next_pid=0 next_prio=120
          <idle>-0     (-----) [000] dNh3  1300.626735: sched_wakeup: comm=android.ui pid=689 prio=118 success=1 target_cpu=000
          <idle>-0     (-----) [000] d..3  1300.626784: sched_switch: prev_comm=swapper/0 prev_pid=0 prev_prio=120 prev_state=R ==> next_comm=android.ui next_pid=689 next_prio=118
      android.ui-689   (  668) [000] d..3  1300.626906: sched_switch: prev_comm=android.ui prev_pid=689 prev_prio=118 prev_state=S ==> next_comm=swapper/0 next_pid=0 next_prio=120
          <idle>-0     (-----) [001] dNh4  1300.698998: sched_wakeup: comm=SensorService pid=714 prio=112 success=1 target_cpu=001
          <idle>-0     (-----) [001] d..3  1300.699093: sched_switch: prev_comm=swapper/1 prev_pid=0 prev_prio=120 prev_state=R ==> next_comm=SensorService next_pid=714 next_prio=112
   SensorService-714   (  668) [001] d..3  1300.699236: sched_switch: prev_comm=SensorService prev_pid=714 prev_prio=112 prev_state=S ==> next_comm=swapper/1 next_pid=0 next_prio=120
          <idle>-0     (-----) [000] dNh3  1300.699275: sched_wakeup: comm=android.ui pid=689 prio=118 success=1 target_cpu=000
          <idle>-0     (-----) [000] d..3  1300.699336: sched_switch: prev_comm=swapper/0 prev_pid=0 prev_prio=120 prev_state=R ==> next_comm=android.ui next_pid=689 next_prio=118
      android.ui-689   (  668) [000] d..3  1300.699464: sched_switch: prev_comm=android.ui prev_pid=689 prev_prio=118 prev_state=S ==> next_comm=swapper/0 next_pid=0 next_prio=120
          <idle>-0     (-----) [001] dNh4  1300.769873: sched_wakeup: comm=SensorService pid=714 prio=112 success=1 target_cpu=001
          <idle>-0     (-----) [001] d..3  1300.769912: sched_switch: prev_comm=swapper/1 prev_pid=0 prev_prio=120 prev_state=R ==> next_comm=SensorService next_pid=714 next_prio=112
   SensorService-714   (  668) [001] d..3  1300.770098: sched_switch: prev_comm=SensorService prev_pid=714 prev_prio=112 prev_state=S ==> next_comm=swapper/1 next_pid=0 next_prio=120
          <idle>-0     (-----) [000] dNh3  1300.770151: sched_wakeup: comm=android.ui pid=689 prio=118 success=1 target_cpu=000
          <idle>-0     (-----) [000] d..3  1300.770212: sched_switch: prev_comm=swapper/0 prev_pid=0 prev_prio=120 prev_state=R ==> next_comm=android.ui next_pid=689 next_prio=118
      android.ui-689   (  668) [000] d..3  1300.770394: sched_switch: prev_comm=android.ui prev_pid=689 prev_prio=118 prev_state=S ==> next_comm=swapper/0 next_pid=0 next_prio=120
          <idle>-0     (-----) [001] dNh4  1300.815162: sched_wakeup: comm=system_server pid=668 prio=118 success=1 target_cpu=001
          <idle>-0     (-----) [001] d..3  1300.815195: sched_switch: prev_comm=swapper/1 prev_pid=0 prev_prio=120 prev_state=R ==> next_comm=system_server next_pid=668 next_prio=118
   system_server-668   (  668) [001] d..3  1300.815459: sched_switch: prev_comm=system_server prev_pid=668 prev_prio=118 prev_state=S ==> next_comm=swapper/1 next_pid=0 next_prio=120
          <idle>-0     (-----) [001] dNH6  1300.820161: sched_wakeup: comm=rcu_preempt pid=8 prio=120 success=1 target_cpu=001
          <idle>-0     (-----) [001] d..3  1300.820173: sched_switch: prev_comm=swapper/1 prev_pid=0 prev_prio=120 prev_state=R ==> next_comm=rcu_preempt next_pid=8 next_prio=120
     rcu_preempt-8     (    8) [001] d..3  1300.820188: sched_switch: prev_comm=rcu_preempt prev_pid=8 prev_prio=120 prev_state=S ==> next_comm=swapper/1 next_pid=0 next_prio=120
          <idle>-0     (-----) [001] dNs4  1300.831949: sched_wakeup: comm=rcu_preempt pid=8 prio=120 success=1 target_cpu=001
          <idle>-0     (-----) [001] d..3  1300.831958: sched_switch: prev_comm=swapper/1 prev_pid=0 prev_prio=120 prev_state=R ==> next_comm=rcu_preempt next_pid=8 next_prio=120
     rcu_preempt-8     (    8) [001] d..3  1300.831968: sched_switch: prev_comm=rcu_preempt prev_pid=8 prev_prio=120 prev_state=S ==> next_comm=swapper/1 next_pid=0 next_prio=120
          <idle>-0     (-----) [001] dNh4  1300.838441: sched_wakeup: comm=SensorService pid=714 prio=112 success=1 target_cpu=001
          <idle>-0     (-----) [001] d..3  1300.838859: sched_switch: prev_comm=swapper/1 prev_pid=0 prev_prio=120 prev_state=R ==> next_comm=SensorService next_pid=714 next_prio=112
   SensorService-714   (  668) [001] d..3  1300.839178: sched_switch: prev_comm=SensorService prev_pid=714 prev_prio=112 prev_state=S ==> next_comm=swapper/1 next_pid=0 next_prio=120
          <idle>-0     (-----) [000] dNh3  1300.839224: sched_wakeup: comm=android.ui pid=689 prio=118 success=1 target_cpu=000
          <idle>-0     (-----) [000] d..3  1300.839271: sched_switch: prev_comm=swapper/0 prev_pid=0 prev_prio=120 prev_state=R ==> next_comm=android.ui next_pid=689 next_prio=118
      android.ui-689   (  668) [000] d..3  1300.839380: sched_switch: prev_comm=android.ui prev_pid=689 prev_prio=118 prev_state=S ==> next_comm=swapper/0 next_pid=0 next_prio=120
          <idle>-0     (-----) [001] dNh4  1300.909064: sched_wakeup: comm=SensorService pid=714 prio=112 success=1 target_cpu=001
          <idle>-0     (-----) [001] d..3  1300.909103: sched_switch: prev_comm=swapper/1 prev_pid=0 prev_prio=120 prev_state=R ==> next_comm=SensorService next_pid=714 next_prio=112
   SensorService-714   (  668) [001] d..3  1300.909241: sched_switch: prev_comm=SensorService prev_pid=714 prev_prio=112 prev_state=S ==> next_comm=swapper/1 next_pid=0 next_prio=120
          <idle>-0     (-----) [000] dNh3  1300.909322: sched_wakeup: comm=android.ui pid=689 prio=118 success=1 target_cpu=000
          <idle>-0     (-----) [000] d..3  1300.909356: sched_switch: prev_comm=swapper/0 prev_pid=0 prev_prio=120 prev_state=R ==> next_comm=android.ui next_pid=689 next_prio=118
      android.ui-689   (  668) [000] d..3  1300.909471: sched_switch: prev_comm=android.ui prev_pid=689 prev_prio=118 prev_state=S ==> next_comm=swapper/0 next_pid=0 next_prio=120
          <idle>-0     (-----) [001] dNh4  1300.979794: sched_wakeup: comm=SensorService pid=714 prio=112 success=1 target_cpu=001
          <idle>-0     (-----) [001] d..3  1300.980248: sched_switch: prev_comm=swapper/1 prev_pid=0 prev_prio=120 prev_state=R ==> next_comm=SensorService next_pid=714 next_prio=112
   SensorService-714   (  668) [001] d..3  1300.980445: sched_switch: prev_comm=SensorService prev_pid=714 prev_prio=112 prev_state=S ==> next_comm=swapper/1 next_pid=0 next_prio=120
          <idle>-0     (-----) [000] dNh3  1300.980539: sched_wakeup: comm=android.ui pid=689 prio=118 success=1 target_cpu=000
          <idle>-0     (-----) [000] d..3  1300.980571: sched_switch: prev_comm=swapper/0 prev_pid=0 prev_prio=120 prev_state=R ==> next_comm=android.ui next_pid=689 next_prio=118
      android.ui-689   (  668) [000] d..3  1300.980722: sched_switch: prev_comm=android.ui prev_pid=689 prev_prio=118 prev_state=S ==> next_comm=swapper/0 next_pid=0 next_prio=120
          <idle>-0     (-----) [001] dNh4  1301.048270: sched_wakeup: comm=SensorService pid=714 prio=112 success=1 target_cpu=001
          <idle>-0     (-----) [001] d..3  1301.048322: sched_switch: prev_comm=swapper/1 prev_pid=0 prev_prio=120 prev_state=R ==> next_comm=SensorService next_pid=714 next_prio=112
   SensorService-714   (  668) [001] d..3  1301.048502: sched_switch: prev_comm=SensorService prev_pid=714 prev_prio=112 prev_state=S ==> next_comm=swapper/1 next_pid=0 next_prio=120
          <idle>-0     (-----) [000] dNh3  1301.048649: sched_wakeup: comm=android.ui pid=689 prio=118 success=1 target_cpu=000
          <idle>-0     (-----) [000] d..3  1301.048680: sched_switch: prev_comm=swapper/0 prev_pid=0 prev_prio=120 prev_state=R ==> next_comm=android.ui next_pid=689 next_prio=118
      android.ui-689   (  668) [000] d..3  1301.048825: sched_switch: prev_comm=android.ui prev_pid=689 prev_prio=118 prev_state=S ==> next_comm=swapper/0 next_pid=0 next_prio=120
          <idle>-0     (-----) [001] dNh4  1301.119329: sched_wakeup: comm=SensorService pid=714 prio=112 success=1 target_cpu=001
          <idle>-0     (-----) [001] d..3  1301.119366: sched_switch: prev_comm=swapper/1 prev_pid=0 prev_prio=120 prev_state=R ==> next_comm=SensorService next_pid=714 next_prio=112
   SensorService-714   (  668) [001] d..3  1301.119510: sched_switch: prev_comm=SensorService prev_pid=714 prev_prio=112 prev_state=S ==> next_comm=swapper/1 next_pid=0 next_prio=120
          <idle>-0     (-----) [000] dNh3  1301.119600: sched_wakeup: comm=android.ui pid=689 prio=118 success=1 target_cpu=000
          <idle>-0     (-----) [000] d..3  1301.119636: sched_switch: prev_comm=swapper/0 prev_pid=0 prev_prio=120 prev_state=R ==> next_comm=android.ui next_pid=689 next_prio=118
      android.ui-689   (  668) [000] d..3  1301.119785: sched_switch: prev_comm=android.ui prev_pid=689 prev_prio=118 prev_state=S ==> next_comm=swapper/0 next_pid=0 next_prio=120
          <idle>-0     (-----) [001] dNh4  1301.186917: sched_wakeup: comm=SensorService pid=714 prio=112 success=1 target_cpu=001
          <idle>-0     (-----) [001] d..3  1301.186969: sched_switch: prev_comm=swapper/1 prev_pid=0 prev_prio=120 prev_state=R ==> next_comm=SensorService next_pid=714 next_prio=112
   SensorService-714   (  668) [001] d..3  1301.187206: sched_switch: prev_comm=SensorService prev_pid=714 prev_prio=112 prev_state=S ==> next_comm=swapper/1 next_pid=0 next_prio=120
          <idle>-0     (-----) [000] dNh3  1301.187253: sched_wakeup: comm=android.ui pid=689 prio=118 success=1 target_cpu=000
          <idle>-0     (-----) [000] d..3  1301.187279: sched_switch: prev_comm=swapper/0 prev_pid=0 prev_prio=120 prev_state=R ==> next_comm=android.ui next_pid=689 next_prio=118
      android.ui-689   (  668) [000] d..3  1301.187394: sched_switch: prev_comm=android.ui prev_pid=689 prev_prio=118 prev_state=S ==> next_comm=swapper/0 next_pid=0 next_prio=120
          <idle>-0     (-----) [001] dNh4  1301.259291: sched_wakeup: comm=SensorService pid=714 prio=112 success=1 target_cpu=001
          <idle>-0     (-----) [001] d..3  1301.259347: sched_switch: prev_comm=swapper/1 prev_pid=0 prev_prio=120 prev_state=R ==> next_comm=SensorService next_pid=714 next_prio=112
   SensorService-714   (  668) [001] d..3  1301.259529: sched_switch: prev_comm=SensorService prev_pid=714 prev_prio=112 prev_state=S ==> next_comm=swapper/1 next_pid=0 next_prio=120
          <idle>-0     (-----) [000] dNh3  1301.259633: sched_wakeup: comm=android.ui pid=689 prio=118 success=1 target_cpu=000
          <idle>-0     (-----) [000] d..3  1301.259666: sched_switch: prev_comm=swapper/0 prev_pid=0 prev_prio=120 prev_state=R ==> next_comm=android.ui next_pid=689 next_prio=118
      android.ui-689   (  668) [000] d..3  1301.259818: sched_switch: prev_comm=android.ui prev_pid=689 prev_prio=118 prev_state=S ==> next_comm=swapper/0 next_pid=0 next_prio=120
          <idle>-0     (-----) [003] dNh4  1301.287774: sched_wakeup: comm=local_gps pid=296 prio=120 success=1 target_cpu=003
          <idle>-0     (-----) [003] d..3  1301.287816: sched_switch: prev_comm=swapper/3 prev_pid=0 prev_prio=120 prev_state=R ==> next_comm=local_gps next_pid=296 next_prio=120
       local_gps-296   (  296) [003] d..3  1301.287849: sched_switch: prev_comm=local_gps prev_pid=296 prev_prio=120 prev_state=S ==> next_comm=swapper/3 next_pid=0 next_prio=120
          <idle>-0     (-----) [001] dNh4  1301.330488: sched_wakeup: comm=SensorService pid=714 prio=112 success=1 target_cpu=001
          <idle>-0     (-----) [001] d..3  1301.330527: sched_switch: prev_comm=swapper/1 prev_pid=0 prev_prio=120 prev_state=R ==> next_comm=SensorService next_pid=714 next_prio=112
   SensorService-714   (  668) [001] d..3  1301.330665: sched_switch: prev_comm=SensorService prev_pid=714 prev_prio=112 prev_state=S ==> next_comm=swapper/1 next_pid=0 next_prio=120
          <idle>-0     (-----) [000] dNh3  1301.330747: sched_wakeup: comm=android.ui pid=689 prio=118 success=1 target_cpu=000
          <idle>-0     (-----) [000] d..3  1301.330773: sched_switch: prev_comm=swapper/0 prev_pid=0 prev_prio=120 prev_state=R ==> next_comm=android.ui next_pid=689 next_prio=118
      android.ui-689   (  668) [000] d..3  1301.330893: sched_switch: prev_comm=android.ui prev_pid=689 prev_prio=118 prev_state=S ==> next_comm=swapper/0 next_pid=0 next_prio=120
          <idle>-0     (-----) [001] dNh4  1301.384991: sched_wakeup: comm=local_opengl pid=295 prio=120 success=1 target_cpu=001
          <idle>-0     (-----) [001] d..3  1301.385020: sched_switch: prev_comm=swapper/1 prev_pid=0 prev_prio=120 prev_state=R ==> next_comm=local_opengl next_pid=295 next_prio=120
    local_opengl-295   (  295) [001] d..3  1301.385057: sched_switch: prev_comm=local_opengl prev_pid=295 prev_prio=120 prev_state=S ==> next_comm=swapper/1 next_pid=0 next_prio=120
          <idle>-0     (-----) [001] dNh4  1301.397443: sched_wakeup: comm=SensorService pid=714 prio=112 success=1 target_cpu=001
          <idle>-0     (-----) [001] d..3  1301.397477: sched_switch: prev_comm=swapper/1 prev_pid=0 prev_prio=120 prev_state=R ==> next_comm=SensorService next_pid=714 next_prio=112
   SensorService-714   (  668) [001] d..3  1301.397588: sched_switch: prev_comm=SensorService prev_pid=714 prev_prio=112 prev_state=S ==> next_comm=swapper/1 next_pid=0 next_prio=120
          <idle>-0     (-----) [000] dNh3  1301.397611: sched_wakeup: comm=android.ui pid=689 prio=118 success=1 target_cpu=000
          <idle>-0     (-----) [000] d..3  1301.397632: sched_switch: prev_comm=swapper/0 prev_pid=0 prev_prio=120 prev_state=R ==> next_comm=android.ui next_pid=689 next_prio=118
      android.ui-689   (  668) [000] d..3  1301.397787: sched_switch: prev_comm=android.ui prev_pid=689 prev_prio=118 prev_state=S ==> next_comm=swapper/0 next_pid=0 next_prio=120
          <idle>-0     (-----) [001] dNh4  1301.464784: sched_wakeup: comm=SensorService pid=714 prio=112 success=1 target_cpu=001
          <idle>-0     (-----) [001] d..3  1301.464833: sched_switch: prev_comm=swapper/1 prev_pid=0 prev_prio=120 prev_state=R ==> next_comm=SensorService next_pid=714 next_prio=112
   SensorService-714   (  668) [001] d..3  1301.464973: sched_switch: prev_comm=SensorService prev_pid=714 prev_prio=112 prev_state=S ==> next_comm=swapper/1 next_pid=0 next_prio=120
          <idle>-0     (-----) [000] dNh3  1301.465056: sched_wakeup: comm=android.ui pid=689 prio=118 success=1 target_cpu=000
          <idle>-0     (-----) [000] d..3  1301.465082: sched_switch: prev_comm=swapper/0 prev_pid=0 prev_prio=120 prev_state=R ==> next_comm=android.ui next_pid=689 next_prio=118
      android.ui-689   (  668) [000] d..3  1301.465195: sched_switch: prev_comm=android.ui prev_pid=689 prev_prio=118 prev_state=S ==> next_comm=swapper/0 next_pid=0 next_prio=120
          <idle>-0     (-----) [001] dNs5  1301.476417: sched_wakeup: comm=kworker/1:1 pid=56 prio=120 success=1 target_cpu=001
          <idle>-0     (-----) [001] d..3  1301.476475: sched_switch: prev_comm=swapper/1 prev_pid=0 prev_prio=120 prev_state=R ==> next_comm=kworker/1:1 next_pid=56 next_prio=120
     kworker/1:1-56    (   56) [001] d..3  1301.476508: sched_switch: prev_comm=kworker/1:1 prev_pid=56 prev_prio=120 prev_state=S ==> next_comm=swapper/1 next_pid=0 next_prio=120
          <idle>-0     (-----) [001] dNh4  1301.533417: sched_wakeup: comm=SensorService pid=714 prio=112 success=1 target_cpu=001
          <idle>-0     (-----) [001] d..3  1301.533447: sched_switch: prev_comm=swapper/1 prev_pid=0 prev_prio=120 prev_state=R ==> next_comm=SensorService next_pid=714 next_prio=112
   SensorService-714   (  668) [001] d..3  1301.533553: sched_switch: prev_comm=SensorService prev_pid=714 prev_prio=112 prev_state=S ==> next_comm=swapper/1 next_pid=0 next_prio=120
          <idle>-0     (-----) [000] dNh3  1301.533581: sched_wakeup: comm=android.ui pid=689 prio=118 success=1 target_cpu=000
          <idle>-0     (-----) [000] d..3  1301.533603: sched_switch: prev_comm=swapper/0 prev_pid=0 prev_prio=120 prev_state=R ==> next_comm=android.ui next_pid=689 next_prio=118
      android.ui-689   (  668) [000] d..3  1301.533690: sched_switch: prev_comm=android.ui prev_pid=689 prev_prio=118 prev_state=S ==> next_comm=swapper/0 next_pid=0 next_prio=120
          <idle>-0     (-----) [001] dNh4  1301.605165: sched_wakeup: comm=SensorService pid=714 prio=112 success=1 target_cpu=001
          <idle>-0     (-----) [001] d..3  1301.605204: sched_switch: prev_comm=swapper/1 prev_pid=0 prev_prio=120 prev_state=R ==> next_comm=SensorService next_pid=714 next_prio=112
   SensorService-714   (  668) [001] d..3  1301.605342: sched_switch: prev_comm=SensorService prev_pid=714 prev_prio=112 prev_state=S ==> next_comm=swapper/1 next_pid=0 next_prio=120
          <idle>-0     (-----) [000] dNh3  1301.605424: sched_wakeup: comm=android.ui pid=689 prio=118 success=1 target_cpu=000
          <idle>-0     (-----) [000] d..3  1301.605450: sched_switch: prev_comm=swapper/0 prev_pid=0 prev_prio=120 prev_state=R ==> next_comm=android.ui next_pid=689 next_prio=118
      android.ui-689   (  668) [000] d..3  1301.605570: sched_switch: prev_comm=android.ui prev_pid=689 prev_prio=118 prev_state=S ==> next_comm=swapper/0 next_pid=0 next_prio=120
          <idle>-0     (-----) [001] dNh4  1301.676868: sched_wakeup: comm=SensorService pid=714 prio=112 success=1 target_cpu=001
          <idle>-0     (-----) [001] d..3  1301.676921: sched_switch: prev_comm=swapper/1 prev_pid=0 prev_prio=120 prev_state=R ==> next_comm=SensorService next_pid=714 next_prio=112
   SensorService-714   (  668) [001] d..3  1301.677170: sched_switch: prev_comm=SensorService prev_pid=714 prev_prio=112 prev_state=S ==> next_comm=swapper/1 next_pid=0 next_prio=120
          <idle>-0     (-----) [000] dNh3  1301.677210: sched_wakeup: comm=android.ui pid=689 prio=118 success=1 target_cpu=000
          <idle>-0     (-----) [000] d..3  1301.677246: sched_switch: prev_comm=swapper/0 prev_pid=0 prev_prio=120 prev_state=R ==> next_comm=android.ui next_pid=689 next_prio=118
      android.ui-689   (  668) [000] d..3  1301.677362: sched_switch: prev_comm=android.ui prev_pid=689 prev_prio=118 prev_state=S ==> next_comm=swapper/0 next_pid=0 next_prio=120
          <idle>-0     (-----) [001] dNh4  1301.744034: sched_wakeup: comm=SensorService pid=714 prio=112 success=1 target_cpu=001
          <idle>-0     (-----) [001] d..3  1301.744081: sched_switch: prev_comm=swapper/1 prev_pid=0 prev_prio=120 prev_state=R ==> next_comm=SensorService next_pid=714 next_prio=112
   SensorService-714   (  668) [001] d..3  1301.744263: sched_switch: prev_comm=SensorService prev_pid=714 prev_prio=112 prev_state=S ==> next_comm=swapper/1 next_pid=0 next_prio=120
          <idle>-0     (-----) [000] dNh3  1301.744372: sched_wakeup: comm=android.ui pid=689 prio=118 success=1 target_cpu=000
          <idle>-0     (-----) [000] d..3  1301.744405: sched_switch: prev_comm=swapper/0 prev_pid=0 prev_prio=120 prev_state=R ==> next_comm=android.ui next_pid=689 next_prio=118
      android.ui-689   (  668) [000] d..3  1301.744572: sched_switch: prev_comm=android.ui prev_pid=689 prev_prio=118 prev_state=S ==> next_comm=swapper/0 next_pid=0 next_prio=120
          <idle>-0     (-----) [003] dNh4  1301.749334: sched_wakeup: comm=healthd pid=289 prio=120 success=1 target_cpu=003
          <idle>-0     (-----) [003] d..3  1301.749388: sched_switch: prev_comm=swapper/3 prev_pid=0 prev_prio=120 prev_state=R ==> next_comm=healthd next_pid=289 next_prio=120
         healthd-289   (  289) [003] d..3  1301.750603: sched_switch: prev_comm=healthd prev_pid=289 prev_prio=120 prev_state=S ==> next_comm=swapper/3 next_pid=0 next_prio=120
          <idle>-0     (-----) [000] dNh3  1301.750705: sched_wakeup: comm=init pid=1 prio=120 success=1 target_cpu=000
          <idle>-0     (-----) [000] d..3  1301.750739: sched_switch: prev_comm=swapper/0 prev_pid=0 prev_prio=120 prev_state=R ==> next_comm=init next_pid=1 next_prio=120
            init-1     (    1) [000] d..3  1301.750917: sched_switch: prev_comm=init prev_pid=1 prev_prio=120 prev_state=S ==> next_comm=swapper/0 next_pid=0 next_prio=120
          <idle>-0     (-----) [003] dNh3  1301.751013: sched_wakeup: comm=healthd pid=289 prio=120 success=1 target_cpu=003
          <idle>-0     (-----) [003] d..3  1301.751023: sched_switch: prev_comm=swapper/3 prev_pid=0 prev_prio=120 prev_state=R ==> next_comm=healthd next_pid=289 next_prio=120
         healthd-289   (  289) [003] d..3  1301.751221: sched_switch: prev_comm=healthd prev_pid=289 prev_prio=120 prev_state=S ==> next_comm=swapper/3 next_pid=0 next_prio=120
          <idle>-0     (-----) [000] dNh3  1301.751324: sched_wakeup: comm=init pid=1 prio=120 success=1 target_cpu=000
          <idle>-0     (-----) [000] d..3  1301.751334: sched_switch: prev_comm=swapper/0 prev_pid=0 prev_prio=120 prev_state=R ==> next_comm=init next_pid=1 next_prio=120
          <idle>-0     (-----) [003] dNh3  1301.751509: sched_wakeup: comm=healthd pid=289 prio=120 success=1 target_cpu=003
          <idle>-0     (-----) [003] d..3  1301.751518: sched_switch: prev_comm=swapper/3 prev_pid=0 prev_prio=120 prev_state=R ==> next_comm=healthd next_pid=289 next_prio=120
            init-1     (    1) [000] d..3  1301.751538: sched_switch: prev_comm=init prev_pid=1 prev_prio=120 prev_state=S ==> next_comm=swapper/0 next_pid=0 next_prio=120
         healthd-289   (  289) [003] d..3  1301.752166: sched_switch: prev_comm=healthd prev_pid=289 prev_prio=120 prev_state=S ==> next_comm=swapper/3 next_pid=0 next_prio=120
          <idle>-0     (-----) [000] dNh3  1301.752201: sched_wakeup: comm=init pid=1 prio=120 success=1 target_cpu=000
          <idle>-0     (-----) [000] d..3  1301.752208: sched_switch: prev_comm=swapper/0 prev_pid=0 prev_prio=120 prev_state=R ==> next_comm=init next_pid=1 next_prio=120
            init-1     (    1) [000] d..3  1301.752314: sched_switch: prev_comm=init prev_pid=1 prev_prio=120 prev_state=S ==> next_comm=swapper/0 next_pid=0 next_prio=120
          <idle>-0     (-----) [003] dNh3  1301.752337: sched_wakeup: comm=healthd pid=289 prio=120 success=1 target_cpu=003
          <idle>-0     (-----) [003] d..3  1301.752344: sched_switch: prev_comm=swapper/3 prev_pid=0 prev_prio=120 prev_state=R ==> next_comm=healthd next_pid=289 next_prio=120
         healthd-289   (  289) [003] d..3  1301.752466: sched_switch: prev_comm=healthd prev_pid=289 prev_prio=120 prev_state=S ==> next_comm=swapper/3 next_pid=0 next_prio=120
          <idle>-0     (-----) [001] dNh3  1301.752494: sched_wakeup: comm=Binder_3 pid=715 prio=120 success=1 target_cpu=001
          <idle>-0     (-----) [001] d..3  1301.752517: sched_switch: prev_comm=swapper/1 prev_pid=0 prev_prio=120 prev_state=R ==> next_comm=Binder_3 next_pid=715 next_prio=120
          <idle>-0     (-----) [003] dNh5  1301.752653: sched_wakeup: comm=logd.klogd pid=93 prio=130 success=1 target_cpu=003
          <idle>-0     (-----) [000] dNH6  1301.752690: sched_wakeup: comm=rcu_preempt pid=8 prio=120 success=1 target_cpu=000
          <idle>-0     (-----) [000] d..3  1301.752697: sched_switch: prev_comm=swapper/0 prev_pid=0 prev_prio=120 prev_state=R ==> next_comm=rcu_preempt next_pid=8 next_prio=120
     rcu_preempt-8     (    8) [000] d..3  1301.752735: sched_switch: prev_comm=rcu_preempt prev_pid=8 prev_prio=120 prev_state=S ==> next_comm=swapper/0 next_pid=0 next_prio=120
          <idle>-0     (-----) [000] dNh3  1301.752819: sched_wakeup: comm=android.fg pid=692 prio=120 success=1 target_cpu=000
          <idle>-0     (-----) [000] dNh3  1301.752825: sched_wakeup: comm=rcu_preempt pid=8 prio=120 success=1 target_cpu=000
          <idle>-0     (-----) [000] d..3  1301.752830: sched_switch: prev_comm=swapper/0 prev_pid=0 prev_prio=120 prev_state=R ==> next_comm=android.fg next_pid=692 next_prio=120
        Binder_3-715   (  668) [001] d..3  1301.752842: sched_switch: prev_comm=Binder_3 prev_pid=715 prev_prio=120 prev_state=S ==> next_comm=swapper/1 next_pid=0 next_prio=120
          <idle>-0     (-----) [003] d..3  1301.752901: sched_switch: prev_comm=swapper/3 prev_pid=0 prev_prio=120 prev_state=R ==> next_comm=logd.klogd next_pid=93 next_prio=130
      android.fg-692   (  668) [000] d..3  1301.752912: sched_switch: prev_comm=android.fg prev_pid=692 prev_prio=120 prev_state=S ==> next_comm=rcu_preempt next_pid=8 next_prio=120
     rcu_preempt-8     (    8) [000] d..3  1301.752923: sched_switch: prev_comm=rcu_preempt prev_pid=8 prev_prio=120 prev_state=S ==> next_comm=swapper/0 next_pid=0 next_prio=120
      logd.klogd-93    (   80) [003] d..3  1301.752997: sched_switch: prev_comm=logd.klogd prev_pid=93 prev_prio=130 prev_state=S ==> next_comm=swapper/3 next_pid=0 next_prio=120
          <idle>-0     (-----) [000] dNs4  1301.765887: sched_wakeup: comm=rcu_preempt pid=8 prio=120 success=1 target_cpu=000
          <idle>-0     (-----) [000] d..3  1301.765906: sched_switch: prev_comm=swapper/0 prev_pid=0 prev_prio=120 prev_state=R ==> next_comm=rcu_preempt next_pid=8 next_prio=120
     rcu_preempt-8     (    8) [000] d..3  1301.765930: sched_switch: prev_comm=rcu_preempt prev_pid=8 prev_prio=120 prev_state=S ==> next_comm=swapper/0 next_pid=0 next_prio=120
          <idle>-0     (-----) [000] dNs4  1301.777568: sched_wakeup: comm=rcu_preempt pid=8 prio=120 success=1 target_cpu=000
          <idle>-0     (-----) [000] d..3  1301.777593: sched_switch: prev_comm=swapper/0 prev_pid=0 prev_prio=120 prev_state=R ==> next_comm=rcu_preempt next_pid=8 next_prio=120
     rcu_preempt-8     (    8) [000] d..3  1301.777627: sched_switch: prev_comm=rcu_preempt prev_pid=8 prev_prio=120 prev_state=S ==> next_comm=swapper/0 next_pid=0 next_prio=120
          <idle>-0     (-----) [001] dNh4  1301.810994: sched_wakeup: comm=SensorService pid=714 prio=112 success=1 target_cpu=001
          <idle>-0     (-----) [001] d..3  1301.811084: sched_switch: prev_comm=swapper/1 prev_pid=0 prev_prio=120 prev_state=R ==> next_comm=SensorService next_pid=714 next_prio=112
   SensorService-714   (  668) [001] d..3  1301.811266: sched_switch: prev_comm=SensorService prev_pid=714 prev_prio=112 prev_state=S ==> next_comm=swapper/1 next_pid=0 next_prio=120
          <idle>-0     (-----) [000] dNh3  1301.811432: sched_wakeup: comm=android.ui pid=689 prio=118 success=1 target_cpu=000
          <idle>-0     (-----) [000] d..3  1301.811466: sched_switch: prev_comm=swapper/0 prev_pid=0 prev_prio=120 prev_state=R ==> next_comm=android.ui next_pid=689 next_prio=118
      android.ui-689   (  668) [000] d..3  1301.811668: sched_switch: prev_comm=android.ui prev_pid=689 prev_prio=118 prev_state=S ==> next_comm=swapper/0 next_pid=0 next_prio=120
          <idle>-0     (-----) [001] dNh4  1301.817410: sched_wakeup: comm=system_server pid=668 prio=118 success=1 target_cpu=001
          <idle>-0     (-----) [001] d..3  1301.817450: sched_switch: prev_comm=swapper/1 prev_pid=0 prev_prio=120 prev_state=R ==> next_comm=system_server next_pid=668 next_prio=118
   system_server-668   (  668) [001] d..3  1301.817858: sched_switch: prev_comm=system_server prev_pid=668 prev_prio=118 prev_state=S ==> next_comm=swapper/1 next_pid=0 next_prio=120
          <idle>-0     (-----) [001] dNH6  1301.820759: sched_wakeup: comm=rcu_preempt pid=8 prio=120 success=1 target_cpu=001
          <idle>-0     (-----) [001] d..3  1301.820770: sched_switch: prev_comm=swapper/1 prev_pid=0 prev_prio=120 prev_state=R ==> next_comm=rcu_preempt next_pid=8 next_prio=120
     rcu_preempt-8     (    8) [001] d..3  1301.820786: sched_switch: prev_comm=rcu_preempt prev_pid=8 prev_prio=120 prev_state=S ==> next_comm=swapper/1 next_pid=0 next_prio=120
          <idle>-0     (-----) [001] dNs4  1301.832802: sched_wakeup: comm=rcu_preempt pid=8 prio=120 success=1 target_cpu=001
          <idle>-0     (-----) [001] d..3  1301.832811: sched_switch: prev_comm=swapper/1 prev_pid=0 prev_prio=120 prev_state=R ==> next_comm=rcu_preempt next_pid=8 next_prio=120
     rcu_preempt-8     (    8) [001] d..3  1301.832828: sched_switch: prev_comm=rcu_preempt prev_pid=8 prev_prio=120 prev_state=S ==> next_comm=swapper/1 next_pid=0 next_prio=120
          <idle>-0     (-----) [000] dNh4  1301.846380: sched_wakeup: comm=atrace pid=2997 prio=120 success=1 target_cpu=000
          <idle>-0     (-----) [000] d..3  1301.846913: sched_switch: prev_comm=swapper/0 prev_pid=0 prev_prio=120 prev_state=R ==> next_comm=atrace next_pid=2997 next_prio=120
          atrace-2997  ( 2997) [000] ...1  1301.847078: tracing_mark_write: trace_event_clock_sync: parent_ts=1300.622314
  </script>
<!-- END TRACE -->
</body>
</html>
