              ls-2999  ( 2999) [003] dN.4  1297.937987: sched_wakeup: comm=kworker/3:1 pid=60 prio=120 success=1 target_cpu=003
              ls-2999  ( 2999) [003] d..3  1297.937989: sched_switch: prev_comm=ls prev_pid=2999 prev_prio=120 prev_state=R+ ==> next_comm=kworker/3:1 next_pid=60 next_prio=120
     kworker/3:1-60    (   60) [003] d..3  1297.937993: sched_switch: prev_comm=kworker/3:1 prev_pid=60 prev_prio=120 prev_state=S ==> next_comm=ls next_pid=2999 next_prio=120
            adbd-122   (  122) [000] dN.4  1297.938002: sched_wakeup: comm=adbd pid=2771 prio=120 success=1 target_cpu=000
            adbd-122   (  122) [000] d..3  1297.938004: sched_switch: prev_comm=adbd prev_pid=122 prev_prio=120 prev_state=R+ ==> next_comm=adbd next_pid=2771 next_prio=120
              ls-2999  ( 2999) [003] dN.4  1297.938007: sched_wakeup: comm=kworker/3:1 pid=60 prio=120 success=1 target_cpu=003
              ls-2999  ( 2999) [003] dN.4  1297.938009: sched_wakeup: comm=ls pid=2999 prio=120 success=1 target_cpu=003
              ls-2999  ( 2999) [003] d..3  1297.938011: sched_switch: prev_comm=ls prev_pid=2999 prev_prio=120 prev_state=R+ ==> next_comm=kworker/3:1 next_pid=60 next_prio=120
     kworker/3:1-60    (   60) [003] d..3  1297.938016: sched_switch: prev_comm=kworker/3:1 prev_pid=60 prev_prio=120 prev_state=S ==> next_comm=ls next_pid=2999 next_prio=120
              ls-2999  ( 2999) [003] dN.4  1297.938020: sched_wakeup: comm=kworker/3:1 pid=60 prio=120 success=1 target_cpu=003
              ls-2999  ( 2999) [003] d..3  1297.938022: sched_switch: prev_comm=ls prev_pid=2999 prev_prio=120 prev_state=R+ ==> next_comm=kworker/3:1 next_pid=60 next_prio=120
     kworker/3:1-60    (   60) [003] d..3  1297.938026: sched_switch: prev_comm=kworker/3:1 prev_pid=60 prev_prio=120 prev_state=S ==> next_comm=ls next_pid=2999 next_prio=120
              ls-2999  ( 2999) [003] dN.4  1297.938041: sched_wakeup: comm=kworker/3:1 pid=60 prio=120 success=1 target_cpu=003
              ls-2999  ( 2999) [003] dN.4  1297.938043: sched_wakeup: comm=ls pid=2999 prio=120 success=1 target_cpu=003
              ls-2999  ( 2999) [003] d..3  1297.938045: sched_switch: prev_comm=ls prev_pid=2999 prev_prio=120 prev_state=R+ ==> next_comm=kworker/3:1 next_pid=60 next_prio=120
     kworker/3:1-60    (   60) [003] d..3  1297.938049: sched_switch: prev_comm=kworker/3:1 prev_pid=60 prev_prio=120 prev_state=S ==> next_comm=ls next_pid=2999 next_prio=120
              ls-2999  ( 2999) [003] dN.4  1297.938054: sched_wakeup: comm=kworker/3:1 pid=60 prio=120 success=1 target_cpu=003
              ls-2999  ( 2999) [003] d..3  1297.938056: sched_switch: prev_comm=ls prev_pid=2999 prev_prio=120 prev_state=R+ ==> next_comm=kworker/3:1 next_pid=60 next_prio=120
            adbd-2771  (  122) [000] d..3  1297.938057: sched_switch: prev_comm=adbd prev_pid=2771 prev_prio=120 prev_state=S ==> next_comm=adbd next_pid=122 next_prio=120
     kworker/3:1-60    (   60) [003] d..3  1297.938060: sched_switch: prev_comm=kworker/3:1 prev_pid=60 prev_prio=120 prev_state=S ==> next_comm=ls next_pid=2999 next_prio=120
              ls-2999  ( 2999) [003] dN.4  1297.938075: sched_wakeup: comm=kworker/3:1 pid=60 prio=120 success=1 target_cpu=003
              ls-2999  ( 2999) [003] dN.4  1297.938077: sched_wakeup: comm=ls pid=2999 prio=120 success=1 target_cpu=003
              ls-2999  ( 2999) [003] d..3  1297.938079: sched_switch: prev_comm=ls prev_pid=2999 prev_prio=120 prev_state=R+ ==> next_comm=kworker/3:1 next_pid=60 next_prio=120
            adbd-122   (  122) [000] d..3  1297.938079: sched_switch: prev_comm=adbd prev_pid=122 prev_prio=120 prev_state=S ==> next_comm=swapper/0 next_pid=0 next_prio=120
     kworker/3:1-60    (   60) [003] d..3  1297.938087: sched_switch: prev_comm=kworker/3:1 prev_pid=60 prev_prio=120 prev_state=S ==> next_comm=ls next_pid=2999 next_prio=120
              ls-2999  ( 2999) [003] dN.4  1297.938092: sched_wakeup: comm=kworker/3:1 pid=60 prio=120 success=1 target_cpu=003
              ls-2999  ( 2999) [003] d..3  1297.938094: sched_switch: prev_comm=ls prev_pid=2999 prev_prio=120 prev_state=R+ ==> next_comm=kworker/3:1 next_pid=60 next_prio=120
     kworker/3:1-60    (   60) [003] d..3  1297.938099: sched_switch: prev_comm=kworker/3:1 prev_pid=60 prev_prio=120 prev_state=S ==> next_comm=ls next_pid=2999 next_prio=120
              ls-2999  ( 2999) [003] dN.4  1297.938113: sched_wakeup: comm=kworker/3:1 pid=60 prio=120 success=1 target_cpu=003
              ls-2999  ( 2999) [003] dN.4  1297.938115: sched_wakeup: comm=ls pid=2999 prio=120 success=1 target_cpu=003
              ls-2999  ( 2999) [003] d..3  1297.938117: sched_switch: prev_comm=ls prev_pid=2999 prev_prio=120 prev_state=R+ ==> next_comm=kworker/3:1 next_pid=60 next_prio=120
     kworker/3:1-60    (   60) [003] d..3  1297.938121: sched_switch: prev_comm=kworker/3:1 prev_pid=60 prev_prio=120 prev_state=S ==> next_comm=ls next_pid=2999 next_prio=120
              ls-2999  ( 2999) [003] dN.4  1297.938125: sched_wakeup: comm=kworker/3:1 pid=60 prio=120 success=1 target_cpu=003
              ls-2999  ( 2999) [003] d..3  1297.938127: sched_switch: prev_comm=ls prev_pid=2999 prev_prio=120 prev_state=R+ ==> next_comm=kworker/3:1 next_pid=60 next_prio=120
     kworker/3:1-60    (   60) [003] d..3  1297.938131: sched_switch: prev_comm=kworker/3:1 prev_pid=60 prev_prio=120 prev_state=S ==> next_comm=ls next_pid=2999 next_prio=120
              ls-2999  ( 2999) [003] dN.4  1297.938146: sched_wakeup: comm=kworker/3:1 pid=60 prio=120 success=1 target_cpu=003
              ls-2999  ( 2999) [003] dN.4  1297.938148: sched_wakeup: comm=ls pid=2999 prio=120 success=1 target_cpu=003
              ls-2999  ( 2999) [003] d..3  1297.938150: sched_switch: prev_comm=ls prev_pid=2999 prev_prio=120 prev_state=R+ ==> next_comm=kworker/3:1 next_pid=60 next_prio=120
     kworker/3:1-60    (   60) [003] d..3  1297.938154: sched_switch: prev_comm=kworker/3:1 prev_pid=60 prev_prio=120 prev_state=S ==> next_comm=ls next_pid=2999 next_prio=120
              ls-2999  ( 2999) [003] dN.4  1297.938158: sched_wakeup: comm=kworker/3:1 pid=60 prio=120 success=1 target_cpu=003
              ls-2999  ( 2999) [003] d..3  1297.938160: sched_switch: prev_comm=ls prev_pid=2999 prev_prio=120 prev_state=R+ ==> next_comm=kworker/3:1 next_pid=60 next_prio=120
     kworker/3:1-60    (   60) [003] d..3  1297.938164: sched_switch: prev_comm=kworker/3:1 prev_pid=60 prev_prio=120 prev_state=S ==> next_comm=ls next_pid=2999 next_prio=120
              ls-2999  ( 2999) [003] dN.4  1297.938178: sched_wakeup: comm=kworker/3:1 pid=60 prio=120 success=1 target_cpu=003
              ls-2999  ( 2999) [003] dN.4  1297.938180: sched_wakeup: comm=ls pid=2999 prio=120 success=1 target_cpu=003
              ls-2999  ( 2999) [003] d..3  1297.938229: sched_switch: prev_comm=ls prev_pid=2999 prev_prio=120 prev_state=R+ ==> next_comm=kworker/3:1 next_pid=60 next_prio=120
     kworker/3:1-60    (   60) [003] d..3  1297.938234: sched_switch: prev_comm=kworker/3:1 prev_pid=60 prev_prio=120 prev_state=S ==> next_comm=ls next_pid=2999 next_prio=120
              ls-2999  ( 2999) [003] dN.4  1297.938239: sched_wakeup: comm=kworker/3:1 pid=60 prio=120 success=1 target_cpu=003
              ls-2999  ( 2999) [003] d..3  1297.938241: sched_switch: prev_comm=ls prev_pid=2999 prev_prio=120 prev_state=R+ ==> next_comm=kworker/3:1 next_pid=60 next_prio=120
     kworker/3:1-60    (   60) [003] d..3  1297.938245: sched_switch: prev_comm=kworker/3:1 prev_pid=60 prev_prio=120 prev_state=S ==> next_comm=ls next_pid=2999 next_prio=120
              ls-2999  ( 2999) [003] dN.4  1297.938270: sched_wakeup: comm=kworker/3:1 pid=60 prio=120 success=1 target_cpu=003
              ls-2999  ( 2999) [003] dN.4  1297.938274: sched_wakeup: comm=ls pid=2999 prio=120 success=1 target_cpu=003
              ls-2999  ( 2999) [003] d..3  1297.938278: sched_switch: prev_comm=ls prev_pid=2999 prev_prio=120 prev_state=R+ ==> next_comm=kworker/3:1 next_pid=60 next_prio=120
     kworker/3:1-60    (   60) [003] d..3  1297.938286: sched_switch: prev_comm=kworker/3:1 prev_pid=60 prev_prio=120 prev_state=S ==> next_comm=ls next_pid=2999 next_prio=120
              ls-2999  ( 2999) [003] dN.4  1297.938292: sched_wakeup: comm=kworker/3:1 pid=60 prio=120 success=1 target_cpu=003
              ls-2999  ( 2999) [003] d..3  1297.938295: sched_switch: prev_comm=ls prev_pid=2999 prev_prio=120 prev_state=R+ ==> next_comm=kworker/3:1 next_pid=60 next_prio=120
     kworker/3:1-60    (   60) [003] d..3  1297.938301: sched_switch: prev_comm=kworker/3:1 prev_pid=60 prev_prio=120 prev_state=S ==> next_comm=ls next_pid=2999 next_prio=120
              ls-2999  ( 2999) [003] dN.4  1297.938328: sched_wakeup: comm=kworker/3:1 pid=60 prio=120 success=1 target_cpu=003
              ls-2999  ( 2999) [003] dN.4  1297.938331: sched_wakeup: comm=ls pid=2999 prio=120 success=1 target_cpu=003
              ls-2999  ( 2999) [003] d..3  1297.938334: sched_switch: prev_comm=ls prev_pid=2999 prev_prio=120 prev_state=R+ ==> next_comm=kworker/3:1 next_pid=60 next_prio=120
     kworker/3:1-60    (   60) [003] d..3  1297.938342: sched_switch: prev_comm=kworker/3:1 prev_pid=60 prev_prio=120 prev_state=S ==> next_comm=ls next_pid=2999 next_prio=120
              ls-2999  ( 2999) [003] dN.4  1297.938349: sched_wakeup: comm=kworker/3:1 pid=60 prio=120 success=1 target_cpu=003
              ls-2999  ( 2999) [003] d..3  1297.938353: sched_switch: prev_comm=ls prev_pid=2999 prev_prio=120 prev_state=R+ ==> next_comm=kworker/3:1 next_pid=60 next_prio=120
     kworker/3:1-60    (   60) [003] d..3  1297.938360: sched_switch: prev_comm=kworker/3:1 prev_pid=60 prev_prio=120 prev_state=S ==> next_comm=ls next_pid=2999 next_prio=120
              ls-2999  ( 2999) [003] dN.4  1297.938385: sched_wakeup: comm=kworker/3:1 pid=60 prio=120 success=1 target_cpu=003
              ls-2999  ( 2999) [003] dN.4  1297.938388: sched_wakeup: comm=ls pid=2999 prio=120 success=1 target_cpu=003
              ls-2999  ( 2999) [003] d..3  1297.938392: sched_switch: prev_comm=ls prev_pid=2999 prev_prio=120 prev_state=R+ ==> next_comm=kworker/3:1 next_pid=60 next_prio=120
     kworker/3:1-60    (   60) [003] d..3  1297.938401: sched_switch: prev_comm=kworker/3:1 prev_pid=60 prev_prio=120 prev_state=S ==> next_comm=ls next_pid=2999 next_prio=120
              ls-2999  ( 2999) [003] dN.4  1297.938407: sched_wakeup: comm=kworker/3:1 pid=60 prio=120 success=1 target_cpu=003
              ls-2999  ( 2999) [003] d..3  1297.938411: sched_switch: prev_comm=ls prev_pid=2999 prev_prio=120 prev_state=R+ ==> next_comm=kworker/3:1 next_pid=60 next_prio=120
     kworker/3:1-60    (   60) [003] d..3  1297.938416: sched_switch: prev_comm=kworker/3:1 prev_pid=60 prev_prio=120 prev_state=S ==> next_comm=ls next_pid=2999 next_prio=120
              ls-2999  ( 2999) [003] dN.4  1297.938442: sched_wakeup: comm=kworker/3:1 pid=60 prio=120 success=1 target_cpu=003
              ls-2999  ( 2999) [003] dN.4  1297.938444: sched_wakeup: comm=ls pid=2999 prio=120 success=1 target_cpu=003
              ls-2999  ( 2999) [003] d..3  1297.938446: sched_switch: prev_comm=ls prev_pid=2999 prev_prio=120 prev_state=R+ ==> next_comm=kworker/3:1 next_pid=60 next_prio=120
     kworker/3:1-60    (   60) [003] d..3  1297.938451: sched_switch: prev_comm=kworker/3:1 prev_pid=60 prev_prio=120 prev_state=S ==> next_comm=ls next_pid=2999 next_prio=120
              ls-2999  ( 2999) [003] dN.4  1297.938455: sched_wakeup: comm=kworker/3:1 pid=60 prio=120 success=1 target_cpu=003
              ls-2999  ( 2999) [003] d..3  1297.938457: sched_switch: prev_comm=ls prev_pid=2999 prev_prio=120 prev_state=R+ ==> next_comm=kworker/3:1 next_pid=60 next_prio=120
          <idle>-0     (-----) [000] dNs6  1297.938460: sched_wakeup: comm=adbd pid=2772 prio=120 success=1 target_cpu=000
     kworker/3:1-60    (   60) [003] d..3  1297.938461: sched_switch: prev_comm=kworker/3:1 prev_pid=60 prev_prio=120 prev_state=S ==> next_comm=ls next_pid=2999 next_prio=120
              ls-2999  ( 2999) [003] dN.4  1297.938476: sched_wakeup: comm=kworker/3:1 pid=60 prio=120 success=1 target_cpu=003
              ls-2999  ( 2999) [003] dN.4  1297.938478: sched_wakeup: comm=ls pid=2999 prio=120 success=1 target_cpu=003
              ls-2999  ( 2999) [003] d..3  1297.938480: sched_switch: prev_comm=ls prev_pid=2999 prev_prio=120 prev_state=R+ ==> next_comm=kworker/3:1 next_pid=60 next_prio=120
          <idle>-0     (-----) [000] d..3  1297.938481: sched_switch: prev_comm=swapper/0 prev_pid=0 prev_prio=120 prev_state=R ==> next_comm=adbd next_pid=2772 next_prio=120
     kworker/3:1-60    (   60) [003] d..3  1297.938485: sched_switch: prev_comm=kworker/3:1 prev_pid=60 prev_prio=120 prev_state=S ==> next_comm=ls next_pid=2999 next_prio=120
              ls-2999  ( 2999) [003] dN.4  1297.938489: sched_wakeup: comm=kworker/3:1 pid=60 prio=120 success=1 target_cpu=003
              ls-2999  ( 2999) [003] d..3  1297.938491: sched_switch: prev_comm=ls prev_pid=2999 prev_prio=120 prev_state=R+ ==> next_comm=kworker/3:1 next_pid=60 next_prio=120
     kworker/3:1-60    (   60) [003] d..3  1297.938495: sched_switch: prev_comm=kworker/3:1 prev_pid=60 prev_prio=120 prev_state=S ==> next_comm=ls next_pid=2999 next_prio=120
            adbd-2772  (  122) [000] d..4  1297.938497: sched_wakeup: comm=adbd pid=122 prio=120 success=1 target_cpu=000
              ls-2999  ( 2999) [003] dN.4  1297.938510: sched_wakeup: comm=kworker/3:1 pid=60 prio=120 success=1 target_cpu=003
            adbd-2772  (  122) [000] d..3  1297.938510: sched_switch: prev_comm=adbd prev_pid=2772 prev_prio=120 prev_state=S ==> next_comm=adbd next_pid=122 next_prio=120
              ls-2999  ( 2999) [003] dN.4  1297.938512: sched_wakeup: comm=ls pid=2999 prio=120 success=1 target_cpu=003
              ls-2999  ( 2999) [003] d..3  1297.938514: sched_switch: prev_comm=ls prev_pid=2999 prev_prio=120 prev_state=R+ ==> next_comm=kworker/3:1 next_pid=60 next_prio=120
     kworker/3:1-60    (   60) [003] d..3  1297.938519: sched_switch: prev_comm=kworker/3:1 prev_pid=60 prev_prio=120 prev_state=S ==> next_comm=ls next_pid=2999 next_prio=120
              ls-2999  ( 2999) [003] dN.4  1297.938523: sched_wakeup: comm=kworker/3:1 pid=60 prio=120 success=1 target_cpu=003
              ls-2999  ( 2999) [003] d..3  1297.938525: sched_switch: prev_comm=ls prev_pid=2999 prev_prio=120 prev_state=R+ ==> next_comm=kworker/3:1 next_pid=60 next_prio=120
     kworker/3:1-60    (   60) [003] d..3  1297.938529: sched_switch: prev_comm=kworker/3:1 prev_pid=60 prev_prio=120 prev_state=S ==> next_comm=ls next_pid=2999 next_prio=120
            adbd-122   (  122) [000] dN.4  1297.938533: sched_wakeup: comm=adbd pid=2771 prio=120 success=1 target_cpu=000
            adbd-122   (  122) [000] d..3  1297.938536: sched_switch: prev_comm=adbd prev_pid=122 prev_prio=120 prev_state=R+ ==> next_comm=adbd next_pid=2771 next_prio=120
            adbd-2771  (  122) [000] d..3  1297.938540: sched_switch: prev_comm=adbd prev_pid=2771 prev_prio=120 prev_state=S ==> next_comm=adbd next_pid=122 next_prio=120
              ls-2999  ( 2999) [003] dN.4  1297.938543: sched_wakeup: comm=kworker/3:1 pid=60 prio=120 success=1 target_cpu=003
              ls-2999  ( 2999) [003] dN.4  1297.938545: sched_wakeup: comm=ls pid=2999 prio=120 success=1 target_cpu=003
              ls-2999  ( 2999) [003] d..3  1297.938547: sched_switch: prev_comm=ls prev_pid=2999 prev_prio=120 prev_state=R+ ==> next_comm=kworker/3:1 next_pid=60 next_prio=120
     kworker/3:1-60    (   60) [003] d..3  1297.938554: sched_switch: prev_comm=kworker/3:1 prev_pid=60 prev_prio=120 prev_state=S ==> next_comm=ls next_pid=2999 next_prio=120
              ls-2999  ( 2999) [003] dN.4  1297.938558: sched_wakeup: comm=kworker/3:1 pid=60 prio=120 success=1 target_cpu=003
              ls-2999  ( 2999) [003] d..3  1297.938561: sched_switch: prev_comm=ls prev_pid=2999 prev_prio=120 prev_state=R+ ==> next_comm=kworker/3:1 next_pid=60 next_prio=120
     kworker/3:1-60    (   60) [003] d..3  1297.938565: sched_switch: prev_comm=kworker/3:1 prev_pid=60 prev_prio=120 prev_state=S ==> next_comm=ls next_pid=2999 next_prio=120
              ls-2999  ( 2999) [003] dN.4  1297.938579: sched_wakeup: comm=kworker/3:1 pid=60 prio=120 success=1 target_cpu=003
              ls-2999  ( 2999) [003] dN.4  1297.938581: sched_wakeup: comm=ls pid=2999 prio=120 success=1 target_cpu=003
            adbd-122   (  122) [000] dN.4  1297.938582: sched_wakeup: comm=adbd pid=2771 prio=120 success=1 target_cpu=000
              ls-2999  ( 2999) [003] d..3  1297.938583: sched_switch: prev_comm=ls prev_pid=2999 prev_prio=120 prev_state=R+ ==> next_comm=kworker/3:1 next_pid=60 next_prio=120
            adbd-122   (  122) [000] d..3  1297.938584: sched_switch: prev_comm=adbd prev_pid=122 prev_prio=120 prev_state=R+ ==> next_comm=adbd next_pid=2771 next_prio=120
     kworker/3:1-60    (   60) [003] d..3  1297.938588: sched_switch: prev_comm=kworker/3:1 prev_pid=60 prev_prio=120 prev_state=S ==> next_comm=ls next_pid=2999 next_prio=120
              ls-2999  ( 2999) [003] dN.4  1297.938592: sched_wakeup: comm=kworker/3:1 pid=60 prio=120 success=1 target_cpu=003
              ls-2999  ( 2999) [003] d..3  1297.938594: sched_switch: prev_comm=ls prev_pid=2999 prev_prio=120 prev_state=R+ ==> next_comm=kworker/3:1 next_pid=60 next_prio=120
     kworker/3:1-60    (   60) [003] d..3  1297.938598: sched_switch: prev_comm=kworker/3:1 prev_pid=60 prev_prio=120 prev_state=S ==> next_comm=ls next_pid=2999 next_prio=120
              ls-2999  ( 2999) [003] dN.4  1297.938613: sched_wakeup: comm=kworker/3:1 pid=60 prio=120 success=1 target_cpu=003
              ls-2999  ( 2999) [003] dN.4  1297.938615: sched_wakeup: comm=ls pid=2999 prio=120 success=1 target_cpu=003
              ls-2999  ( 2999) [003] d..3  1297.938617: sched_switch: prev_comm=ls prev_pid=2999 prev_prio=120 prev_state=R+ ==> next_comm=kworker/3:1 next_pid=60 next_prio=120
     kworker/3:1-60    (   60) [003] d..3  1297.938622: sched_switch: prev_comm=kworker/3:1 prev_pid=60 prev_prio=120 prev_state=S ==> next_comm=ls next_pid=2999 next_prio=120
              ls-2999  ( 2999) [003] dN.4  1297.938626: sched_wakeup: comm=kworker/3:1 pid=60 prio=120 success=1 target_cpu=003
              ls-2999  ( 2999) [003] d..3  1297.938628: sched_switch: prev_comm=ls prev_pid=2999 prev_prio=120 prev_state=R+ ==> next_comm=kworker/3:1 next_pid=60 next_prio=120
     kworker/3:1-60    (   60) [003] d..3  1297.938632: sched_switch: prev_comm=kworker/3:1 prev_pid=60 prev_prio=120 prev_state=S ==> next_comm=ls next_pid=2999 next_prio=120
            adbd-2771  (  122) [000] d..3  1297.938638: sched_switch: prev_comm=adbd prev_pid=2771 prev_prio=120 prev_state=S ==> next_comm=adbd next_pid=122 next_prio=120
              ls-2999  ( 2999) [003] dN.4  1297.938647: sched_wakeup: comm=kworker/3:1 pid=60 prio=120 success=1 target_cpu=003
              ls-2999  ( 2999) [003] dN.4  1297.938649: sched_wakeup: comm=ls pid=2999 prio=120 success=1 target_cpu=003
              ls-2999  ( 2999) [003] d..3  1297.938651: sched_switch: prev_comm=ls prev_pid=2999 prev_prio=120 prev_state=R+ ==> next_comm=kworker/3:1 next_pid=60 next_prio=120
     kworker/3:1-60    (   60) [003] d..3  1297.938655: sched_switch: prev_comm=kworker/3:1 prev_pid=60 prev_prio=120 prev_state=S ==> next_comm=ls next_pid=2999 next_prio=120
              ls-2999  ( 2999) [003] dN.4  1297.938659: sched_wakeup: comm=kworker/3:1 pid=60 prio=120 success=1 target_cpu=003
            adbd-122   (  122) [000] d..3  1297.938660: sched_switch: prev_comm=adbd prev_pid=122 prev_prio=120 prev_state=S ==> next_comm=swapper/0 next_pid=0 next_prio=120
              ls-2999  ( 2999) [003] d..3  1297.938661: sched_switch: prev_comm=ls prev_pid=2999 prev_prio=120 prev_state=R+ ==> next_comm=kworker/3:1 next_pid=60 next_prio=120
     kworker/3:1-60    (   60) [003] d..3  1297.938666: sched_switch: prev_comm=kworker/3:1 prev_pid=60 prev_prio=120 prev_state=S ==> next_comm=ls next_pid=2999 next_prio=120
              ls-2999  ( 2999) [003] dN.4  1297.938681: sched_wakeup: comm=kworker/3:1 pid=60 prio=120 success=1 target_cpu=003
              ls-2999  ( 2999) [003] dN.4  1297.938683: sched_wakeup: comm=ls pid=2999 prio=120 success=1 target_cpu=003
              ls-2999  ( 2999) [003] d..3  1297.938685: sched_switch: prev_comm=ls prev_pid=2999 prev_prio=120 prev_state=R+ ==> next_comm=kworker/3:1 next_pid=60 next_prio=120
     kworker/3:1-60    (   60) [003] d..3  1297.938689: sched_switch: prev_comm=kworker/3:1 prev_pid=60 prev_prio=120 prev_state=S ==> next_comm=ls next_pid=2999 next_prio=120
              ls-2999  ( 2999) [003] dN.4  1297.938693: sched_wakeup: comm=kworker/3:1 pid=60 prio=120 success=1 target_cpu=003
              ls-2999  ( 2999) [003] d..3  1297.938695: sched_switch: prev_comm=ls prev_pid=2999 prev_prio=120 prev_state=R+ ==> next_comm=kworker/3:1 next_pid=60 next_prio=120
     kworker/3:1-60    (   60) [003] d..3  1297.938701: sched_switch: prev_comm=kworker/3:1 prev_pid=60 prev_prio=120 prev_state=S ==> next_comm=ls next_pid=2999 next_prio=120
              ls-2999  ( 2999) [003] dN.4  1297.938844: sched_wakeup: comm=kworker/3:1 pid=60 prio=120 success=1 target_cpu=003
              ls-2999  ( 2999) [003] dN.4  1297.938848: sched_wakeup: comm=ls pid=2999 prio=120 success=1 target_cpu=003
              ls-2999  ( 2999) [003] d..3  1297.938851: sched_switch: prev_comm=ls prev_pid=2999 prev_prio=120 prev_state=R+ ==> next_comm=kworker/3:1 next_pid=60 next_prio=120
     kworker/3:1-60    (   60) [003] d..3  1297.938861: sched_switch: prev_comm=kworker/3:1 prev_pid=60 prev_prio=120 prev_state=S ==> next_comm=ls next_pid=2999 next_prio=120
              ls-2999  ( 2999) [003] dN.4  1297.938868: sched_wakeup: comm=kworker/3:1 pid=60 prio=120 success=1 target_cpu=003
              ls-2999  ( 2999) [003] d..3  1297.938920: sched_switch: prev_comm=ls prev_pid=2999 prev_prio=120 prev_state=R+ ==> next_comm=kworker/3:1 next_pid=60 next_prio=120
     kworker/3:1-60    (   60) [003] d..3  1297.938928: sched_switch: prev_comm=kworker/3:1 prev_pid=60 prev_prio=120 prev_state=S ==> next_comm=ls next_pid=2999 next_prio=120
              ls-2999  ( 2999) [003] dN.4  1297.938964: sched_wakeup: comm=kworker/3:1 pid=60 prio=120 success=1 target_cpu=003
              ls-2999  ( 2999) [003] dN.4  1297.938968: sched_wakeup: comm=ls pid=2999 prio=120 success=1 target_cpu=003
              ls-2999  ( 2999) [003] d..3  1297.938971: sched_switch: prev_comm=ls prev_pid=2999 prev_prio=120 prev_state=R+ ==> next_comm=kworker/3:1 next_pid=60 next_prio=120
     kworker/3:1-60    (   60) [003] d..3  1297.938980: sched_switch: prev_comm=kworker/3:1 prev_pid=60 prev_prio=120 prev_state=S ==> next_comm=ls next_pid=2999 next_prio=120
              ls-2999  ( 2999) [003] dN.4  1297.938987: sched_wakeup: comm=kworker/3:1 pid=60 prio=120 success=1 target_cpu=003
              ls-2999  ( 2999) [003] d..3  1297.938991: sched_switch: prev_comm=ls prev_pid=2999 prev_prio=120 prev_state=R+ ==> next_comm=kworker/3:1 next_pid=60 next_prio=120
     kworker/3:1-60    (   60) [003] d..3  1297.938997: sched_switch: prev_comm=kworker/3:1 prev_pid=60 prev_prio=120 prev_state=S ==> next_comm=ls next_pid=2999 next_prio=120
              ls-2999  ( 2999) [003] dN.4  1297.939019: sched_wakeup: comm=kworker/3:1 pid=60 prio=120 success=1 target_cpu=003
              ls-2999  ( 2999) [003] dN.4  1297.939022: sched_wakeup: comm=ls pid=2999 prio=120 success=1 target_cpu=003
              ls-2999  ( 2999) [003] d..3  1297.939024: sched_switch: prev_comm=ls prev_pid=2999 prev_prio=120 prev_state=R+ ==> next_comm=kworker/3:1 next_pid=60 next_prio=120
     kworker/3:1-60    (   60) [003] d..3  1297.939028: sched_switch: prev_comm=kworker/3:1 prev_pid=60 prev_prio=120 prev_state=S ==> next_comm=ls next_pid=2999 next_prio=120
              ls-2999  ( 2999) [003] dN.4  1297.939032: sched_wakeup: comm=kworker/3:1 pid=60 prio=120 success=1 target_cpu=003
              ls-2999  ( 2999) [003] d..3  1297.939035: sched_switch: prev_comm=ls prev_pid=2999 prev_prio=120 prev_state=R+ ==> next_comm=kworker/3:1 next_pid=60 next_prio=120
          <idle>-0     (-----) [000] dNs6  1297.939035: sched_wakeup: comm=adbd pid=2772 prio=120 success=1 target_cpu=000
     kworker/3:1-60    (   60) [003] d..3  1297.939039: sched_switch: prev_comm=kworker/3:1 prev_pid=60 prev_prio=120 prev_state=S ==> next_comm=ls next_pid=2999 next_prio=120
              ls-2999  ( 2999) [003] dN.4  1297.939057: sched_wakeup: comm=kworker/3:1 pid=60 prio=120 success=1 target_cpu=003
              ls-2999  ( 2999) [003] dN.4  1297.939060: sched_wakeup: comm=ls pid=2999 prio=120 success=1 target_cpu=003
              ls-2999  ( 2999) [003] d..3  1297.939062: sched_switch: prev_comm=ls prev_pid=2999 prev_prio=120 prev_state=R+ ==> next_comm=kworker/3:1 next_pid=60 next_prio=120
     kworker/3:1-60    (   60) [003] d..3  1297.939066: sched_switch: prev_comm=kworker/3:1 prev_pid=60 prev_prio=120 prev_state=S ==> next_comm=ls next_pid=2999 next_prio=120
          <idle>-0     (-----) [000] d..3  1297.939067: sched_switch: prev_comm=swapper/0 prev_pid=0 prev_prio=120 prev_state=R ==> next_comm=adbd next_pid=2772 next_prio=120
              ls-2999  ( 2999) [003] dN.4  1297.939071: sched_wakeup: comm=kworker/3:1 pid=60 prio=120 success=1 target_cpu=003
              ls-2999  ( 2999) [003] d..3  1297.939073: sched_switch: prev_comm=ls prev_pid=2999 prev_prio=120 prev_state=R+ ==> next_comm=kworker/3:1 next_pid=60 next_prio=120
     kworker/3:1-60    (   60) [003] d..3  1297.939077: sched_switch: prev_comm=kworker/3:1 prev_pid=60 prev_prio=120 prev_state=S ==> next_comm=ls next_pid=2999 next_prio=120
            adbd-2772  (  122) [000] d..4  1297.939093: sched_wakeup: comm=adbd pid=122 prio=120 success=1 target_cpu=000
            adbd-2772  (  122) [000] d..3  1297.939115: sched_switch: prev_comm=adbd prev_pid=2772 prev_prio=120 prev_state=S ==> next_comm=adbd next_pid=122 next_prio=120
            adbd-122   (  122) [000] dN.4  1297.939160: sched_wakeup: comm=adbd pid=2771 prio=120 success=1 target_cpu=000
            adbd-122   (  122) [000] d..3  1297.939165: sched_switch: prev_comm=adbd prev_pid=122 prev_prio=120 prev_state=R+ ==> next_comm=adbd next_pid=2771 next_prio=120
            adbd-2771  (  122) [000] d..3  1297.939171: sched_switch: prev_comm=adbd prev_pid=2771 prev_prio=120 prev_state=S ==> next_comm=adbd next_pid=122 next_prio=120
            adbd-122   (  122) [000] dN.4  1297.939235: sched_wakeup: comm=adbd pid=2771 prio=120 success=1 target_cpu=000
            adbd-122   (  122) [000] d..3  1297.939239: sched_switch: prev_comm=adbd prev_pid=122 prev_prio=120 prev_state=R+ ==> next_comm=adbd next_pid=2771 next_prio=120
              ls-2999  ( 2999) [003] d..6  1297.939246: sched_wakeup: comm=adbd pid=3000 prio=120 success=1 target_cpu=003
              ls-2999  ( 2999) [003] d..4  1297.939251: sched_switch: prev_comm=ls prev_pid=2999 prev_prio=120 prev_state=x ==> next_comm=adbd next_pid=3000 next_prio=120
            adbd-2771  (  122) [000] d..3  1297.939370: sched_switch: prev_comm=adbd prev_pid=2771 prev_prio=120 prev_state=S ==> next_comm=adbd next_pid=122 next_prio=120
            adbd-122   (  122) [000] d..3  1297.939387: sched_switch: prev_comm=adbd prev_pid=122 prev_prio=120 prev_state=D ==> next_comm=swapper/0 next_pid=0 next_prio=120
          <idle>-0     (-----) [000] dNh3  1297.939441: sched_wakeup: comm=adbd pid=122 prio=120 success=1 target_cpu=000
          <idle>-0     (-----) [000] d..3  1297.939463: sched_switch: prev_comm=swapper/0 prev_pid=0 prev_prio=120 prev_state=R ==> next_comm=adbd next_pid=122 next_prio=120
            adbd-122   (  122) [000] dN.4  1297.939477: sched_wakeup: comm=adbd pid=2771 prio=120 success=1 target_cpu=000
            adbd-122   (  122) [000] d..3  1297.939480: sched_switch: prev_comm=adbd prev_pid=122 prev_prio=120 prev_state=R+ ==> next_comm=adbd next_pid=2771 next_prio=120
            adbd-3000  (  122) [003] d..4  1297.939480: sched_switch: prev_comm=adbd prev_pid=3000 prev_prio=120 prev_state=x ==> next_comm=swapper/3 next_pid=0 next_prio=120
            adbd-2771  (  122) [000] d.s7  1297.939800: sched_wakeup: comm=adbd pid=2772 prio=120 success=1 target_cpu=000
            adbd-2771  (  122) [000] d..3  1297.939828: sched_switch: prev_comm=adbd prev_pid=2771 prev_prio=120 prev_state=S ==> next_comm=adbd next_pid=2772 next_prio=120
            adbd-2772  (  122) [000] d..3  1297.939872: sched_switch: prev_comm=adbd prev_pid=2772 prev_prio=120 prev_state=S ==> next_comm=adbd next_pid=122 next_prio=120
            adbd-122   (  122) [000] dNs5  1297.939944: sched_wakeup: comm=adbd pid=2772 prio=120 success=1 target_cpu=000
            adbd-122   (  122) [000] d..3  1297.939948: sched_switch: prev_comm=adbd prev_pid=122 prev_prio=120 prev_state=R+ ==> next_comm=adbd next_pid=2772 next_prio=120
            adbd-2772  (  122) [000] d..3  1297.939999: sched_switch: prev_comm=adbd prev_pid=2772 prev_prio=120 prev_state=S ==> next_comm=adbd next_pid=122 next_prio=120
            adbd-122   (  122) [000] dN.4  1297.940025: sched_wakeup: comm=kworker/0:1 pid=2892 prio=120 success=1 target_cpu=000
            adbd-122   (  122) [000] d..3  1297.940029: sched_switch: prev_comm=adbd prev_pid=122 prev_prio=120 prev_state=R+ ==> next_comm=kworker/0:1 next_pid=2892 next_prio=120
     kworker/0:1-2892  ( 2892) [000] d..3  1297.940036: sched_switch: prev_comm=kworker/0:1 prev_pid=2892 prev_prio=120 prev_state=S ==> next_comm=adbd next_pid=122 next_prio=120
            adbd-122   (  122) [000] dN.4  1297.940073: sched_wakeup: comm=adbd pid=2771 prio=120 success=1 target_cpu=000
            adbd-122   (  122) [000] d..3  1297.940076: sched_switch: prev_comm=adbd prev_pid=122 prev_prio=120 prev_state=R+ ==> next_comm=adbd next_pid=2771 next_prio=120
            adbd-2771  (  122) [000] d..3  1297.940080: sched_switch: prev_comm=adbd prev_pid=2771 prev_prio=120 prev_state=S ==> next_comm=adbd next_pid=122 next_prio=120
            adbd-122   (  122) [000] dN.4  1297.940104: sched_wakeup: comm=adbd pid=2771 prio=120 success=1 target_cpu=000
            adbd-122   (  122) [000] d..3  1297.940106: sched_switch: prev_comm=adbd prev_pid=122 prev_prio=120 prev_state=R+ ==> next_comm=adbd next_pid=2771 next_prio=120
            adbd-2771  (  122) [000] d..3  1297.940110: sched_switch: prev_comm=adbd prev_pid=2771 prev_prio=120 prev_state=S ==> next_comm=adbd next_pid=122 next_prio=120
            adbd-122   (  122) [000] d..3  1297.940138: sched_switch: prev_comm=adbd prev_pid=122 prev_prio=120 prev_state=S ==> next_comm=swapper/0 next_pid=0 next_prio=120
          <idle>-0     (-----) [000] dNs5  1297.941434: sched_wakeup: comm=rcu_preempt pid=8 prio=120 success=1 target_cpu=000
          <idle>-0     (-----) [000] d..3  1297.941443: sched_switch: prev_comm=swapper/0 prev_pid=0 prev_prio=120 prev_state=R ==> next_comm=rcu_preempt next_pid=8 next_prio=120
     rcu_preempt-8     (    8) [000] d..3  1297.941486: sched_switch: prev_comm=rcu_preempt prev_pid=8 prev_prio=120 prev_state=S ==> next_comm=swapper/0 next_pid=0 next_prio=120
          <idle>-0     (-----) [003] dNs5  1297.949662: sched_wakeup: comm=rcu_preempt pid=8 prio=120 success=1 target_cpu=003
          <idle>-0     (-----) [003] d..3  1297.949679: sched_switch: prev_comm=swapper/3 prev_pid=0 prev_prio=120 prev_state=R ==> next_comm=rcu_preempt next_pid=8 next_prio=120
     rcu_preempt-8     (    8) [003] d..3  1297.949710: sched_switch: prev_comm=rcu_preempt prev_pid=8 prev_prio=120 prev_state=S ==> next_comm=swapper/3 next_pid=0 next_prio=120
          <idle>-0     (-----) [002] dNH6  1297.958166: sched_wakeup: comm=rcu_preempt pid=8 prio=120 success=1 target_cpu=002
          <idle>-0     (-----) [002] d..3  1297.958203: sched_switch: prev_comm=swapper/2 prev_pid=0 prev_prio=120 prev_state=R ==> next_comm=rcu_preempt next_pid=8 next_prio=120
     rcu_preempt-8     (    8) [002] d..3  1297.958221: sched_switch: prev_comm=rcu_preempt prev_pid=8 prev_prio=120 prev_state=S ==> next_comm=swapper/2 next_pid=0 next_prio=120
          <idle>-0     (-----) [000] dNs6  1297.968806: sched_wakeup: comm=genyd pid=96 prio=120 success=1 target_cpu=000
          <idle>-0     (-----) [000] d..3  1297.968862: sched_switch: prev_comm=swapper/0 prev_pid=0 prev_prio=120 prev_state=R ==> next_comm=genyd next_pid=96 next_prio=120
           genyd-96    (   96) [000] d..3  1297.969065: sched_switch: prev_comm=genyd prev_pid=96 prev_prio=120 prev_state=S ==> next_comm=swapper/0 next_pid=0 next_prio=120
          <idle>-0     (-----) [002] dNs4  1297.969575: sched_wakeup: comm=rcu_preempt pid=8 prio=120 success=1 target_cpu=002
          <idle>-0     (-----) [002] d..3  1297.969584: sched_switch: prev_comm=swapper/2 prev_pid=0 prev_prio=120 prev_state=R ==> next_comm=rcu_preempt next_pid=8 next_prio=120
     rcu_preempt-8     (    8) [002] d..3  1297.969603: sched_switch: prev_comm=rcu_preempt prev_pid=8 prev_prio=120 prev_state=S ==> next_comm=swapper/2 next_pid=0 next_prio=120
          <idle>-0     (-----) [000] dNs6  1297.970366: sched_wakeup: comm=adbd pid=2772 prio=120 success=1 target_cpu=000
          <idle>-0     (-----) [000] d..3  1297.970474: sched_switch: prev_comm=swapper/0 prev_pid=0 prev_prio=120 prev_state=R ==> next_comm=adbd next_pid=2772 next_prio=120
            adbd-2772  (  122) [000] d..4  1297.970525: sched_wakeup: comm=adbd pid=122 prio=120 success=1 target_cpu=000
            adbd-2772  (  122) [000] d..3  1297.970696: sched_switch: prev_comm=adbd prev_pid=2772 prev_prio=120 prev_state=S ==> next_comm=adbd next_pid=122 next_prio=120
            adbd-122   (  122) [000] dN.4  1297.970771: sched_wakeup: comm=adbd pid=2771 prio=120 success=1 target_cpu=000
            adbd-122   (  122) [000] d..3  1297.970777: sched_switch: prev_comm=adbd prev_pid=122 prev_prio=120 prev_state=R+ ==> next_comm=adbd next_pid=2771 next_prio=120
            adbd-2771  (  122) [000] d..3  1297.970828: sched_switch: prev_comm=adbd prev_pid=2771 prev_prio=120 prev_state=S ==> next_comm=adbd next_pid=122 next_prio=120
            adbd-122   (  122) [000] dN.4  1297.970889: sched_wakeup: comm=kworker/0:1 pid=2892 prio=120 success=1 target_cpu=000
            adbd-122   (  122) [000] d..3  1297.970894: sched_switch: prev_comm=adbd prev_pid=122 prev_prio=120 prev_state=R+ ==> next_comm=kworker/0:1 next_pid=2892 next_prio=120
     kworker/0:1-2892  ( 2892) [000] d..3  1297.970903: sched_switch: prev_comm=kworker/0:1 prev_pid=2892 prev_prio=120 prev_state=S ==> next_comm=adbd next_pid=122 next_prio=120
            adbd-122   (  122) [000] dN.4  1297.970913: sched_wakeup: comm=kworker/0:1 pid=2892 prio=120 success=1 target_cpu=000
            adbd-122   (  122) [000] d..3  1297.970917: sched_switch: prev_comm=adbd prev_pid=122 prev_prio=120 prev_state=R+ ==> next_comm=kworker/0:1 next_pid=2892 next_prio=120
     kworker/0:1-2892  ( 2892) [000] d..3  1297.970924: sched_switch: prev_comm=kworker/0:1 prev_pid=2892 prev_prio=120 prev_state=S ==> next_comm=adbd next_pid=122 next_prio=120
            adbd-122   (  122) [000] dN.4  1297.971259: sched_wakeup: comm=adbd pid=2771 prio=120 success=1 target_cpu=000
            adbd-122   (  122) [000] d..3  1297.971265: sched_switch: prev_comm=adbd prev_pid=122 prev_prio=120 prev_state=R+ ==> next_comm=adbd next_pid=2771 next_prio=120
            adbd-2771  (  122) [000] d..3  1297.971385: sched_switch: prev_comm=adbd prev_pid=2771 prev_prio=120 prev_state=S ==> next_comm=adbd next_pid=122 next_prio=120
            adbd-122   (  122) [000] d..3  1297.971453: sched_switch: prev_comm=adbd prev_pid=122 prev_prio=120 prev_state=S ==> next_comm=swapper/0 next_pid=0 next_prio=120
          <idle>-0     (-----) [001] d..3  1297.971565: sched_switch: prev_comm=swapper/1 prev_pid=0 prev_prio=120 prev_state=R ==> next_comm=adbd next_pid=3001 next_prio=120
              ls-3001  ( 3001) [001] dN.4  1297.971668: sched_wakeup: comm=migration/1 pid=11 prio=0 success=1 target_cpu=001
              ls-3001  ( 3001) [001] d..3  1297.971673: sched_switch: prev_comm=adbd prev_pid=3001 prev_prio=120 prev_state=R+ ==> next_comm=migration/1 next_pid=11 next_prio=0
     migration/1-11    (   11) [001] d..3  1297.971716: sched_switch: prev_comm=migration/1 prev_pid=11 prev_prio=0 prev_state=S ==> next_comm=swapper/1 next_pid=0 next_prio=120
          <idle>-0     (-----) [002] d..3  1297.971778: sched_switch: prev_comm=swapper/2 prev_pid=0 prev_prio=120 prev_state=R ==> next_comm=adbd next_pid=3002 next_prio=120
          <idle>-0     (-----) [003] d..3  1297.975008: sched_switch: prev_comm=swapper/3 prev_pid=0 prev_prio=120 prev_state=R ==> next_comm=adbd next_pid=3001 next_prio=120
            adbd-3002  (  122) [002] dNh4  1297.975073: sched_wakeup: comm=rcu_preempt pid=8 prio=120 success=1 target_cpu=002
          <idle>-0     (-----) [000] d..3  1297.980765: sched_switch: prev_comm=swapper/0 prev_pid=0 prev_prio=120 prev_state=R ==> next_comm=rcu_preempt next_pid=8 next_prio=120
     rcu_preempt-8     (    8) [000] d..3  1297.980782: sched_switch: prev_comm=rcu_preempt prev_pid=8 prev_prio=120 prev_state=S ==> next_comm=swapper/0 next_pid=0 next_prio=120
            adbd-3002  (  122) [002] d..3  1297.981021: sched_switch: prev_comm=adbd prev_pid=3002 prev_prio=120 prev_state=S ==> next_comm=swapper/2 next_pid=0 next_prio=120
              ls-3001  ( 3001) [003] dN.4  1297.985023: sched_wakeup: comm=migration/3 pid=19 prio=0 success=1 target_cpu=003
              ls-3001  ( 3001) [003] d..3  1297.985248: sched_switch: prev_comm=sh prev_pid=3001 prev_prio=120 prev_state=R+ ==> next_comm=migration/3 next_pid=19 next_prio=0
     migration/3-19    (   19) [003] d..3  1297.985316: sched_switch: prev_comm=migration/3 prev_pid=19 prev_prio=0 prev_state=S ==> next_comm=swapper/3 next_pid=0 next_prio=120
          <idle>-0     (-----) [000] d..3  1297.986257: sched_switch: prev_comm=swapper/0 prev_pid=0 prev_prio=120 prev_state=R ==> next_comm=sh next_pid=3001 next_prio=120
          <idle>-0     (-----) [001] dNh4  1297.988705: sched_wakeup: comm=SensorService pid=714 prio=112 success=1 target_cpu=001
          <idle>-0     (-----) [001] d..3  1297.988726: sched_switch: prev_comm=swapper/1 prev_pid=0 prev_prio=120 prev_state=R ==> next_comm=SensorService next_pid=714 next_prio=112
   SensorService-714   (  668) [001] d..3  1297.988893: sched_switch: prev_comm=SensorService prev_pid=714 prev_prio=112 prev_state=S ==> next_comm=swapper/1 next_pid=0 next_prio=120
              ls-3001  ( 3001) [000] dNh2  1297.988903: sched_wakeup: comm=android.ui pid=689 prio=118 success=1 target_cpu=000
              ls-3001  ( 3001) [000] d..3  1297.988907: sched_switch: prev_comm=ls prev_pid=3001 prev_prio=120 prev_state=R ==> next_comm=android.ui next_pid=689 next_prio=118
      android.ui-689   (  668) [000] d..3  1297.989010: sched_switch: prev_comm=android.ui prev_pid=689 prev_prio=118 prev_state=S ==> next_comm=ls next_pid=3001 next_prio=120
              ls-3001  ( 3001) [000] dNs3  1297.989450: sched_wakeup: comm=rcu_preempt pid=8 prio=120 success=1 target_cpu=000
              ls-3001  ( 3001) [000] d..3  1297.989478: sched_switch: prev_comm=ls prev_pid=3001 prev_prio=120 prev_state=R ==> next_comm=rcu_preempt next_pid=8 next_prio=120
     rcu_preempt-8     (    8) [000] d..3  1297.989491: sched_switch: prev_comm=rcu_preempt prev_pid=8 prev_prio=120 prev_state=S ==> next_comm=ls next_pid=3001 next_prio=120
              ls-3001  ( 3001) [000] dN.4  1297.991372: sched_wakeup: comm=kworker/0:1 pid=2892 prio=120 success=1 target_cpu=000
              ls-3001  ( 3001) [000] dN.4  1297.991378: sched_wakeup: comm=ls pid=3001 prio=120 success=1 target_cpu=000
              ls-3001  ( 3001) [000] d..3  1297.991384: sched_switch: prev_comm=ls prev_pid=3001 prev_prio=120 prev_state=R+ ==> next_comm=kworker/0:1 next_pid=2892 next_prio=120
     kworker/0:1-2892  ( 2892) [000] d..4  1297.991397: sched_wakeup: comm=adbd pid=122 prio=120 success=1 target_cpu=000
     kworker/0:1-2892  ( 2892) [000] d..3  1297.991405: sched_switch: prev_comm=kworker/0:1 prev_pid=2892 prev_prio=120 prev_state=S ==> next_comm=adbd next_pid=122 next_prio=120
            adbd-122   (  122) [000] d..4  1297.991632: sched_wakeup: comm=adbd pid=2771 prio=120 success=1 target_cpu=000
            adbd-122   (  122) [000] d..3  1297.991671: sched_switch: prev_comm=adbd prev_pid=122 prev_prio=120 prev_state=S ==> next_comm=adbd next_pid=2771 next_prio=120
            adbd-2771  (  122) [000] d..3  1297.992095: sched_switch: prev_comm=adbd prev_pid=2771 prev_prio=120 prev_state=S ==> next_comm=ls next_pid=3001 next_prio=120
              ls-3001  ( 3001) [000] dN.4  1297.992114: sched_wakeup: comm=kworker/0:1 pid=2892 prio=120 success=1 target_cpu=000
              ls-3001  ( 3001) [000] dN.4  1297.992119: sched_wakeup: comm=ls pid=3001 prio=120 success=1 target_cpu=000
              ls-3001  ( 3001) [000] d..3  1297.992122: sched_switch: prev_comm=ls prev_pid=3001 prev_prio=120 prev_state=R+ ==> next_comm=kworker/0:1 next_pid=2892 next_prio=120
     kworker/0:1-2892  ( 2892) [000] d..3  1297.992133: sched_switch: prev_comm=kworker/0:1 prev_pid=2892 prev_prio=120 prev_state=S ==> next_comm=ls next_pid=3001 next_prio=120
              ls-3001  ( 3001) [000] dN.4  1297.992143: sched_wakeup: comm=kworker/0:1 pid=2892 prio=120 success=1 target_cpu=000
              ls-3001  ( 3001) [000] dN.4  1297.992146: sched_wakeup: comm=ls pid=3001 prio=120 success=1 target_cpu=000
              ls-3001  ( 3001) [000] d..3  1297.992149: sched_switch: prev_comm=ls prev_pid=3001 prev_prio=120 prev_state=R+ ==> next_comm=kworker/0:1 next_pid=2892 next_prio=120
     kworker/0:1-2892  ( 2892) [000] d..3  1297.992156: sched_switch: prev_comm=kworker/0:1 prev_pid=2892 prev_prio=120 prev_state=S ==> next_comm=ls next_pid=3001 next_prio=120
              ls-3001  ( 3001) [000] dN.4  1297.992164: sched_wakeup: comm=kworker/0:1 pid=2892 prio=120 success=1 target_cpu=000
              ls-3001  ( 3001) [000] dN.4  1297.992168: sched_wakeup: comm=ls pid=3001 prio=120 success=1 target_cpu=000
              ls-3001  ( 3001) [000] d..3  1297.992171: sched_switch: prev_comm=ls prev_pid=3001 prev_prio=120 prev_state=R+ ==> next_comm=kworker/0:1 next_pid=2892 next_prio=120
     kworker/0:1-2892  ( 2892) [000] d..3  1297.992177: sched_switch: prev_comm=kworker/0:1 prev_pid=2892 prev_prio=120 prev_state=S ==> next_comm=ls next_pid=3001 next_prio=120
              ls-3001  ( 3001) [000] d..6  1297.992438: sched_wakeup: comm=adbd pid=3002 prio=120 success=1 target_cpu=000
              ls-3001  ( 3001) [000] d..4  1297.992446: sched_switch: prev_comm=ls prev_pid=3001 prev_prio=120 prev_state=x ==> next_comm=adbd next_pid=3002 next_prio=120
            adbd-3002  (  122) [000] dN.4  1297.992564: sched_wakeup: comm=adbd pid=122 prio=120 success=1 target_cpu=000
            adbd-3002  (  122) [000] d..3  1297.992568: sched_switch: prev_comm=adbd prev_pid=3002 prev_prio=120 prev_state=R+ ==> next_comm=adbd next_pid=122 next_prio=120
            adbd-122   (  122) [000] d..3  1297.992655: sched_switch: prev_comm=adbd prev_pid=122 prev_prio=120 prev_state=S ==> next_comm=adbd next_pid=3002 next_prio=120
            adbd-3002  (  122) [000] d..4  1297.992747: sched_switch: prev_comm=adbd prev_pid=3002 prev_prio=120 prev_state=x ==> next_comm=swapper/0 next_pid=0 next_prio=120
          <idle>-0     (-----) [000] dNs6  1297.993937: sched_wakeup: comm=adbd pid=2772 prio=120 success=1 target_cpu=000
          <idle>-0     (-----) [000] d..3  1297.993948: sched_switch: prev_comm=swapper/0 prev_pid=0 prev_prio=120 prev_state=R ==> next_comm=adbd next_pid=2772 next_prio=120
            adbd-2772  (  122) [000] d..4  1297.993991: sched_wakeup: comm=adbd pid=122 prio=120 success=1 target_cpu=000
            adbd-2772  (  122) [000] d..3  1297.994022: sched_switch: prev_comm=adbd prev_pid=2772 prev_prio=120 prev_state=S ==> next_comm=adbd next_pid=122 next_prio=120
            adbd-122   (  122) [000] d..4  1297.994086: sched_wakeup: comm=adbd pid=2771 prio=120 success=1 target_cpu=000
            adbd-122   (  122) [000] d..4  1297.994195: sched_wakeup: comm=kworker/0:1 pid=2892 prio=120 success=1 target_cpu=000
            adbd-122   (  122) [000] d..3  1297.994226: sched_switch: prev_comm=adbd prev_pid=122 prev_prio=120 prev_state=S ==> next_comm=adbd next_pid=2771 next_prio=120
            adbd-2771  (  122) [000] d..3  1297.994351: sched_switch: prev_comm=adbd prev_pid=2771 prev_prio=120 prev_state=S ==> next_comm=kworker/0:1 next_pid=2892 next_prio=120
     kworker/0:1-2892  ( 2892) [000] d..3  1297.994366: sched_switch: prev_comm=kworker/0:1 prev_pid=2892 prev_prio=120 prev_state=S ==> next_comm=swapper/0 next_pid=0 next_prio=120
          <idle>-0     (-----) [000] dNs6  1297.995722: sched_wakeup: comm=adbd pid=2772 prio=120 success=1 target_cpu=000
          <idle>-0     (-----) [000] d..3  1297.995740: sched_switch: prev_comm=swapper/0 prev_pid=0 prev_prio=120 prev_state=R ==> next_comm=adbd next_pid=2772 next_prio=120
            adbd-2772  (  122) [000] d..4  1297.995775: sched_wakeup: comm=adbd pid=122 prio=120 success=1 target_cpu=000
            adbd-2772  (  122) [000] d..3  1297.995873: sched_switch: prev_comm=adbd prev_pid=2772 prev_prio=120 prev_state=S ==> next_comm=adbd next_pid=122 next_prio=120
            adbd-122   (  122) [000] d..4  1297.995938: sched_wakeup: comm=adbd pid=2771 prio=120 success=1 target_cpu=000
            adbd-122   (  122) [000] d..3  1297.996005: sched_switch: prev_comm=adbd prev_pid=122 prev_prio=120 prev_state=S ==> next_comm=adbd next_pid=2771 next_prio=120
            adbd-2771  (  122) [000] d..3  1297.996017: sched_switch: prev_comm=adbd prev_pid=2771 prev_prio=120 prev_state=S ==> next_comm=swapper/0 next_pid=0 next_prio=120
          <idle>-0     (-----) [002] dNs5  1297.999357: sched_wakeup: comm=rcu_preempt pid=8 prio=120 success=1 target_cpu=002
          <idle>-0     (-----) [002] d..3  1297.999367: sched_switch: prev_comm=swapper/2 prev_pid=0 prev_prio=120 prev_state=R ==> next_comm=rcu_preempt next_pid=8 next_prio=120
     rcu_preempt-8     (    8) [002] d..3  1297.999381: sched_switch: prev_comm=rcu_preempt prev_pid=8 prev_prio=120 prev_state=S ==> next_comm=swapper/2 next_pid=0 next_prio=120
          <idle>-0     (-----) [003] dNs5  1298.001944: sched_wakeup: comm=kworker/3:1 pid=60 prio=120 success=1 target_cpu=003
          <idle>-0     (-----) [003] d..3  1298.002024: sched_switch: prev_comm=swapper/3 prev_pid=0 prev_prio=120 prev_state=R ==> next_comm=kworker/3:1 next_pid=60 next_prio=120
     kworker/3:1-60    (   60) [003] d..3  1298.002088: sched_switch: prev_comm=kworker/3:1 prev_pid=60 prev_prio=120 prev_state=S ==> next_comm=swapper/3 next_pid=0 next_prio=120
          <idle>-0     (-----) [002] dNh3  1298.002117: sched_wakeup: comm=rcu_preempt pid=8 prio=120 success=1 target_cpu=002
          <idle>-0     (-----) [002] d..3  1298.002142: sched_switch: prev_comm=swapper/2 prev_pid=0 prev_prio=120 prev_state=R ==> next_comm=rcu_preempt next_pid=8 next_prio=120
     rcu_preempt-8     (    8) [002] d..3  1298.002155: sched_switch: prev_comm=rcu_preempt prev_pid=8 prev_prio=120 prev_state=S ==> next_comm=swapper/2 next_pid=0 next_prio=120
          <idle>-0     (-----) [002] dNs5  1298.013462: sched_wakeup: comm=kworker/2:1 pid=52 prio=120 success=1 target_cpu=002
          <idle>-0     (-----) [002] dNs4  1298.013471: sched_wakeup: comm=rcu_preempt pid=8 prio=120 success=1 target_cpu=002
          <idle>-0     (-----) [002] d..3  1298.013504: sched_switch: prev_comm=swapper/2 prev_pid=0 prev_prio=120 prev_state=R ==> next_comm=kworker/2:1 next_pid=52 next_prio=120
     kworker/2:1-52    (   52) [002] d..3  1298.013519: sched_switch: prev_comm=kworker/2:1 prev_pid=52 prev_prio=120 prev_state=S ==> next_comm=rcu_preempt next_pid=8 next_prio=120
     rcu_preempt-8     (    8) [002] d..3  1298.013533: sched_switch: prev_comm=rcu_preempt prev_pid=8 prev_prio=120 prev_state=S ==> next_comm=swapper/2 next_pid=0 next_prio=120
          <idle>-0     (-----) [000] dNH6  1298.021517: sched_wakeup: comm=rcu_preempt pid=8 prio=120 success=1 target_cpu=000
          <idle>-0     (-----) [000] d..3  1298.021525: sched_switch: prev_comm=swapper/0 prev_pid=0 prev_prio=120 prev_state=R ==> next_comm=rcu_preempt next_pid=8 next_prio=120
     rcu_preempt-8     (    8) [000] d..3  1298.021537: sched_switch: prev_comm=rcu_preempt prev_pid=8 prev_prio=120 prev_state=S ==> next_comm=swapper/0 next_pid=0 next_prio=120
          <idle>-0     (-----) [000] dNs4  1298.036481: sched_wakeup: comm=rcu_preempt pid=8 prio=120 success=1 target_cpu=000
          <idle>-0     (-----) [000] d..3  1298.036608: sched_switch: prev_comm=swapper/0 prev_pid=0 prev_prio=120 prev_state=R ==> next_comm=rcu_preempt next_pid=8 next_prio=120
     rcu_preempt-8     (    8) [000] d..3  1298.036797: sched_switch: prev_comm=rcu_preempt prev_pid=8 prev_prio=120 prev_state=S ==> next_comm=swapper/0 next_pid=0 next_prio=120
          <idle>-0     (-----) [000] dNs5  1298.037684: sched_wakeup: comm=kworker/0:1 pid=2892 prio=120 success=1 target_cpu=000
          <idle>-0     (-----) [000] d..3  1298.037692: sched_switch: prev_comm=swapper/0 prev_pid=0 prev_prio=120 prev_state=R ==> next_comm=kworker/0:1 next_pid=2892 next_prio=120
     kworker/0:1-2892  ( 2892) [000] d..3  1298.037704: sched_switch: prev_comm=kworker/0:1 prev_pid=2892 prev_prio=120 prev_state=S ==> next_comm=swapper/0 next_pid=0 next_prio=120
          <idle>-0     (-----) [001] dNh4  1298.056853: sched_wakeup: comm=SensorService pid=714 prio=112 success=1 target_cpu=001
