          <idle>-0     (-----) [001] d..3  1298.056956: sched_switch: prev_comm=swapper/1 prev_pid=0 prev_prio=120 prev_state=R ==> next_comm=SensorService next_pid=714 next_prio=112
   SensorService-714   (  668) [001] d..3  1298.057142: sched_switch: prev_comm=SensorService prev_pid=714 prev_prio=112 prev_state=S ==> next_comm=swapper/1 next_pid=0 next_prio=120
          <idle>-0     (-----) [000] dNh3  1298.057248: sched_wakeup: comm=android.ui pid=689 prio=118 success=1 target_cpu=000
          <idle>-0     (-----) [000] d..3  1298.057281: sched_switch: prev_comm=swapper/0 prev_pid=0 prev_prio=120 prev_state=R ==> next_comm=android.ui next_pid=689 next_prio=118
      android.ui-689   (  668) [000] d..3  1298.057386: sched_switch: prev_comm=android.ui prev_pid=689 prev_prio=118 prev_state=S ==> next_comm=swapper/0 next_pid=0 next_prio=120
          <idle>-0     (-----) [001] dNh4  1298.126743: sched_wakeup: comm=SensorService pid=714 prio=112 success=1 target_cpu=001
          <idle>-0     (-----) [001] d..3  1298.126776: sched_switch: prev_comm=swapper/1 prev_pid=0 prev_prio=120 prev_state=R ==> next_comm=SensorService next_pid=714 next_prio=112
   SensorService-714   (  668) [001] d..3  1298.126907: sched_switch: prev_comm=SensorService prev_pid=714 prev_prio=112 prev_state=S ==> next_comm=swapper/1 next_pid=0 next_prio=120
          <idle>-0     (-----) [000] dNh3  1298.126935: sched_wakeup: comm=android.ui pid=689 prio=118 success=1 target_cpu=000
          <idle>-0     (-----) [000] d..3  1298.126973: sched_switch: prev_comm=swapper/0 prev_pid=0 prev_prio=120 prev_state=R ==> next_comm=android.ui next_pid=689 next_prio=118
      android.ui-689   (  668) [000] d..3  1298.127076: sched_switch: prev_comm=android.ui prev_pid=689 prev_prio=118 prev_state=S ==> next_comm=swapper/0 next_pid=0 next_prio=120
          <idle>-0     (-----) [000] dNs5  1298.170996: sched_wakeup: comm=kworker/0:1 pid=2892 prio=120 success=1 target_cpu=000
          <idle>-0     (-----) [000] d..3  1298.171052: sched_switch: prev_comm=swapper/0 prev_pid=0 prev_prio=120 prev_state=R ==> next_comm=kworker/0:1 next_pid=2892 next_prio=120
     kworker/0:1-2892  ( 2892) [000] d..3  1298.171097: sched_switch: prev_comm=kworker/0:1 prev_pid=2892 prev_prio=120 prev_state=S ==> next_comm=swapper/0 next_pid=0 next_prio=120
          <idle>-0     (-----) [001] dNh4  1298.197176: sched_wakeup: comm=SensorService pid=714 prio=112 success=1 target_cpu=001
          <idle>-0     (-----) [001] d..3  1298.197398: sched_switch: prev_comm=swapper/1 prev_pid=0 prev_prio=120 prev_state=R ==> next_comm=SensorService next_pid=714 next_prio=112
   SensorService-714   (  668) [001] d..3  1298.197525: sched_switch: prev_comm=SensorService prev_pid=714 prev_prio=112 prev_state=S ==> next_comm=swapper/1 next_pid=0 next_prio=120
          <idle>-0     (-----) [000] dNh3  1298.197568: sched_wakeup: comm=android.ui pid=689 prio=118 success=1 target_cpu=000
          <idle>-0     (-----) [000] d..3  1298.197655: sched_switch: prev_comm=swapper/0 prev_pid=0 prev_prio=120 prev_state=R ==> next_comm=android.ui next_pid=689 next_prio=118
      android.ui-689   (  668) [000] d..3  1298.197769: sched_switch: prev_comm=android.ui prev_pid=689 prev_prio=118 prev_state=S ==> next_comm=swapper/0 next_pid=0 next_prio=120
          <idle>-0     (-----) [001] dNh4  1298.267753: sched_wakeup: comm=SensorService pid=714 prio=112 success=1 target_cpu=001
          <idle>-0     (-----) [001] d..3  1298.267779: sched_switch: prev_comm=swapper/1 prev_pid=0 prev_prio=120 prev_state=R ==> next_comm=SensorService next_pid=714 next_prio=112
   SensorService-714   (  668) [001] d..3  1298.267874: sched_switch: prev_comm=SensorService prev_pid=714 prev_prio=112 prev_state=S ==> next_comm=swapper/1 next_pid=0 next_prio=120
          <idle>-0     (-----) [000] dNh3  1298.267936: sched_wakeup: comm=android.ui pid=689 prio=118 success=1 target_cpu=000
          <idle>-0     (-----) [000] d..3  1298.267952: sched_switch: prev_comm=swapper/0 prev_pid=0 prev_prio=120 prev_state=R ==> next_comm=android.ui next_pid=689 next_prio=118
      android.ui-689   (  668) [000] d..3  1298.268042: sched_switch: prev_comm=android.ui prev_pid=689 prev_prio=118 prev_state=S ==> next_comm=swapper/0 next_pid=0 next_prio=120
          <idle>-0     (-----) [003] dNh4  1298.284661: sched_wakeup: comm=local_gps pid=296 prio=120 success=1 target_cpu=003
          <idle>-0     (-----) [003] d..3  1298.284688: sched_switch: prev_comm=swapper/3 prev_pid=0 prev_prio=120 prev_state=R ==> next_comm=local_gps next_pid=296 next_prio=120
       local_gps-296   (  296) [003] d..3  1298.284712: sched_switch: prev_comm=local_gps prev_pid=296 prev_prio=120 prev_state=S ==> next_comm=swapper/3 next_pid=0 next_prio=120
          <idle>-0     (-----) [001] dNh4  1298.337271: sched_wakeup: comm=SensorService pid=714 prio=112 success=1 target_cpu=001
          <idle>-0     (-----) [001] d..3  1298.337312: sched_switch: prev_comm=swapper/1 prev_pid=0 prev_prio=120 prev_state=R ==> next_comm=SensorService next_pid=714 next_prio=112
   SensorService-714   (  668) [001] d..3  1298.337477: sched_switch: prev_comm=SensorService prev_pid=714 prev_prio=112 prev_state=S ==> next_comm=swapper/1 next_pid=0 next_prio=120
          <idle>-0     (-----) [000] dNh3  1298.337479: sched_wakeup: comm=android.ui pid=689 prio=118 success=1 target_cpu=000
          <idle>-0     (-----) [000] d..3  1298.337494: sched_switch: prev_comm=swapper/0 prev_pid=0 prev_prio=120 prev_state=R ==> next_comm=android.ui next_pid=689 next_prio=118
      android.ui-689   (  668) [000] d..3  1298.337591: sched_switch: prev_comm=android.ui prev_pid=689 prev_prio=118 prev_state=S ==> next_comm=swapper/0 next_pid=0 next_prio=120
          <idle>-0     (-----) [001] dNh4  1298.405230: sched_wakeup: comm=SensorService pid=714 prio=112 success=1 target_cpu=001
          <idle>-0     (-----) [001] d..3  1298.405278: sched_switch: prev_comm=swapper/1 prev_pid=0 prev_prio=120 prev_state=R ==> next_comm=SensorService next_pid=714 next_prio=112
   SensorService-714   (  668) [001] d..3  1298.405458: sched_switch: prev_comm=SensorService prev_pid=714 prev_prio=112 prev_state=S ==> next_comm=swapper/1 next_pid=0 next_prio=120
          <idle>-0     (-----) [000] dNh3  1298.405565: sched_wakeup: comm=android.ui pid=689 prio=118 success=1 target_cpu=000
          <idle>-0     (-----) [000] d..3  1298.405597: sched_switch: prev_comm=swapper/0 prev_pid=0 prev_prio=120 prev_state=R ==> next_comm=android.ui next_pid=689 next_prio=118
      android.ui-689   (  668) [000] d..3  1298.405754: sched_switch: prev_comm=android.ui prev_pid=689 prev_prio=118 prev_state=S ==> next_comm=swapper/0 next_pid=0 next_prio=120
          <idle>-0     (-----) [001] dNh4  1298.472439: sched_wakeup: comm=SensorService pid=714 prio=112 success=1 target_cpu=001
          <idle>-0     (-----) [001] d..3  1298.472487: sched_switch: prev_comm=swapper/1 prev_pid=0 prev_prio=120 prev_state=R ==> next_comm=SensorService next_pid=714 next_prio=112
   SensorService-714   (  668) [001] d..3  1298.472670: sched_switch: prev_comm=SensorService prev_pid=714 prev_prio=112 prev_state=S ==> next_comm=swapper/1 next_pid=0 next_prio=120
          <idle>-0     (-----) [000] dNh3  1298.472700: sched_wakeup: comm=android.ui pid=689 prio=118 success=1 target_cpu=000
          <idle>-0     (-----) [000] d..3  1298.472733: sched_switch: prev_comm=swapper/0 prev_pid=0 prev_prio=120 prev_state=R ==> next_comm=android.ui next_pid=689 next_prio=118
      android.ui-689   (  668) [000] d..3  1298.472963: sched_switch: prev_comm=android.ui prev_pid=689 prev_prio=118 prev_state=S ==> next_comm=swapper/0 next_pid=0 next_prio=120
          <idle>-0     (-----) [000] dNh4  1298.483170: sched_wakeup: comm=netd pid=361 prio=120 success=1 target_cpu=000
          <idle>-0     (-----) [000] d..3  1298.483232: sched_switch: prev_comm=swapper/0 prev_pid=0 prev_prio=120 prev_state=R ==> next_comm=netd next_pid=361 next_prio=120
            netd-361   (  361) [000] d..3  1298.483263: sched_switch: prev_comm=netd prev_pid=361 prev_prio=120 prev_state=S ==> next_comm=swapper/0 next_pid=0 next_prio=120
          <idle>-0     (-----) [001] dNh4  1298.539892: sched_wakeup: comm=SensorService pid=714 prio=112 success=1 target_cpu=001
          <idle>-0     (-----) [001] d..3  1298.539932: sched_switch: prev_comm=swapper/1 prev_pid=0 prev_prio=120 prev_state=R ==> next_comm=SensorService next_pid=714 next_prio=112
          <idle>-0     (-----) [000] dNh3  1298.540133: sched_wakeup: comm=android.ui pid=689 prio=118 success=1 target_cpu=000
   SensorService-714   (  668) [001] d..3  1298.540158: sched_switch: prev_comm=SensorService prev_pid=714 prev_prio=112 prev_state=S ==> next_comm=swapper/1 next_pid=0 next_prio=120
          <idle>-0     (-----) [000] d..3  1298.540161: sched_switch: prev_comm=swapper/0 prev_pid=0 prev_prio=120 prev_state=R ==> next_comm=android.ui next_pid=689 next_prio=118
      android.ui-689   (  668) [000] d..3  1298.540262: sched_switch: prev_comm=android.ui prev_pid=689 prev_prio=118 prev_state=S ==> next_comm=swapper/0 next_pid=0 next_prio=120
          <idle>-0     (-----) [001] dNh4  1298.608527: sched_wakeup: comm=SensorService pid=714 prio=112 success=1 target_cpu=001
          <idle>-0     (-----) [001] d..3  1298.608576: sched_switch: prev_comm=swapper/1 prev_pid=0 prev_prio=120 prev_state=R ==> next_comm=SensorService next_pid=714 next_prio=112
   SensorService-714   (  668) [001] d..3  1298.608774: sched_switch: prev_comm=SensorService prev_pid=714 prev_prio=112 prev_state=S ==> next_comm=swapper/1 next_pid=0 next_prio=120
          <idle>-0     (-----) [000] dNh3  1298.608817: sched_wakeup: comm=android.ui pid=689 prio=118 success=1 target_cpu=000
          <idle>-0     (-----) [000] d..3  1298.608882: sched_switch: prev_comm=swapper/0 prev_pid=0 prev_prio=120 prev_state=R ==> next_comm=android.ui next_pid=689 next_prio=118
      android.ui-689   (  668) [000] d..3  1298.609178: sched_switch: prev_comm=android.ui prev_pid=689 prev_prio=118 prev_state=S ==> next_comm=swapper/0 next_pid=0 next_prio=120
          <idle>-0     (-----) [001] dNh4  1298.677047: sched_wakeup: comm=SensorService pid=714 prio=112 success=1 target_cpu=001
          <idle>-0     (-----) [001] d..3  1298.677069: sched_switch: prev_comm=swapper/1 prev_pid=0 prev_prio=120 prev_state=R ==> next_comm=SensorService next_pid=714 next_prio=112
   SensorService-714   (  668) [001] d..3  1298.677173: sched_switch: prev_comm=SensorService prev_pid=714 prev_prio=112 prev_state=S ==> next_comm=swapper/1 next_pid=0 next_prio=120
          <idle>-0     (-----) [000] dNh3  1298.677193: sched_wakeup: comm=android.ui pid=689 prio=118 success=1 target_cpu=000
          <idle>-0     (-----) [000] d..3  1298.677222: sched_switch: prev_comm=swapper/0 prev_pid=0 prev_prio=120 prev_state=R ==> next_comm=android.ui next_pid=689 next_prio=118
      android.ui-689   (  668) [000] d..3  1298.677308: sched_switch: prev_comm=android.ui prev_pid=689 prev_prio=118 prev_state=S ==> next_comm=swapper/0 next_pid=0 next_prio=120
          <idle>-0     (-----) [001] dNh4  1298.747764: sched_wakeup: comm=SensorService pid=714 prio=112 success=1 target_cpu=001
          <idle>-0     (-----) [001] d..3  1298.747791: sched_switch: prev_comm=swapper/1 prev_pid=0 prev_prio=120 prev_state=R ==> next_comm=SensorService next_pid=714 next_prio=112
   SensorService-714   (  668) [001] d..3  1298.747914: sched_switch: prev_comm=SensorService prev_pid=714 prev_prio=112 prev_state=S ==> next_comm=swapper/1 next_pid=0 next_prio=120
          <idle>-0     (-----) [000] dNh3  1298.747915: sched_wakeup: comm=android.ui pid=689 prio=118 success=1 target_cpu=000
          <idle>-0     (-----) [000] d..3  1298.747942: sched_switch: prev_comm=swapper/0 prev_pid=0 prev_prio=120 prev_state=R ==> next_comm=android.ui next_pid=689 next_prio=118
      android.ui-689   (  668) [000] d..3  1298.748031: sched_switch: prev_comm=android.ui prev_pid=689 prev_prio=118 prev_state=S ==> next_comm=swapper/0 next_pid=0 next_prio=120
          <idle>-0     (-----) [001] dNh4  1298.812249: sched_wakeup: comm=system_server pid=668 prio=118 success=1 target_cpu=001
          <idle>-0     (-----) [001] d..3  1298.812280: sched_switch: prev_comm=swapper/1 prev_pid=0 prev_prio=120 prev_state=R ==> next_comm=system_server next_pid=668 next_prio=118
   system_server-668   (  668) [001] d..3  1298.812502: sched_switch: prev_comm=system_server prev_pid=668 prev_prio=118 prev_state=S ==> next_comm=swapper/1 next_pid=0 next_prio=120
          <idle>-0     (-----) [001] dNs5  1298.814152: sched_wakeup: comm=kworker/1:1 pid=56 prio=120 success=1 target_cpu=001
          <idle>-0     (-----) [001] d..3  1298.814202: sched_switch: prev_comm=swapper/1 prev_pid=0 prev_prio=120 prev_state=R ==> next_comm=kworker/1:1 next_pid=56 next_prio=120
          <idle>-0     (-----) [000] dNh3  1298.814241: sched_wakeup: comm=rcu_preempt pid=8 prio=120 success=1 target_cpu=000
     kworker/1:1-56    (   56) [001] d..3  1298.814243: sched_switch: prev_comm=kworker/1:1 prev_pid=56 prev_prio=120 prev_state=S ==> next_comm=swapper/1 next_pid=0 next_prio=120
          <idle>-0     (-----) [000] d..3  1298.814270: sched_switch: prev_comm=swapper/0 prev_pid=0 prev_prio=120 prev_state=R ==> next_comm=rcu_preempt next_pid=8 next_prio=120
     rcu_preempt-8     (    8) [000] d..3  1298.814281: sched_switch: prev_comm=rcu_preempt prev_pid=8 prev_prio=120 prev_state=S ==> next_comm=swapper/0 next_pid=0 next_prio=120
          <idle>-0     (-----) [001] dNh4  1298.817206: sched_wakeup: comm=SensorService pid=714 prio=112 success=1 target_cpu=001
          <idle>-0     (-----) [001] d..3  1298.817217: sched_switch: prev_comm=swapper/1 prev_pid=0 prev_prio=120 prev_state=R ==> next_comm=SensorService next_pid=714 next_prio=112
   SensorService-714   (  668) [001] d..3  1298.817314: sched_switch: prev_comm=SensorService prev_pid=714 prev_prio=112 prev_state=S ==> next_comm=swapper/1 next_pid=0 next_prio=120
          <idle>-0     (-----) [000] dNh3  1298.817332: sched_wakeup: comm=android.ui pid=689 prio=118 success=1 target_cpu=000
          <idle>-0     (-----) [000] d..3  1298.817358: sched_switch: prev_comm=swapper/0 prev_pid=0 prev_prio=120 prev_state=R ==> next_comm=android.ui next_pid=689 next_prio=118
      android.ui-689   (  668) [000] d..3  1298.817441: sched_switch: prev_comm=android.ui prev_pid=689 prev_prio=118 prev_state=S ==> next_comm=swapper/0 next_pid=0 next_prio=120
          <idle>-0     (-----) [000] dNs4  1298.826941: sched_wakeup: comm=rcu_preempt pid=8 prio=120 success=1 target_cpu=000
          <idle>-0     (-----) [000] d..3  1298.827152: sched_switch: prev_comm=swapper/0 prev_pid=0 prev_prio=120 prev_state=R ==> next_comm=rcu_preempt next_pid=8 next_prio=120
     rcu_preempt-8     (    8) [000] d..3  1298.827176: sched_switch: prev_comm=rcu_preempt prev_pid=8 prev_prio=120 prev_state=S ==> next_comm=swapper/0 next_pid=0 next_prio=120
          <idle>-0     (-----) [001] dNh4  1298.884613: sched_wakeup: comm=SensorService pid=714 prio=112 success=1 target_cpu=001
          <idle>-0     (-----) [001] d..3  1298.884665: sched_switch: prev_comm=swapper/1 prev_pid=0 prev_prio=120 prev_state=R ==> next_comm=SensorService next_pid=714 next_prio=112
   SensorService-714   (  668) [001] d..3  1298.884845: sched_switch: prev_comm=SensorService prev_pid=714 prev_prio=112 prev_state=S ==> next_comm=swapper/1 next_pid=0 next_prio=120
          <idle>-0     (-----) [000] dNh3  1298.884952: sched_wakeup: comm=android.ui pid=689 prio=118 success=1 target_cpu=000
          <idle>-0     (-----) [000] d..3  1298.884997: sched_switch: prev_comm=swapper/0 prev_pid=0 prev_prio=120 prev_state=R ==> next_comm=android.ui next_pid=689 next_prio=118
      android.ui-689   (  668) [000] d..3  1298.885147: sched_switch: prev_comm=android.ui prev_pid=689 prev_prio=118 prev_state=S ==> next_comm=swapper/0 next_pid=0 next_prio=120
          <idle>-0     (-----) [001] dNh4  1298.956755: sched_wakeup: comm=SensorService pid=714 prio=112 success=1 target_cpu=001
          <idle>-0     (-----) [001] d..3  1298.956791: sched_switch: prev_comm=swapper/1 prev_pid=0 prev_prio=120 prev_state=R ==> next_comm=SensorService next_pid=714 next_prio=112
   SensorService-714   (  668) [001] d..3  1298.956927: sched_switch: prev_comm=SensorService prev_pid=714 prev_prio=112 prev_state=S ==> next_comm=swapper/1 next_pid=0 next_prio=120
          <idle>-0     (-----) [000] dNh3  1298.957009: sched_wakeup: comm=android.ui pid=689 prio=118 success=1 target_cpu=000
          <idle>-0     (-----) [000] d..3  1298.957043: sched_switch: prev_comm=swapper/0 prev_pid=0 prev_prio=120 prev_state=R ==> next_comm=android.ui next_pid=689 next_prio=118
      android.ui-689   (  668) [000] d..3  1298.957158: sched_switch: prev_comm=android.ui prev_pid=689 prev_prio=118 prev_state=S ==> next_comm=swapper/0 next_pid=0 next_prio=120
          <idle>-0     (-----) [001] dNh4  1299.026298: sched_wakeup: comm=SensorService pid=714 prio=112 success=1 target_cpu=001
          <idle>-0     (-----) [001] d..3  1299.026326: sched_switch: prev_comm=swapper/1 prev_pid=0 prev_prio=120 prev_state=R ==> next_comm=SensorService next_pid=714 next_prio=112
   SensorService-714   (  668) [001] d..3  1299.026431: sched_switch: prev_comm=SensorService prev_pid=714 prev_prio=112 prev_state=S ==> next_comm=swapper/1 next_pid=0 next_prio=120
          <idle>-0     (-----) [000] dNh3  1299.026450: sched_wakeup: comm=android.ui pid=689 prio=118 success=1 target_cpu=000
          <idle>-0     (-----) [000] d..3  1299.026479: sched_switch: prev_comm=swapper/0 prev_pid=0 prev_prio=120 prev_state=R ==> next_comm=android.ui next_pid=689 next_prio=118
      android.ui-689   (  668) [000] d..3  1299.026589: sched_switch: prev_comm=android.ui prev_pid=689 prev_prio=118 prev_state=S ==> next_comm=swapper/0 next_pid=0 next_prio=120
          <idle>-0     (-----) [001] dNh4  1299.098025: sched_wakeup: comm=SensorService pid=714 prio=112 success=1 target_cpu=001
          <idle>-0     (-----) [001] d..3  1299.098159: sched_switch: prev_comm=swapper/1 prev_pid=0 prev_prio=120 prev_state=R ==> next_comm=SensorService next_pid=714 next_prio=112
          <idle>-0     (-----) [000] dNh3  1299.098467: sched_wakeup: comm=android.ui pid=689 prio=118 success=1 target_cpu=000
   SensorService-714   (  668) [001] d.s5  1299.098469: sched_wakeup: comm=kworker/1:1 pid=56 prio=120 success=1 target_cpu=001
          <idle>-0     (-----) [000] d..3  1299.098511: sched_switch: prev_comm=swapper/0 prev_pid=0 prev_prio=120 prev_state=R ==> next_comm=android.ui next_pid=689 next_prio=118
   SensorService-714   (  668) [001] d..3  1299.098527: sched_switch: prev_comm=SensorService prev_pid=714 prev_prio=112 prev_state=S ==> next_comm=kworker/1:1 next_pid=56 next_prio=120
     kworker/1:1-56    (   56) [001] d..3  1299.098548: sched_switch: prev_comm=kworker/1:1 prev_pid=56 prev_prio=120 prev_state=S ==> next_comm=swapper/1 next_pid=0 next_prio=120
      android.ui-689   (  668) [000] d..3  1299.098719: sched_switch: prev_comm=android.ui prev_pid=689 prev_prio=118 prev_state=S ==> next_comm=swapper/0 next_pid=0 next_prio=120
          <idle>-0     (-----) [001] dNh4  1299.167553: sched_wakeup: comm=SensorService pid=714 prio=112 success=1 target_cpu=001
          <idle>-0     (-----) [001] d..3  1299.167594: sched_switch: prev_comm=swapper/1 prev_pid=0 prev_prio=120 prev_state=R ==> next_comm=SensorService next_pid=714 next_prio=112
   SensorService-714   (  668) [001] d..3  1299.167717: sched_switch: prev_comm=SensorService prev_pid=714 prev_prio=112 prev_state=S ==> next_comm=swapper/1 next_pid=0 next_prio=120
          <idle>-0     (-----) [000] dNh3  1299.167786: sched_wakeup: comm=android.ui pid=689 prio=118 success=1 target_cpu=000
          <idle>-0     (-----) [000] d..3  1299.167814: sched_switch: prev_comm=swapper/0 prev_pid=0 prev_prio=120 prev_state=R ==> next_comm=android.ui next_pid=689 next_prio=118
      android.ui-689   (  668) [000] d..3  1299.167921: sched_switch: prev_comm=android.ui prev_pid=689 prev_prio=118 prev_state=S ==> next_comm=swapper/0 next_pid=0 next_prio=120
          <idle>-0     (-----) [001] dNh4  1299.234684: sched_wakeup: comm=SensorService pid=714 prio=112 success=1 target_cpu=001
          <idle>-0     (-----) [001] d..3  1299.234750: sched_switch: prev_comm=swapper/1 prev_pid=0 prev_prio=120 prev_state=R ==> next_comm=SensorService next_pid=714 next_prio=112
   SensorService-714   (  668) [001] d..3  1299.234932: sched_switch: prev_comm=SensorService prev_pid=714 prev_prio=112 prev_state=S ==> next_comm=swapper/1 next_pid=0 next_prio=120
          <idle>-0     (-----) [000] dNh3  1299.235042: sched_wakeup: comm=android.ui pid=689 prio=118 success=1 target_cpu=000
          <idle>-0     (-----) [000] d..3  1299.235087: sched_switch: prev_comm=swapper/0 prev_pid=0 prev_prio=120 prev_state=R ==> next_comm=android.ui next_pid=689 next_prio=118
      android.ui-689   (  668) [000] d..3  1299.235243: sched_switch: prev_comm=android.ui prev_pid=689 prev_prio=118 prev_state=S ==> next_comm=swapper/0 next_pid=0 next_prio=120
          <idle>-0     (-----) [003] dNh4  1299.285666: sched_wakeup: comm=local_gps pid=296 prio=120 success=1 target_cpu=003
          <idle>-0     (-----) [003] d..3  1299.285697: sched_switch: prev_comm=swapper/3 prev_pid=0 prev_prio=120 prev_state=R ==> next_comm=local_gps next_pid=296 next_prio=120
       local_gps-296   (  296) [003] d..3  1299.285722: sched_switch: prev_comm=local_gps prev_pid=296 prev_prio=120 prev_state=S ==> next_comm=swapper/3 next_pid=0 next_prio=120
          <idle>-0     (-----) [001] dNh4  1299.305112: sched_wakeup: comm=SensorService pid=714 prio=112 success=1 target_cpu=001
          <idle>-0     (-----) [001] d..3  1299.305509: sched_switch: prev_comm=swapper/1 prev_pid=0 prev_prio=120 prev_state=R ==> next_comm=SensorService next_pid=714 next_prio=112
          <idle>-0     (-----) [000] dNh3  1299.305747: sched_wakeup: comm=android.ui pid=689 prio=118 success=1 target_cpu=000
   SensorService-714   (  668) [001] d..3  1299.305784: sched_switch: prev_comm=SensorService prev_pid=714 prev_prio=112 prev_state=S ==> next_comm=swapper/1 next_pid=0 next_prio=120
          <idle>-0     (-----) [000] d..3  1299.305787: sched_switch: prev_comm=swapper/0 prev_pid=0 prev_prio=120 prev_state=R ==> next_comm=android.ui next_pid=689 next_prio=118
      android.ui-689   (  668) [000] d..3  1299.305888: sched_switch: prev_comm=android.ui prev_pid=689 prev_prio=118 prev_state=S ==> next_comm=swapper/0 next_pid=0 next_prio=120
          <idle>-0     (-----) [001] dNh4  1299.378535: sched_wakeup: comm=SensorService pid=714 prio=112 success=1 target_cpu=001
          <idle>-0     (-----) [001] d..3  1299.378587: sched_switch: prev_comm=swapper/1 prev_pid=0 prev_prio=120 prev_state=R ==> next_comm=SensorService next_pid=714 next_prio=112
   SensorService-714   (  668) [001] d..3  1299.378725: sched_switch: prev_comm=SensorService prev_pid=714 prev_prio=112 prev_state=S ==> next_comm=swapper/1 next_pid=0 next_prio=120
          <idle>-0     (-----) [000] dNh3  1299.378809: sched_wakeup: comm=android.ui pid=689 prio=118 success=1 target_cpu=000
          <idle>-0     (-----) [000] d..3  1299.378836: sched_switch: prev_comm=swapper/0 prev_pid=0 prev_prio=120 prev_state=R ==> next_comm=android.ui next_pid=689 next_prio=118
      android.ui-689   (  668) [000] d..3  1299.378936: sched_switch: prev_comm=android.ui prev_pid=689 prev_prio=118 prev_state=S ==> next_comm=swapper/0 next_pid=0 next_prio=120
          <idle>-0     (-----) [001] dNh4  1299.448680: sched_wakeup: comm=SensorService pid=714 prio=112 success=1 target_cpu=001
          <idle>-0     (-----) [001] d..3  1299.448724: sched_switch: prev_comm=swapper/1 prev_pid=0 prev_prio=120 prev_state=R ==> next_comm=SensorService next_pid=714 next_prio=112
   SensorService-714   (  668) [001] d..3  1299.448851: sched_switch: prev_comm=SensorService prev_pid=714 prev_prio=112 prev_state=S ==> next_comm=swapper/1 next_pid=0 next_prio=120
          <idle>-0     (-----) [000] dNh3  1299.448877: sched_wakeup: comm=android.ui pid=689 prio=118 success=1 target_cpu=000
          <idle>-0     (-----) [000] d..3  1299.448908: sched_switch: prev_comm=swapper/0 prev_pid=0 prev_prio=120 prev_state=R ==> next_comm=android.ui next_pid=689 next_prio=118
      android.ui-689   (  668) [000] d..3  1299.449013: sched_switch: prev_comm=android.ui prev_pid=689 prev_prio=118 prev_state=S ==> next_comm=swapper/0 next_pid=0 next_prio=120
          <idle>-0     (-----) [001] dNh4  1299.516645: sched_wakeup: comm=SensorService pid=714 prio=112 success=1 target_cpu=001
          <idle>-0     (-----) [001] d..3  1299.516695: sched_switch: prev_comm=swapper/1 prev_pid=0 prev_prio=120 prev_state=R ==> next_comm=SensorService next_pid=714 next_prio=112
   SensorService-714   (  668) [001] d..3  1299.516892: sched_switch: prev_comm=SensorService prev_pid=714 prev_prio=112 prev_state=S ==> next_comm=swapper/1 next_pid=0 next_prio=120
          <idle>-0     (-----) [000] dNh3  1299.516947: sched_wakeup: comm=android.ui pid=689 prio=118 success=1 target_cpu=000
          <idle>-0     (-----) [000] d..3  1299.517011: sched_switch: prev_comm=swapper/0 prev_pid=0 prev_prio=120 prev_state=R ==> next_comm=android.ui next_pid=689 next_prio=118
      android.ui-689   (  668) [000] d..3  1299.517162: sched_switch: prev_comm=android.ui prev_pid=689 prev_prio=118 prev_state=S ==> next_comm=swapper/0 next_pid=0 next_prio=120
          <idle>-0     (-----) [001] dNh4  1299.588953: sched_wakeup: comm=SensorService pid=714 prio=112 success=1 target_cpu=001
          <idle>-0     (-----) [001] d..3  1299.589005: sched_switch: prev_comm=swapper/1 prev_pid=0 prev_prio=120 prev_state=R ==> next_comm=SensorService next_pid=714 next_prio=112
   SensorService-714   (  668) [001] d..3  1299.589186: sched_switch: prev_comm=SensorService prev_pid=714 prev_prio=112 prev_state=S ==> next_comm=swapper/1 next_pid=0 next_prio=120
          <idle>-0     (-----) [000] dNh3  1299.589288: sched_wakeup: comm=android.ui pid=689 prio=118 success=1 target_cpu=000
          <idle>-0     (-----) [000] d..3  1299.589334: sched_switch: prev_comm=swapper/0 prev_pid=0 prev_prio=120 prev_state=R ==> next_comm=android.ui next_pid=689 next_prio=118
      android.ui-689   (  668) [000] d..3  1299.589488: sched_switch: prev_comm=android.ui prev_pid=689 prev_prio=118 prev_state=S ==> next_comm=swapper/0 next_pid=0 next_prio=120
          <idle>-0     (-----) [001] dNh4  1299.658714: sched_wakeup: comm=SensorService pid=714 prio=112 success=1 target_cpu=001
          <idle>-0     (-----) [001] d..3  1299.658761: sched_switch: prev_comm=swapper/1 prev_pid=0 prev_prio=120 prev_state=R ==> next_comm=SensorService next_pid=714 next_prio=112
   SensorService-714   (  668) [001] d..3  1299.658952: sched_switch: prev_comm=SensorService prev_pid=714 prev_prio=112 prev_state=S ==> next_comm=swapper/1 next_pid=0 next_prio=120
          <idle>-0     (-----) [000] dNh3  1299.659035: sched_wakeup: comm=android.ui pid=689 prio=118 success=1 target_cpu=000
          <idle>-0     (-----) [000] d..3  1299.659069: sched_switch: prev_comm=swapper/0 prev_pid=0 prev_prio=120 prev_state=R ==> next_comm=android.ui next_pid=689 next_prio=118
      android.ui-689   (  668) [000] d..3  1299.659188: sched_switch: prev_comm=android.ui prev_pid=689 prev_prio=118 prev_state=S ==> next_comm=swapper/0 next_pid=0 next_prio=120
          <idle>-0     (-----) [001] dNh4  1299.728173: sched_wakeup: comm=SensorService pid=714 prio=112 success=1 target_cpu=001
          <idle>-0     (-----) [001] d..3  1299.728220: sched_switch: prev_comm=swapper/1 prev_pid=0 prev_prio=120 prev_state=R ==> next_comm=SensorService next_pid=714 next_prio=112
   SensorService-714   (  668) [001] d..3  1299.728365: sched_switch: prev_comm=SensorService prev_pid=714 prev_prio=112 prev_state=S ==> next_comm=swapper/1 next_pid=0 next_prio=120
          <idle>-0     (-----) [000] dNh3  1299.728399: sched_wakeup: comm=android.ui pid=689 prio=118 success=1 target_cpu=000
          <idle>-0     (-----) [000] d..3  1299.728434: sched_switch: prev_comm=swapper/0 prev_pid=0 prev_prio=120 prev_state=R ==> next_comm=android.ui next_pid=689 next_prio=118
      android.ui-689   (  668) [000] d..3  1299.728556: sched_switch: prev_comm=android.ui prev_pid=689 prev_prio=118 prev_state=S ==> next_comm=swapper/0 next_pid=0 next_prio=120
          <idle>-0     (-----) [001] dNh4  1299.797287: sched_wakeup: comm=SensorService pid=714 prio=112 success=1 target_cpu=001
          <idle>-0     (-----) [001] d..3  1299.797324: sched_switch: prev_comm=swapper/1 prev_pid=0 prev_prio=120 prev_state=R ==> next_comm=SensorService next_pid=714 next_prio=112
   SensorService-714   (  668) [001] d..3  1299.797490: sched_switch: prev_comm=SensorService prev_pid=714 prev_prio=112 prev_state=S ==> next_comm=swapper/1 next_pid=0 next_prio=120
          <idle>-0     (-----) [000] dNh3  1299.797593: sched_wakeup: comm=android.ui pid=689 prio=118 success=1 target_cpu=000
          <idle>-0     (-----) [000] d..3  1299.797628: sched_switch: prev_comm=swapper/0 prev_pid=0 prev_prio=120 prev_state=R ==> next_comm=android.ui next_pid=689 next_prio=118
      android.ui-689   (  668) [000] d..3  1299.797743: sched_switch: prev_comm=android.ui prev_pid=689 prev_prio=118 prev_state=S ==> next_comm=swapper/0 next_pid=0 next_prio=120
          <idle>-0     (-----) [001] dNh4  1299.814380: sched_wakeup: comm=system_server pid=668 prio=118 success=1 target_cpu=001
          <idle>-0     (-----) [001] d..3  1299.814448: sched_switch: prev_comm=swapper/1 prev_pid=0 prev_prio=120 prev_state=R ==> next_comm=system_server next_pid=668 next_prio=118
   system_server-668   (  668) [001] d..3  1299.814724: sched_switch: prev_comm=system_server prev_pid=668 prev_prio=118 prev_state=S ==> next_comm=swapper/1 next_pid=0 next_prio=120
          <idle>-0     (-----) [001] dNH6  1299.818533: sched_wakeup: comm=rcu_preempt pid=8 prio=120 success=1 target_cpu=001
          <idle>-0     (-----) [001] d..3  1299.818599: sched_switch: prev_comm=swapper/1 prev_pid=0 prev_prio=120 prev_state=R ==> next_comm=rcu_preempt next_pid=8 next_prio=120
     rcu_preempt-8     (    8) [001] d..3  1299.818695: sched_switch: prev_comm=rcu_preempt prev_pid=8 prev_prio=120 prev_state=S ==> next_comm=swapper/1 next_pid=0 next_prio=120
          <idle>-0     (-----) [001] dNs4  1299.828144: sched_wakeup: comm=rcu_preempt pid=8 prio=120 success=1 target_cpu=001
          <idle>-0     (-----) [001] d..3  1299.828204: sched_switch: prev_comm=swapper/1 prev_pid=0 prev_prio=120 prev_state=R ==> next_comm=rcu_preempt next_pid=8 next_prio=120
     rcu_preempt-8     (    8) [001] d..3  1299.828285: sched_switch: prev_comm=rcu_preempt prev_pid=8 prev_prio=120 prev_state=S ==> next_comm=swapper/1 next_pid=0 next_prio=120
          <idle>-0     (-----) [001] dNh4  1299.868545: sched_wakeup: comm=SensorService pid=714 prio=112 success=1 target_cpu=001
          <idle>-0     (-----) [001] d..3  1299.868689: sched_switch: prev_comm=swapper/1 prev_pid=0 prev_prio=120 prev_state=R ==> next_comm=SensorService next_pid=714 next_prio=112
   SensorService-714   (  668) [001] d..3  1299.868846: sched_switch: prev_comm=SensorService prev_pid=714 prev_prio=112 prev_state=S ==> next_comm=swapper/1 next_pid=0 next_prio=120
          <idle>-0     (-----) [000] dNh3  1299.868872: sched_wakeup: comm=android.ui pid=689 prio=118 success=1 target_cpu=000
          <idle>-0     (-----) [000] d..3  1299.868899: sched_switch: prev_comm=swapper/0 prev_pid=0 prev_prio=120 prev_state=R ==> next_comm=android.ui next_pid=689 next_prio=118
      android.ui-689   (  668) [000] d..3  1299.868982: sched_switch: prev_comm=android.ui prev_pid=689 prev_prio=118 prev_state=S ==> next_comm=swapper/0 next_pid=0 next_prio=120
          <idle>-0     (-----) [001] dNh4  1299.938459: sched_wakeup: comm=SensorService pid=714 prio=112 success=1 target_cpu=001
          <idle>-0     (-----) [001] d..3  1299.938500: sched_switch: prev_comm=swapper/1 prev_pid=0 prev_prio=120 prev_state=R ==> next_comm=SensorService next_pid=714 next_prio=112
   SensorService-714   (  668) [001] d..3  1299.938751: sched_switch: prev_comm=SensorService prev_pid=714 prev_prio=112 prev_state=S ==> next_comm=swapper/1 next_pid=0 next_prio=120
          <idle>-0     (-----) [000] dNh3  1299.938816: sched_wakeup: comm=android.ui pid=689 prio=118 success=1 target_cpu=000
          <idle>-0     (-----) [000] d..3  1299.938848: sched_switch: prev_comm=swapper/0 prev_pid=0 prev_prio=120 prev_state=R ==> next_comm=android.ui next_pid=689 next_prio=118
      android.ui-689   (  668) [000] d..3  1299.938961: sched_switch: prev_comm=android.ui prev_pid=689 prev_prio=118 prev_state=S ==> next_comm=swapper/0 next_pid=0 next_prio=120
          <idle>-0     (-----) [002] dNs5  1299.976041: sched_wakeup: comm=kworker/2:1 pid=52 prio=120 success=1 target_cpu=002
          <idle>-0     (-----) [002] d..3  1299.976152: sched_switch: prev_comm=swapper/2 prev_pid=0 prev_prio=120 prev_state=R ==> next_comm=kworker/2:1 next_pid=52 next_prio=120
     kworker/2:1-52    (   52) [002] d..3  1299.976204: sched_switch: prev_comm=kworker/2:1 prev_pid=52 prev_prio=120 prev_state=S ==> next_comm=swapper/2 next_pid=0 next_prio=120
          <idle>-0     (-----) [001] dNh4  1300.005614: sched_wakeup: comm=SensorService pid=714 prio=112 success=1 target_cpu=001
          <idle>-0     (-----) [001] d..3  1300.005651: sched_switch: prev_comm=swapper/1 prev_pid=0 prev_prio=120 prev_state=R ==> next_comm=SensorService next_pid=714 next_prio=112
   SensorService-714   (  668) [001] d..3  1300.005792: sched_switch: prev_comm=SensorService prev_pid=714 prev_prio=112 prev_state=S ==> next_comm=swapper/1 next_pid=0 next_prio=120
          <idle>-0     (-----) [000] dNh3  1300.005874: sched_wakeup: comm=android.ui pid=689 prio=118 success=1 target_cpu=000
          <idle>-0     (-----) [000] d..3  1300.005908: sched_switch: prev_comm=swapper/0 prev_pid=0 prev_prio=120 prev_state=R ==> next_comm=android.ui next_pid=689 next_prio=118
      android.ui-689   (  668) [000] d..3  1300.006022: sched_switch: prev_comm=android.ui prev_pid=689 prev_prio=118 prev_state=S ==> next_comm=swapper/0 next_pid=0 next_prio=120
          <idle>-0     (-----) [002] dNh4  1300.011461: sched_wakeup: comm=WifiStateMachin pid=739 prio=120 success=1 target_cpu=002
          <idle>-0     (-----) [002] d..3  1300.011500: sched_switch: prev_comm=swapper/2 prev_pid=0 prev_prio=120 prev_state=R ==> next_comm=WifiStateMachin next_pid=739 next_prio=120
 WifiStateMachin-739   (  668) [002] d..4  1300.011926: sched_wakeup: comm=wpa_supplicant pid=758 prio=120 success=1 target_cpu=002
 WifiStateMachin-739   (  668) [002] d..3  1300.011946: sched_switch: prev_comm=WifiStateMachin prev_pid=739 prev_prio=120 prev_state=S ==> next_comm=wpa_supplicant next_pid=758 next_prio=120
  wpa_supplicant-758   (  758) [002] d..4  1300.012029: sched_wakeup: comm=WifiStateMachin pid=739 prio=120 success=1 target_cpu=002
  wpa_supplicant-758   (  758) [002] d..3  1300.012052: sched_switch: prev_comm=wpa_supplicant prev_pid=758 prev_prio=120 prev_state=S ==> next_comm=WifiStateMachin next_pid=739 next_prio=120
 WifiStateMachin-739   (  668) [002] d..3  1300.012518: sched_switch: prev_comm=WifiStateMachin prev_pid=739 prev_prio=120 prev_state=S ==> next_comm=swapper/2 next_pid=0 next_prio=120
          <idle>-0     (-----) [002] dNH6  1300.016649: sched_wakeup: comm=rcu_preempt pid=8 prio=120 success=1 target_cpu=002
          <idle>-0     (-----) [002] d..3  1300.016661: sched_switch: prev_comm=swapper/2 prev_pid=0 prev_prio=120 prev_state=R ==> next_comm=rcu_preempt next_pid=8 next_prio=120
     rcu_preempt-8     (    8) [002] d..3  1300.016677: sched_switch: prev_comm=rcu_preempt prev_pid=8 prev_prio=120 prev_state=S ==> next_comm=swapper/2 next_pid=0 next_prio=120
          <idle>-0     (-----) [002] dNs4  1300.028397: sched_wakeup: comm=rcu_preempt pid=8 prio=120 success=1 target_cpu=002
          <idle>-0     (-----) [002] d..3  1300.028456: sched_switch: prev_comm=swapper/2 prev_pid=0 prev_prio=120 prev_state=R ==> next_comm=rcu_preempt next_pid=8 next_prio=120
     rcu_preempt-8     (    8) [002] d..3  1300.028534: sched_switch: prev_comm=rcu_preempt prev_pid=8 prev_prio=120 prev_state=S ==> next_comm=swapper/2 next_pid=0 next_prio=120
          <idle>-0     (-----) [001] dNh4  1300.077633: sched_wakeup: comm=SensorService pid=714 prio=112 success=1 target_cpu=001
          <idle>-0     (-----) [001] d..3  1300.078053: sched_switch: prev_comm=swapper/1 prev_pid=0 prev_prio=120 prev_state=R ==> next_comm=SensorService next_pid=714 next_prio=112
   SensorService-714   (  668) [001] d..3  1300.078368: sched_switch: prev_comm=SensorService prev_pid=714 prev_prio=112 prev_state=S ==> next_comm=swapper/1 next_pid=0 next_prio=120
          <idle>-0     (-----) [000] dNh3  1300.078475: sched_wakeup: comm=android.ui pid=689 prio=118 success=1 target_cpu=000
          <idle>-0     (-----) [000] d..3  1300.078512: sched_switch: prev_comm=swapper/0 prev_pid=0 prev_prio=120 prev_state=R ==> next_comm=android.ui next_pid=689 next_prio=118
      android.ui-689   (  668) [000] d..3  1300.078635: sched_switch: prev_comm=android.ui prev_pid=689 prev_prio=118 prev_state=S ==> next_comm=swapper/0 next_pid=0 next_prio=120
          <idle>-0     (-----) [001] dNh4  1300.145208: sched_wakeup: comm=SensorService pid=714 prio=112 success=1 target_cpu=001
          <idle>-0     (-----) [001] d..3  1300.145257: sched_switch: prev_comm=swapper/1 prev_pid=0 prev_prio=120 prev_state=R ==> next_comm=SensorService next_pid=714 next_prio=112
   SensorService-714   (  668) [001] d..3  1300.145498: sched_switch: prev_comm=SensorService prev_pid=714 prev_prio=112 prev_state=S ==> next_comm=swapper/1 next_pid=0 next_prio=120
          <idle>-0     (-----) [000] dNh3  1300.145602: sched_wakeup: comm=android.ui pid=689 prio=118 success=1 target_cpu=000
          <idle>-0     (-----) [000] d..3  1300.145647: sched_switch: prev_comm=swapper/0 prev_pid=0 prev_prio=120 prev_state=R ==> next_comm=android.ui next_pid=689 next_prio=118
      android.ui-689   (  668) [000] d..3  1300.145796: sched_switch: prev_comm=android.ui prev_pid=689 prev_prio=118 prev_state=S ==> next_comm=swapper/0 next_pid=0 next_prio=120
          <idle>-0     (-----) [001] dNh4  1300.216612: sched_wakeup: comm=SensorService pid=714 prio=112 success=1 target_cpu=001
          <idle>-0     (-----) [001] d..3  1300.216645: sched_switch: prev_comm=swapper/1 prev_pid=0 prev_prio=120 prev_state=R ==> next_comm=SensorService next_pid=714 next_prio=112
   SensorService-714   (  668) [001] d..3  1300.216774: sched_switch: prev_comm=SensorService prev_pid=714 prev_prio=112 prev_state=S ==> next_comm=swapper/1 next_pid=0 next_prio=120
          <idle>-0     (-----) [000] dNh3  1300.216802: sched_wakeup: comm=android.ui pid=689 prio=118 success=1 target_cpu=000
          <idle>-0     (-----) [000] d..3  1300.216842: sched_switch: prev_comm=swapper/0 prev_pid=0 prev_prio=120 prev_state=R ==> next_comm=android.ui next_pid=689 next_prio=118
      android.ui-689   (  668) [000] d..3  1300.217068: sched_switch: prev_comm=android.ui prev_pid=689 prev_prio=118 prev_state=S ==> next_comm=swapper/0 next_pid=0 next_prio=120
          <idle>-0     (-----) [001] dNh4  1300.284301: sched_wakeup: comm=SensorService pid=714 prio=112 success=1 target_cpu=001
          <idle>-0     (-----) [001] d..3  1300.284338: sched_switch: prev_comm=swapper/1 prev_pid=0 prev_prio=120 prev_state=R ==> next_comm=SensorService next_pid=714 next_prio=112
   SensorService-714   (  668) [001] d..3  1300.284475: sched_switch: prev_comm=SensorService prev_pid=714 prev_prio=112 prev_state=S ==> next_comm=swapper/1 next_pid=0 next_prio=120
          <idle>-0     (-----) [000] dNh3  1300.284554: sched_wakeup: comm=android.ui pid=689 prio=118 success=1 target_cpu=000
          <idle>-0     (-----) [000] d..3  1300.284588: sched_switch: prev_comm=swapper/0 prev_pid=0 prev_prio=120 prev_state=R ==> next_comm=android.ui next_pid=689 next_prio=118
      android.ui-689   (  668) [000] d..3  1300.284710: sched_switch: prev_comm=android.ui prev_pid=689 prev_prio=118 prev_state=S ==> next_comm=swapper/0 next_pid=0 next_prio=120
          <idle>-0     (-----) [003] dNh4  1300.286719: sched_wakeup: comm=local_gps pid=296 prio=120 success=1 target_cpu=003
          <idle>-0     (-----) [003] d..3  1300.286769: sched_switch: prev_comm=swapper/3 prev_pid=0 prev_prio=120 prev_state=R ==> next_comm=local_gps next_pid=296 next_prio=120
       local_gps-296   (  296) [003] d..3  1300.286802: sched_switch: prev_comm=local_gps prev_pid=296 prev_prio=120 prev_state=S ==> next_comm=swapper/3 next_pid=0 next_prio=120
          <idle>-0     (-----) [001] dNh4  1300.351890: sched_wakeup: comm=SensorService pid=714 prio=112 success=1 target_cpu=001
          <idle>-0     (-----) [001] d..3  1300.351931: sched_switch: prev_comm=swapper/1 prev_pid=0 prev_prio=120 prev_state=R ==> next_comm=SensorService next_pid=714 next_prio=112
   SensorService-714   (  668) [001] d..3  1300.352088: sched_switch: prev_comm=SensorService prev_pid=714 prev_prio=112 prev_state=S ==> next_comm=swapper/1 next_pid=0 next_prio=120
          <idle>-0     (-----) [000] dNh3  1300.352120: sched_wakeup: comm=android.ui pid=689 prio=118 success=1 target_cpu=000
          <idle>-0     (-----) [000] d..3  1300.352168: sched_switch: prev_comm=swapper/0 prev_pid=0 prev_prio=120 prev_state=R ==> next_comm=android.ui next_pid=689 next_prio=118
      android.ui-689   (  668) [000] d..3  1300.352291: sched_switch: prev_comm=android.ui prev_pid=689 prev_prio=118 prev_state=S ==> next_comm=swapper/0 next_pid=0 next_prio=120
          <idle>-0     (-----) [002] dNh4  1300.405659: sched_wakeup: comm=m.android.phone pid=1020 prio=120 success=1 target_cpu=002
          <idle>-0     (-----) [002] d..3  1300.405700: sched_switch: prev_comm=swapper/2 prev_pid=0 prev_prio=120 prev_state=R ==> next_comm=m.android.phone next_pid=1020 next_prio=120
 m.android.phone-1020  ( 1020) [002] d..4  1300.405846: sched_wakeup: comm=logd.writer pid=88 prio=130 success=1 target_cpu=002
 m.android.phone-1020  ( 1020) [002] d..3  1300.405970: sched_switch: prev_comm=m.android.phone prev_pid=1020 prev_prio=120 prev_state=S ==> next_comm=logd.writer next_pid=88 next_prio=130
          <idle>-0     (-----) [001] dNh3  1300.406073: sched_wakeup: comm=Binder_9 pid=1139 prio=120 success=1 target_cpu=001
          <idle>-0     (-----) [001] dNh3  1300.406117: sched_wakeup: comm=logd.reader.per pid=2891 prio=130 success=1 target_cpu=001
          <idle>-0     (-----) [001] d..3  1300.406123: sched_switch: prev_comm=swapper/1 prev_pid=0 prev_prio=120 prev_state=R ==> next_comm=Binder_9 next_pid=1139 next_prio=120
          <idle>-0     (-----) [003] dNh3  1300.406136: sched_wakeup: comm=logd.reader.per pid=2779 prio=130 success=1 target_cpu=003
     logd.writer-88    (   80) [002] d..3  1300.406139: sched_switch: prev_comm=logd.writer prev_pid=88 prev_prio=130 prev_state=S ==> next_comm=logd.reader.per next_pid=2891 next_prio=130
 logd.reader.per-2891  (   80) [002] d..3  1300.406161: sched_switch: prev_comm=logd.reader.per prev_pid=2891 prev_prio=130 prev_state=S ==> next_comm=swapper/2 next_pid=0 next_prio=120
          <idle>-0     (-----) [003] d..3  1300.406183: sched_switch: prev_comm=swapper/3 prev_pid=0 prev_prio=120 prev_state=R ==> next_comm=logd.reader.per next_pid=2779 next_prio=130
 logd.reader.per-2779  (   80) [003] d..3  1300.406206: sched_switch: prev_comm=logd.reader.per prev_pid=2779 prev_prio=130 prev_state=S ==> next_comm=swapper/3 next_pid=0 next_prio=120
          <idle>-0     (-----) [003] dNh3  1300.406472: sched_wakeup: comm=PowerManagerSer pid=704 prio=116 success=1 target_cpu=003
          <idle>-0     (-----) [003] d..3  1300.406513: sched_switch: prev_comm=swapper/3 prev_pid=0 prev_prio=120 prev_state=R ==> next_comm=PowerManagerSer next_pid=704 next_prio=116
        Binder_9-1139  (  668) [001] d..3  1300.406563: sched_switch: prev_comm=Binder_9 prev_pid=1139 prev_prio=120 prev_state=S ==> next_comm=swapper/1 next_pid=0 next_prio=120
          <idle>-0     (-----) [002] dNh3  1300.406596: sched_wakeup: comm=m.android.phone pid=1020 prio=120 success=1 target_cpu=002
 PowerManagerSer-704   (  668) [003] d..3  1300.406600: sched_switch: prev_comm=PowerManagerSer prev_pid=704 prev_prio=116 prev_state=S ==> next_comm=swapper/3 next_pid=0 next_prio=120
          <idle>-0     (-----) [002] d..3  1300.406672: sched_switch: prev_comm=swapper/2 prev_pid=0 prev_prio=120 prev_state=R ==> next_comm=m.android.phone next_pid=1020 next_prio=120
 m.android.phone-1020  ( 1020) [002] d..3  1300.406777: sched_switch: prev_comm=m.android.phone prev_pid=1020 prev_prio=120 prev_state=S ==> next_comm=swapper/2 next_pid=0 next_prio=120
          <idle>-0     (-----) [003] dNh3  1300.406841: sched_wakeup: comm=RILSender0 pid=1115 prio=120 success=1 target_cpu=003
          <idle>-0     (-----) [003] d..3  1300.406874: sched_switch: prev_comm=swapper/3 prev_pid=0 prev_prio=120 prev_state=R ==> next_comm=RILSender0 next_pid=1115 next_prio=120
      RILSender0-1115  ( 1020) [003] d..4  1300.407008: sched_wakeup: comm=rild pid=112 prio=120 success=1 target_cpu=003
      RILSender0-1115  ( 1020) [003] d..3  1300.407071: sched_switch: prev_comm=RILSender0 prev_pid=1115 prev_prio=120 prev_state=S ==> next_comm=rild next_pid=112 next_prio=120
            rild-112   (  101) [003] d..4  1300.407101: sched_wakeup: comm=RILReceiver0 pid=1127 prio=120 success=1 target_cpu=003
            rild-112   (  101) [003] d..3  1300.407235: sched_switch: prev_comm=rild prev_pid=112 prev_prio=120 prev_state=S ==> next_comm=RILReceiver0 next_pid=1127 next_prio=120
    RILReceiver0-1127  ( 1020) [003] d..3  1300.407256: sched_switch: prev_comm=RILReceiver0 prev_pid=1127 prev_prio=120 prev_state=S ==> next_comm=swapper/3 next_pid=0 next_prio=120
          <idle>-0     (-----) [002] dNh3  1300.407279: sched_wakeup: comm=logd.writer pid=88 prio=130 success=1 target_cpu=002
          <idle>-0     (-----) [001] dNh3  1300.407289: sched_wakeup: comm=genybaseband pid=115 prio=120 success=1 target_cpu=001
          <idle>-0     (-----) [001] d..3  1300.407299: sched_switch: prev_comm=swapper/1 prev_pid=0 prev_prio=120 prev_state=R ==> next_comm=genybaseband next_pid=115 next_prio=120
          <idle>-0     (-----) [002] d..3  1300.407309: sched_switch: prev_comm=swapper/2 prev_pid=0 prev_prio=120 prev_state=R ==> next_comm=logd.writer next_pid=88 next_prio=130
    genybaseband-115   (  108) [001] d..4  1300.407317: sched_wakeup: comm=rild pid=114 prio=120 success=1 target_cpu=001
          <idle>-0     (-----) [003] dNh3  1300.407521: sched_wakeup: comm=logd.reader.per pid=2779 prio=130 success=1 target_cpu=003
     logd.writer-88    (   80) [002] d..3  1300.407521: sched_switch: prev_comm=logd.writer prev_pid=88 prev_prio=130 prev_state=R+ ==> next_comm=rild next_pid=114 next_prio=120
    genybaseband-115   (  108) [001] d.s4  1300.407539: sched_wakeup: comm=kworker/1:1 pid=56 prio=120 success=1 target_cpu=001
            rild-114   (  101) [002] d..3  1300.407546: sched_switch: prev_comm=rild prev_pid=114 prev_prio=120 prev_state=S ==> next_comm=logd.writer next_pid=88 next_prio=130
     logd.writer-88    (   80) [002] d..4  1300.407565: sched_wakeup: comm=logd.reader.per pid=2891 prio=130 success=1 target_cpu=002
          <idle>-0     (-----) [003] d..3  1300.407570: sched_switch: prev_comm=swapper/3 prev_pid=0 prev_prio=120 prev_state=R ==> next_comm=logd.reader.per next_pid=2779 next_prio=130
 logd.reader.per-2779  (   80) [003] d..3  1300.407595: sched_switch: prev_comm=logd.reader.per prev_pid=2779 prev_prio=130 prev_state=S ==> next_comm=swapper/3 next_pid=0 next_prio=120
     logd.writer-88    (   80) [002] dNh4  1300.407679: sched_wakeup: comm=rcu_preempt pid=8 prio=120 success=1 target_cpu=002
     logd.writer-88    (   80) [002] d..3  1300.407687: sched_switch: prev_comm=logd.writer prev_pid=88 prev_prio=130 prev_state=R+ ==> next_comm=rcu_preempt next_pid=8 next_prio=120
     rcu_preempt-8     (    8) [002] d..3  1300.407702: sched_switch: prev_comm=rcu_preempt prev_pid=8 prev_prio=120 prev_state=S ==> next_comm=logd.reader.per next_pid=2891 next_prio=130
          <idle>-0     (-----) [003] dNh3  1300.407717: sched_wakeup: comm=logd.reader.per pid=2779 prio=130 success=1 target_cpu=003
 logd.reader.per-2891  (   80) [002] d..3  1300.407719: sched_switch: prev_comm=logd.reader.per prev_pid=2891 prev_prio=130 prev_state=S ==> next_comm=logd.writer next_pid=88 next_prio=130
     logd.writer-88    (   80) [002] d..4  1300.407734: sched_wakeup: comm=logd.reader.per pid=2891 prio=130 success=1 target_cpu=002
          <idle>-0     (-----) [003] d..3  1300.407762: sched_switch: prev_comm=swapper/3 prev_pid=0 prev_prio=120 prev_state=R ==> next_comm=logd.reader.per next_pid=2779 next_prio=130
     logd.writer-88    (   80) [002] d..3  1300.407764: sched_switch: prev_comm=logd.writer prev_pid=88 prev_prio=130 prev_state=S ==> next_comm=logd.reader.per next_pid=2891 next_prio=130
 logd.reader.per-2891  (   80) [002] d..3  1300.407781: sched_switch: prev_comm=logd.reader.per prev_pid=2891 prev_prio=130 prev_state=S ==> next_comm=swapper/2 next_pid=0 next_prio=120
 logd.reader.per-2779  (   80) [003] d..3  1300.407785: sched_switch: prev_comm=logd.reader.per prev_pid=2779 prev_prio=130 prev_state=S ==> next_comm=swapper/3 next_pid=0 next_prio=120
