<!DOCTYPE html>
<html>
<head i18n-values="dir:textdirection;">
<meta http-equiv="Content-Type" content="text/html; charset=utf-8">
<meta charset="utf-8"/>
<title>Android System Trace</title>
<style>
  html,
  body {
    height: 100%;
  }

  body {
    -webkit-flex-direction: column;
    display: -webkit-flex;
    margin: 0;
    padding: 0;
  }

  body > tr-ui-timeline-view {
    -webkit-flex: 1 1 auto;
    min-height: 0;
  }
  body > tr-ui-timeline-view:focus {
    outline: none;
  }
</style>

</head>
<body>
  <tr-ui-timeline-view>
    <track-view-container id='track_view_container'></track-view-container>
  </tr-ui-timeline-view>

  <script>
  'use strict';
  var timelineViewEl;

  function onLoad() {
    timelineViewEl = document.querySelector('tr-ui-timeline-view');
    timelineViewEl.globalMode = true;

    var traceDataEls = document.body.querySelectorAll('.trace-data');
    var traces = [];
    for (var i = 0; i < traceDataEls.length; i++) {
      var traceText = traceDataEls[i].textContent;
      // Remove the leading newline.
      traceText = traceText.substring(1);
      traces.push(traceText);
    }

    var m = new tr.Model();
    var i = new tr.importer.Import(m);
    var p = i.importTracesWithProgressDialog(traces);
    p.then(
      function() {
        timelineViewEl.model = m;
        timelineViewEl.updateDocumentFavicon();
        timelineViewEl.globalMode = true;
        timelineViewEl.viewTitle = 'Android System Trace';
      },
      function(err) {
        var overlay = new tr.ui.b.Overlay();
        overlay.textContent = tr.b.normalizeException(err).message;
        overlay.title = 'Import error';
        overlay.visible = true;
      });
  }
  window.addEventListener('load', onLoad);
  </script>
<!-- BEGIN TRACE -->
  <script class="trace-data" type="application/text">
# tracer: nop
#
# entries-in-buffer/entries-written: 1188/1188   #P:4
#
#                                      _-----=> irqs-off
#                                     / _----=> need-resched
#                                    | / _---=> hardirq/softirq
#                                    || / _--=> preempt-depth
#                                    ||| /     delay
#           TASK-PID    TGID   CPU#  ||||    TIMESTAMP  FUNCTION
#              | |        |      |   ||||       |         |
          atrace-2997  ( 2997) [000] d..3  1296.839413: sched_switch: prev_comm=atrace prev_pid=2997 prev_prio=120 prev_state=S ==> next_comm=swapper/0 next_pid=0 next_prio=120
          <idle>-0     (-----) [000] dNH6  1296.845457: sched_wakeup: comm=rcu_preempt pid=8 prio=120 success=1 target_cpu=000
          <idle>-0     (-----) [000] d..3  1296.845513: sched_switch: prev_comm=swapper/0 prev_pid=0 prev_prio=120 prev_state=R ==> next_comm=rcu_preempt next_pid=8 next_prio=120
     rcu_preempt-8     (    8) [000] d..3  1296.845591: sched_switch: prev_comm=rcu_preempt prev_pid=8 prev_prio=120 prev_state=S ==> next_comm=swapper/0 next_pid=0 next_prio=120
          <idle>-0     (-----) [000] dNs4  1296.857186: sched_wakeup: comm=rcu_preempt pid=8 prio=120 success=1 target_cpu=000
          <idle>-0     (-----) [000] d..3  1296.857207: sched_switch: prev_comm=swapper/0 prev_pid=0 prev_prio=120 prev_state=R ==> next_comm=rcu_preempt next_pid=8 next_prio=120
     rcu_preempt-8     (    8) [000] d..3  1296.857236: sched_switch: prev_comm=rcu_preempt prev_pid=8 prev_prio=120 prev_state=S ==> next_comm=swapper/0 next_pid=0 next_prio=120
          <idle>-0     (-----) [001] dNh4  1296.880795: sched_wakeup: comm=SensorService pid=714 prio=112 success=1 target_cpu=001
          <idle>-0     (-----) [001] d..3  1296.882069: sched_switch: prev_comm=swapper/1 prev_pid=0 prev_prio=120 prev_state=R ==> next_comm=SensorService next_pid=714 next_prio=112
   SensorService-714   (  668) [001] d..3  1296.882439: sched_switch: prev_comm=SensorService prev_pid=714 prev_prio=112 prev_state=S ==> next_comm=swapper/1 next_pid=0 next_prio=120
          <idle>-0     (-----) [000] dNh3  1296.882514: sched_wakeup: comm=android.ui pid=689 prio=118 success=1 target_cpu=000
          <idle>-0     (-----) [000] d..3  1296.882546: sched_switch: prev_comm=swapper/0 prev_pid=0 prev_prio=120 prev_state=R ==> next_comm=android.ui next_pid=689 next_prio=118
      android.ui-689   (  668) [000] d..3  1296.882641: sched_switch: prev_comm=android.ui prev_pid=689 prev_prio=118 prev_state=S ==> next_comm=swapper/0 next_pid=0 next_prio=120
          <idle>-0     (-----) [001] dNh4  1296.949377: sched_wakeup: comm=SensorService pid=714 prio=112 success=1 target_cpu=001
          <idle>-0     (-----) [001] d..3  1296.949410: sched_switch: prev_comm=swapper/1 prev_pid=0 prev_prio=120 prev_state=R ==> next_comm=SensorService next_pid=714 next_prio=112
   SensorService-714   (  668) [001] d..3  1296.949529: sched_switch: prev_comm=SensorService prev_pid=714 prev_prio=112 prev_state=S ==> next_comm=swapper/1 next_pid=0 next_prio=120
          <idle>-0     (-----) [000] dNh3  1296.949598: sched_wakeup: comm=android.ui pid=689 prio=118 success=1 target_cpu=000
          <idle>-0     (-----) [000] d..3  1296.949626: sched_switch: prev_comm=swapper/0 prev_pid=0 prev_prio=120 prev_state=R ==> next_comm=android.ui next_pid=689 next_prio=118
      android.ui-689   (  668) [000] d..3  1296.949733: sched_switch: prev_comm=android.ui prev_pid=689 prev_prio=118 prev_state=S ==> next_comm=swapper/0 next_pid=0 next_prio=120
          <idle>-0     (-----) [002] dNh4  1297.005289: sched_wakeup: comm=WifiStateMachin pid=739 prio=120 success=1 target_cpu=002
          <idle>-0     (-----) [002] d..3  1297.005342: sched_switch: prev_comm=swapper/2 prev_pid=0 prev_prio=120 prev_state=R ==> next_comm=WifiStateMachin next_pid=739 next_prio=120
 WifiStateMachin-739   (  668) [002] d..4  1297.006005: sched_wakeup: comm=wpa_supplicant pid=758 prio=120 success=1 target_cpu=002
 WifiStateMachin-739   (  668) [002] d..3  1297.006032: sched_switch: prev_comm=WifiStateMachin prev_pid=739 prev_prio=120 prev_state=S ==> next_comm=wpa_supplicant next_pid=758 next_prio=120
  wpa_supplicant-758   (  758) [002] d..4  1297.006139: sched_wakeup: comm=WifiStateMachin pid=739 prio=120 success=1 target_cpu=002
  wpa_supplicant-758   (  758) [002] d..3  1297.006169: sched_switch: prev_comm=wpa_supplicant prev_pid=758 prev_prio=120 prev_state=S ==> next_comm=WifiStateMachin next_pid=739 next_prio=120
 WifiStateMachin-739   (  668) [002] d..3  1297.007057: sched_switch: prev_comm=WifiStateMachin prev_pid=739 prev_prio=120 prev_state=S ==> next_comm=swapper/2 next_pid=0 next_prio=120
          <idle>-0     (-----) [002] dNH6  1297.009558: sched_wakeup: comm=rcu_preempt pid=8 prio=120 success=1 target_cpu=002
          <idle>-0     (-----) [002] d..3  1297.009571: sched_switch: prev_comm=swapper/2 prev_pid=0 prev_prio=120 prev_state=R ==> next_comm=rcu_preempt next_pid=8 next_prio=120
     rcu_preempt-8     (    8) [002] d..3  1297.009586: sched_switch: prev_comm=rcu_preempt prev_pid=8 prev_prio=120 prev_state=S ==> next_comm=swapper/2 next_pid=0 next_prio=120
          <idle>-0     (-----) [002] dNs5  1297.012647: sched_wakeup: comm=kworker/2:1 pid=52 prio=120 success=1 target_cpu=002
          <idle>-0     (-----) [002] d..3  1297.012659: sched_switch: prev_comm=swapper/2 prev_pid=0 prev_prio=120 prev_state=R ==> next_comm=kworker/2:1 next_pid=52 next_prio=120
     kworker/2:1-52    (   52) [002] d..3  1297.012675: sched_switch: prev_comm=kworker/2:1 prev_pid=52 prev_prio=120 prev_state=S ==> next_comm=swapper/2 next_pid=0 next_prio=120
          <idle>-0     (-----) [001] dNh4  1297.016416: sched_wakeup: comm=SensorService pid=714 prio=112 success=1 target_cpu=001
          <idle>-0     (-----) [001] d..3  1297.016461: sched_switch: prev_comm=swapper/1 prev_pid=0 prev_prio=120 prev_state=R ==> next_comm=SensorService next_pid=714 next_prio=112
   SensorService-714   (  668) [001] d..3  1297.016661: sched_switch: prev_comm=SensorService prev_pid=714 prev_prio=112 prev_state=S ==> next_comm=swapper/1 next_pid=0 next_prio=120
          <idle>-0     (-----) [000] dNh3  1297.016737: sched_wakeup: comm=android.ui pid=689 prio=118 success=1 target_cpu=000
          <idle>-0     (-----) [000] d..3  1297.016760: sched_switch: prev_comm=swapper/0 prev_pid=0 prev_prio=120 prev_state=R ==> next_comm=android.ui next_pid=689 next_prio=118
      android.ui-689   (  668) [000] d..3  1297.016876: sched_switch: prev_comm=android.ui prev_pid=689 prev_prio=118 prev_state=S ==> next_comm=swapper/0 next_pid=0 next_prio=120
          <idle>-0     (-----) [002] dNs4  1297.022472: sched_wakeup: comm=rcu_preempt pid=8 prio=120 success=1 target_cpu=002
          <idle>-0     (-----) [002] d..3  1297.022509: sched_switch: prev_comm=swapper/2 prev_pid=0 prev_prio=120 prev_state=R ==> next_comm=rcu_preempt next_pid=8 next_prio=120
     rcu_preempt-8     (    8) [002] d..3  1297.022557: sched_switch: prev_comm=rcu_preempt prev_pid=8 prev_prio=120 prev_state=S ==> next_comm=swapper/2 next_pid=0 next_prio=120
          <idle>-0     (-----) [001] dNh4  1297.086500: sched_wakeup: comm=SensorService pid=714 prio=112 success=1 target_cpu=001
          <idle>-0     (-----) [001] d..3  1297.086564: sched_switch: prev_comm=swapper/1 prev_pid=0 prev_prio=120 prev_state=R ==> next_comm=SensorService next_pid=714 next_prio=112
   SensorService-714   (  668) [001] d..3  1297.086725: sched_switch: prev_comm=SensorService prev_pid=714 prev_prio=112 prev_state=S ==> next_comm=swapper/1 next_pid=0 next_prio=120
          <idle>-0     (-----) [000] dNh3  1297.086758: sched_wakeup: comm=android.ui pid=689 prio=118 success=1 target_cpu=000
          <idle>-0     (-----) [000] d..3  1297.086792: sched_switch: prev_comm=swapper/0 prev_pid=0 prev_prio=120 prev_state=R ==> next_comm=android.ui next_pid=689 next_prio=118
      android.ui-689   (  668) [000] d..3  1297.086916: sched_switch: prev_comm=android.ui prev_pid=689 prev_prio=118 prev_state=S ==> next_comm=swapper/0 next_pid=0 next_prio=120
          <idle>-0     (-----) [001] dNh4  1297.153997: sched_wakeup: comm=SensorService pid=714 prio=112 success=1 target_cpu=001
          <idle>-0     (-----) [001] d..3  1297.154063: sched_switch: prev_comm=swapper/1 prev_pid=0 prev_prio=120 prev_state=R ==> next_comm=SensorService next_pid=714 next_prio=112
   SensorService-714   (  668) [001] d..3  1297.154264: sched_switch: prev_comm=SensorService prev_pid=714 prev_prio=112 prev_state=S ==> next_comm=swapper/1 next_pid=0 next_prio=120
          <idle>-0     (-----) [000] dNh3  1297.154316: sched_wakeup: comm=android.ui pid=689 prio=118 success=1 target_cpu=000
          <idle>-0     (-----) [000] d..3  1297.154363: sched_switch: prev_comm=swapper/0 prev_pid=0 prev_prio=120 prev_state=R ==> next_comm=android.ui next_pid=689 next_prio=118
      android.ui-689   (  668) [000] d..3  1297.154516: sched_switch: prev_comm=android.ui prev_pid=689 prev_prio=118 prev_state=S ==> next_comm=swapper/0 next_pid=0 next_prio=120
          <idle>-0     (-----) [001] dNh4  1297.226924: sched_wakeup: comm=SensorService pid=714 prio=112 success=1 target_cpu=001
          <idle>-0     (-----) [001] d..3  1297.226989: sched_switch: prev_comm=swapper/1 prev_pid=0 prev_prio=120 prev_state=R ==> next_comm=SensorService next_pid=714 next_prio=112
   SensorService-714   (  668) [001] d..3  1297.227172: sched_switch: prev_comm=SensorService prev_pid=714 prev_prio=112 prev_state=S ==> next_comm=swapper/1 next_pid=0 next_prio=120
          <idle>-0     (-----) [000] dNh3  1297.227274: sched_wakeup: comm=android.ui pid=689 prio=118 success=1 target_cpu=000
          <idle>-0     (-----) [000] d..3  1297.227308: sched_switch: prev_comm=swapper/0 prev_pid=0 prev_prio=120 prev_state=R ==> next_comm=android.ui next_pid=689 next_prio=118
      android.ui-689   (  668) [000] d..3  1297.227509: sched_switch: prev_comm=android.ui prev_pid=689 prev_prio=118 prev_state=S ==> next_comm=swapper/0 next_pid=0 next_prio=120
          <idle>-0     (-----) [003] dNh4  1297.283607: sched_wakeup: comm=local_gps pid=296 prio=120 success=1 target_cpu=003
          <idle>-0     (-----) [003] d..3  1297.283649: sched_switch: prev_comm=swapper/3 prev_pid=0 prev_prio=120 prev_state=R ==> next_comm=local_gps next_pid=296 next_prio=120
       local_gps-296   (  296) [003] d..3  1297.283682: sched_switch: prev_comm=local_gps prev_pid=296 prev_prio=120 prev_state=S ==> next_comm=swapper/3 next_pid=0 next_prio=120
          <idle>-0     (-----) [001] dNh4  1297.294522: sched_wakeup: comm=SensorService pid=714 prio=112 success=1 target_cpu=001
          <idle>-0     (-----) [001] d..3  1297.294572: sched_switch: prev_comm=swapper/1 prev_pid=0 prev_prio=120 prev_state=R ==> next_comm=SensorService next_pid=714 next_prio=112
   SensorService-714   (  668) [001] d..3  1297.294716: sched_switch: prev_comm=SensorService prev_pid=714 prev_prio=112 prev_state=S ==> next_comm=swapper/1 next_pid=0 next_prio=120
          <idle>-0     (-----) [000] dNh3  1297.294801: sched_wakeup: comm=android.ui pid=689 prio=118 success=1 target_cpu=000
          <idle>-0     (-----) [000] d..3  1297.294827: sched_switch: prev_comm=swapper/0 prev_pid=0 prev_prio=120 prev_state=R ==> next_comm=android.ui next_pid=689 next_prio=118
      android.ui-689   (  668) [000] d..3  1297.294940: sched_switch: prev_comm=android.ui prev_pid=689 prev_prio=118 prev_state=S ==> next_comm=swapper/0 next_pid=0 next_prio=120
          <idle>-0     (-----) [001] dNh4  1297.367174: sched_wakeup: comm=SensorService pid=714 prio=112 success=1 target_cpu=001
          <idle>-0     (-----) [001] d..3  1297.367238: sched_switch: prev_comm=swapper/1 prev_pid=0 prev_prio=120 prev_state=R ==> next_comm=SensorService next_pid=714 next_prio=112
   SensorService-714   (  668) [001] d..3  1297.367420: sched_switch: prev_comm=SensorService prev_pid=714 prev_prio=112 prev_state=S ==> next_comm=swapper/1 next_pid=0 next_prio=120
          <idle>-0     (-----) [000] dNh3  1297.367523: sched_wakeup: comm=android.ui pid=689 prio=118 success=1 target_cpu=000
          <idle>-0     (-----) [000] d..3  1297.367557: sched_switch: prev_comm=swapper/0 prev_pid=0 prev_prio=120 prev_state=R ==> next_comm=android.ui next_pid=689 next_prio=118
      android.ui-689   (  668) [000] d..3  1297.367709: sched_switch: prev_comm=android.ui prev_pid=689 prev_prio=118 prev_state=S ==> next_comm=swapper/0 next_pid=0 next_prio=120
          <idle>-0     (-----) [001] dNh4  1297.437202: sched_wakeup: comm=SensorService pid=714 prio=112 success=1 target_cpu=001
          <idle>-0     (-----) [001] d..3  1297.437242: sched_switch: prev_comm=swapper/1 prev_pid=0 prev_prio=120 prev_state=R ==> next_comm=SensorService next_pid=714 next_prio=112
   SensorService-714   (  668) [001] d..3  1297.437360: sched_switch: prev_comm=SensorService prev_pid=714 prev_prio=112 prev_state=S ==> next_comm=swapper/1 next_pid=0 next_prio=120
          <idle>-0     (-----) [000] dNh3  1297.437432: sched_wakeup: comm=android.ui pid=689 prio=118 success=1 target_cpu=000
          <idle>-0     (-----) [000] d..3  1297.437450: sched_switch: prev_comm=swapper/0 prev_pid=0 prev_prio=120 prev_state=R ==> next_comm=android.ui next_pid=689 next_prio=118
      android.ui-689   (  668) [000] d..3  1297.437540: sched_switch: prev_comm=android.ui prev_pid=689 prev_prio=118 prev_state=S ==> next_comm=swapper/0 next_pid=0 next_prio=120
          <idle>-0     (-----) [001] dNs5  1297.476992: sched_wakeup: comm=kworker/1:1 pid=56 prio=120 success=1 target_cpu=001
          <idle>-0     (-----) [001] d..3  1297.477098: sched_switch: prev_comm=swapper/1 prev_pid=0 prev_prio=120 prev_state=R ==> next_comm=kworker/1:1 next_pid=56 next_prio=120
     kworker/1:1-56    (   56) [001] d..3  1297.477122: sched_switch: prev_comm=kworker/1:1 prev_pid=56 prev_prio=120 prev_state=S ==> next_comm=swapper/1 next_pid=0 next_prio=120
          <idle>-0     (-----) [001] dNh4  1297.504108: sched_wakeup: comm=SensorService pid=714 prio=112 success=1 target_cpu=001
          <idle>-0     (-----) [001] d..3  1297.504160: sched_switch: prev_comm=swapper/1 prev_pid=0 prev_prio=120 prev_state=R ==> next_comm=SensorService next_pid=714 next_prio=112
   SensorService-714   (  668) [001] d..3  1297.504339: sched_switch: prev_comm=SensorService prev_pid=714 prev_prio=112 prev_state=S ==> next_comm=swapper/1 next_pid=0 next_prio=120
          <idle>-0     (-----) [000] dNh3  1297.504443: sched_wakeup: comm=android.ui pid=689 prio=118 success=1 target_cpu=000
          <idle>-0     (-----) [000] d..3  1297.504468: sched_switch: prev_comm=swapper/0 prev_pid=0 prev_prio=120 prev_state=R ==> next_comm=android.ui next_pid=689 next_prio=118
      android.ui-689   (  668) [000] d..3  1297.504582: sched_switch: prev_comm=android.ui prev_pid=689 prev_prio=118 prev_state=S ==> next_comm=swapper/0 next_pid=0 next_prio=120
          <idle>-0     (-----) [001] dNh4  1297.572466: sched_wakeup: comm=SensorService pid=714 prio=112 success=1 target_cpu=001
          <idle>-0     (-----) [001] d..3  1297.572540: sched_switch: prev_comm=swapper/1 prev_pid=0 prev_prio=120 prev_state=R ==> next_comm=SensorService next_pid=714 next_prio=112
   SensorService-714   (  668) [001] d..3  1297.572826: sched_switch: prev_comm=SensorService prev_pid=714 prev_prio=112 prev_state=S ==> next_comm=swapper/1 next_pid=0 next_prio=120
          <idle>-0     (-----) [000] dNh3  1297.572872: sched_wakeup: comm=android.ui pid=689 prio=118 success=1 target_cpu=000
          <idle>-0     (-----) [000] d..3  1297.572919: sched_switch: prev_comm=swapper/0 prev_pid=0 prev_prio=120 prev_state=R ==> next_comm=android.ui next_pid=689 next_prio=118
      android.ui-689   (  668) [000] d..3  1297.573143: sched_switch: prev_comm=android.ui prev_pid=689 prev_prio=118 prev_state=S ==> next_comm=swapper/0 next_pid=0 next_prio=120
          <idle>-0     (-----) [001] dNh4  1297.644369: sched_wakeup: comm=SensorService pid=714 prio=112 success=1 target_cpu=001
          <idle>-0     (-----) [001] d..3  1297.644421: sched_switch: prev_comm=swapper/1 prev_pid=0 prev_prio=120 prev_state=R ==> next_comm=SensorService next_pid=714 next_prio=112
   SensorService-714   (  668) [001] d..3  1297.644603: sched_switch: prev_comm=SensorService prev_pid=714 prev_prio=112 prev_state=S ==> next_comm=swapper/1 next_pid=0 next_prio=120
          <idle>-0     (-----) [000] dNh3  1297.644731: sched_wakeup: comm=android.ui pid=689 prio=118 success=1 target_cpu=000
          <idle>-0     (-----) [000] d..3  1297.644780: sched_switch: prev_comm=swapper/0 prev_pid=0 prev_prio=120 prev_state=R ==> next_comm=android.ui next_pid=689 next_prio=118
      android.ui-689   (  668) [000] d..3  1297.645027: sched_switch: prev_comm=android.ui prev_pid=689 prev_prio=118 prev_state=S ==> next_comm=swapper/0 next_pid=0 next_prio=120
          <idle>-0     (-----) [001] dNh4  1297.717438: sched_wakeup: comm=SensorService pid=714 prio=112 success=1 target_cpu=001
          <idle>-0     (-----) [001] d..3  1297.717491: sched_switch: prev_comm=swapper/1 prev_pid=0 prev_prio=120 prev_state=R ==> next_comm=SensorService next_pid=714 next_prio=112
   SensorService-714   (  668) [001] d..3  1297.717674: sched_switch: prev_comm=SensorService prev_pid=714 prev_prio=112 prev_state=S ==> next_comm=swapper/1 next_pid=0 next_prio=120
          <idle>-0     (-----) [000] dNh3  1297.717784: sched_wakeup: comm=android.ui pid=689 prio=118 success=1 target_cpu=000
          <idle>-0     (-----) [000] d..3  1297.717837: sched_switch: prev_comm=swapper/0 prev_pid=0 prev_prio=120 prev_state=R ==> next_comm=android.ui next_pid=689 next_prio=118
      android.ui-689   (  668) [000] d..3  1297.718088: sched_switch: prev_comm=android.ui prev_pid=689 prev_prio=118 prev_state=S ==> next_comm=swapper/0 next_pid=0 next_prio=120
          <idle>-0     (-----) [001] dNh4  1297.787001: sched_wakeup: comm=SensorService pid=714 prio=112 success=1 target_cpu=001
          <idle>-0     (-----) [001] d..3  1297.787032: sched_switch: prev_comm=swapper/1 prev_pid=0 prev_prio=120 prev_state=R ==> next_comm=SensorService next_pid=714 next_prio=112
   SensorService-714   (  668) [001] d..3  1297.787150: sched_switch: prev_comm=SensorService prev_pid=714 prev_prio=112 prev_state=S ==> next_comm=swapper/1 next_pid=0 next_prio=120
          <idle>-0     (-----) [000] dNh3  1297.787217: sched_wakeup: comm=android.ui pid=689 prio=118 success=1 target_cpu=000
          <idle>-0     (-----) [000] d..3  1297.787238: sched_switch: prev_comm=swapper/0 prev_pid=0 prev_prio=120 prev_state=R ==> next_comm=android.ui next_pid=689 next_prio=118
      android.ui-689   (  668) [000] d..3  1297.787339: sched_switch: prev_comm=android.ui prev_pid=689 prev_prio=118 prev_state=S ==> next_comm=swapper/0 next_pid=0 next_prio=120
          <idle>-0     (-----) [001] dNh4  1297.810362: sched_wakeup: comm=system_server pid=668 prio=118 success=1 target_cpu=001
          <idle>-0     (-----) [001] d..3  1297.810414: sched_switch: prev_comm=swapper/1 prev_pid=0 prev_prio=120 prev_state=R ==> next_comm=system_server next_pid=668 next_prio=118
   system_server-668   (  668) [001] d..3  1297.810766: sched_switch: prev_comm=system_server prev_pid=668 prev_prio=118 prev_state=S ==> next_comm=swapper/1 next_pid=0 next_prio=120
          <idle>-0     (-----) [001] dNH6  1297.816817: sched_wakeup: comm=rcu_preempt pid=8 prio=120 success=1 target_cpu=001
          <idle>-0     (-----) [001] d..3  1297.816848: sched_switch: prev_comm=swapper/1 prev_pid=0 prev_prio=120 prev_state=R ==> next_comm=rcu_preempt next_pid=8 next_prio=120
     rcu_preempt-8     (    8) [001] d..3  1297.816888: sched_switch: prev_comm=rcu_preempt prev_pid=8 prev_prio=120 prev_state=S ==> next_comm=swapper/1 next_pid=0 next_prio=120
          <idle>-0     (-----) [001] dNs4  1297.826845: sched_wakeup: comm=rcu_preempt pid=8 prio=120 success=1 target_cpu=001
          <idle>-0     (-----) [001] d..3  1297.826925: sched_switch: prev_comm=swapper/1 prev_pid=0 prev_prio=120 prev_state=R ==> next_comm=rcu_preempt next_pid=8 next_prio=120
     rcu_preempt-8     (    8) [001] d..3  1297.827032: sched_switch: prev_comm=rcu_preempt prev_pid=8 prev_prio=120 prev_state=S ==> next_comm=swapper/1 next_pid=0 next_prio=120
          <idle>-0     (-----) [001] dNh4  1297.854120: sched_wakeup: comm=SensorService pid=714 prio=112 success=1 target_cpu=001
          <idle>-0     (-----) [001] d..3  1297.854184: sched_switch: prev_comm=swapper/1 prev_pid=0 prev_prio=120 prev_state=R ==> next_comm=SensorService next_pid=714 next_prio=112
   SensorService-714   (  668) [001] d..3  1297.854367: sched_switch: prev_comm=SensorService prev_pid=714 prev_prio=112 prev_state=S ==> next_comm=swapper/1 next_pid=0 next_prio=120
          <idle>-0     (-----) [000] dNh3  1297.854468: sched_wakeup: comm=android.ui pid=689 prio=118 success=1 target_cpu=000
          <idle>-0     (-----) [000] d..3  1297.854501: sched_switch: prev_comm=swapper/0 prev_pid=0 prev_prio=120 prev_state=R ==> next_comm=android.ui next_pid=689 next_prio=118
      android.ui-689   (  668) [000] d..3  1297.854653: sched_switch: prev_comm=android.ui prev_pid=689 prev_prio=118 prev_state=S ==> next_comm=swapper/0 next_pid=0 next_prio=120
          <idle>-0     (-----) [001] dNh4  1297.921633: sched_wakeup: comm=SensorService pid=714 prio=112 success=1 target_cpu=001
          <idle>-0     (-----) [001] d..3  1297.921725: sched_switch: prev_comm=swapper/1 prev_pid=0 prev_prio=120 prev_state=R ==> next_comm=SensorService next_pid=714 next_prio=112
   SensorService-714   (  668) [001] d..3  1297.921862: sched_switch: prev_comm=SensorService prev_pid=714 prev_prio=112 prev_state=S ==> next_comm=swapper/1 next_pid=0 next_prio=120
          <idle>-0     (-----) [000] dNh3  1297.921892: sched_wakeup: comm=android.ui pid=689 prio=118 success=1 target_cpu=000
          <idle>-0     (-----) [000] d..3  1297.921920: sched_switch: prev_comm=swapper/0 prev_pid=0 prev_prio=120 prev_state=R ==> next_comm=android.ui next_pid=689 next_prio=118
      android.ui-689   (  668) [000] d..3  1297.922023: sched_switch: prev_comm=android.ui prev_pid=689 prev_prio=118 prev_state=S ==> next_comm=swapper/0 next_pid=0 next_prio=120
          <idle>-0     (-----) [000] dNs6  1297.928505: sched_wakeup: comm=adbd pid=2772 prio=120 success=1 target_cpu=000
          <idle>-0     (-----) [000] d..3  1297.928555: sched_switch: prev_comm=swapper/0 prev_pid=0 prev_prio=120 prev_state=R ==> next_comm=adbd next_pid=2772 next_prio=120
            adbd-2772  (  122) [000] d..4  1297.928653: sched_wakeup: comm=adbd pid=122 prio=120 success=1 target_cpu=000
            adbd-2772  (  122) [000] d..3  1297.928682: sched_switch: prev_comm=adbd prev_pid=2772 prev_prio=120 prev_state=S ==> next_comm=adbd next_pid=122 next_prio=120
            adbd-122   (  122) [000] d..4  1297.928736: sched_wakeup: comm=adbd pid=2771 prio=120 success=1 target_cpu=000
            adbd-122   (  122) [000] d..4  1297.928779: sched_wakeup: comm=kworker/0:1 pid=2892 prio=120 success=1 target_cpu=000
          <idle>-0     (-----) [001] d..3  1297.928992: sched_switch: prev_comm=swapper/1 prev_pid=0 prev_prio=120 prev_state=R ==> next_comm=adbd next_pid=2999 next_prio=120
              ls-2999  ( 2999) [001] dN.4  1297.930405: sched_wakeup: comm=migration/1 pid=11 prio=0 success=1 target_cpu=001
              ls-2999  ( 2999) [001] dNH6  1297.930984: sched_wakeup: comm=rcu_preempt pid=8 prio=120 success=1 target_cpu=001
              ls-2999  ( 2999) [001] d..3  1297.930999: sched_switch: prev_comm=adbd prev_pid=2999 prev_prio=120 prev_state=R+ ==> next_comm=migration/1 next_pid=11 next_prio=0
     migration/1-11    (   11) [001] d..3  1297.931027: sched_switch: prev_comm=migration/1 prev_pid=11 prev_prio=0 prev_state=S ==> next_comm=rcu_preempt next_pid=8 next_prio=120
          <idle>-0     (-----) [002] d..3  1297.931033: sched_switch: prev_comm=swapper/2 prev_pid=0 prev_prio=120 prev_state=R ==> next_comm=adbd next_pid=2999 next_prio=120
     rcu_preempt-8     (    8) [001] d..3  1297.931051: sched_switch: prev_comm=rcu_preempt prev_pid=8 prev_prio=120 prev_state=S ==> next_comm=adbd next_pid=2771 next_prio=120
            adbd-2771  (  122) [001] d..3  1297.931067: sched_switch: prev_comm=adbd prev_pid=2771 prev_prio=120 prev_state=S ==> next_comm=adbd next_pid=3000 next_prio=120
            adbd-122   (  122) [000] d..3  1297.931100: sched_switch: prev_comm=adbd prev_pid=122 prev_prio=120 prev_state=D ==> next_comm=kworker/0:1 next_pid=2892 next_prio=120
     kworker/0:1-2892  ( 2892) [000] d..3  1297.931113: sched_switch: prev_comm=kworker/0:1 prev_pid=2892 prev_prio=120 prev_state=S ==> next_comm=swapper/0 next_pid=0 next_prio=120
            adbd-3000  (  122) [001] dNh3  1297.931132: sched_wakeup: comm=adbd pid=2771 prio=120 success=1 target_cpu=001
            adbd-3000  (  122) [001] d..3  1297.931198: sched_switch: prev_comm=adbd prev_pid=3000 prev_prio=120 prev_state=R+ ==> next_comm=adbd next_pid=2771 next_prio=120
            adbd-2771  (  122) [001] d..3  1297.931208: sched_switch: prev_comm=adbd prev_pid=2771 prev_prio=120 prev_state=D ==> next_comm=adbd next_pid=3000 next_prio=120
            adbd-3000  (  122) [001] dN.4  1297.931236: sched_wakeup: comm=adbd pid=2771 prio=120 success=1 target_cpu=001
            adbd-3000  (  122) [001] d..3  1297.931240: sched_switch: prev_comm=adbd prev_pid=3000 prev_prio=120 prev_state=R+ ==> next_comm=adbd next_pid=2771 next_prio=120
          <idle>-0     (-----) [000] dNh3  1297.931276: sched_wakeup: comm=adbd pid=122 prio=120 success=1 target_cpu=000
          <idle>-0     (-----) [000] d..3  1297.931306: sched_switch: prev_comm=swapper/0 prev_pid=0 prev_prio=120 prev_state=R ==> next_comm=adbd next_pid=122 next_prio=120
            adbd-122   (  122) [000] d..3  1297.931411: sched_switch: prev_comm=adbd prev_pid=122 prev_prio=120 prev_state=S ==> next_comm=swapper/0 next_pid=0 next_prio=120
            adbd-2771  (  122) [001] d..3  1297.931440: sched_switch: prev_comm=adbd prev_pid=2771 prev_prio=120 prev_state=S ==> next_comm=adbd next_pid=3000 next_prio=120
            adbd-3000  (  122) [001] d..3  1297.931460: sched_switch: prev_comm=adbd prev_pid=3000 prev_prio=120 prev_state=S ==> next_comm=swapper/1 next_pid=0 next_prio=120
              ls-2999  ( 2999) [002] dN.4  1297.934215: sched_wakeup: comm=migration/2 pid=15 prio=0 success=1 target_cpu=002
              ls-2999  ( 2999) [002] d..3  1297.934221: sched_switch: prev_comm=sh prev_pid=2999 prev_prio=120 prev_state=R+ ==> next_comm=migration/2 next_pid=15 next_prio=0
     migration/2-15    (   15) [002] d..3  1297.934270: sched_switch: prev_comm=migration/2 prev_pid=15 prev_prio=0 prev_state=S ==> next_comm=swapper/2 next_pid=0 next_prio=120
          <idle>-0     (-----) [003] d..3  1297.934340: sched_switch: prev_comm=swapper/3 prev_pid=0 prev_prio=120 prev_state=R ==> next_comm=sh next_pid=2999 next_prio=120
              ls-2999  ( 2999) [003] dN.4  1297.936978: sched_wakeup: comm=kworker/3:1 pid=60 prio=120 success=1 target_cpu=003
              ls-2999  ( 2999) [003] dN.4  1297.936982: sched_wakeup: comm=ls pid=2999 prio=120 success=1 target_cpu=003
              ls-2999  ( 2999) [003] d..3  1297.936985: sched_switch: prev_comm=ls prev_pid=2999 prev_prio=120 prev_state=R+ ==> next_comm=kworker/3:1 next_pid=60 next_prio=120
     kworker/3:1-60    (   60) [003] d..3  1297.937024: sched_switch: prev_comm=kworker/3:1 prev_pid=60 prev_prio=120 prev_state=S ==> next_comm=ls next_pid=2999 next_prio=120
              ls-2999  ( 2999) [003] dN.4  1297.937030: sched_wakeup: comm=kworker/3:1 pid=60 prio=120 success=1 target_cpu=003
              ls-2999  ( 2999) [003] d..3  1297.937032: sched_switch: prev_comm=ls prev_pid=2999 prev_prio=120 prev_state=R+ ==> next_comm=kworker/3:1 next_pid=60 next_prio=120
     kworker/3:1-60    (   60) [003] d..3  1297.937036: sched_switch: prev_comm=kworker/3:1 prev_pid=60 prev_prio=120 prev_state=S ==> next_comm=ls next_pid=2999 next_prio=120
              ls-2999  ( 2999) [003] dN.4  1297.937058: sched_wakeup: comm=kworker/3:1 pid=60 prio=120 success=1 target_cpu=003
              ls-2999  ( 2999) [003] dN.4  1297.937061: sched_wakeup: comm=ls pid=2999 prio=120 success=1 target_cpu=003
              ls-2999  ( 2999) [003] d..3  1297.937063: sched_switch: prev_comm=ls prev_pid=2999 prev_prio=120 prev_state=R+ ==> next_comm=kworker/3:1 next_pid=60 next_prio=120
     kworker/3:1-60    (   60) [003] d..3  1297.937068: sched_switch: prev_comm=kworker/3:1 prev_pid=60 prev_prio=120 prev_state=S ==> next_comm=ls next_pid=2999 next_prio=120
              ls-2999  ( 2999) [003] dN.4  1297.937072: sched_wakeup: comm=kworker/3:1 pid=60 prio=120 success=1 target_cpu=003
              ls-2999  ( 2999) [003] d..3  1297.937074: sched_switch: prev_comm=ls prev_pid=2999 prev_prio=120 prev_state=R+ ==> next_comm=kworker/3:1 next_pid=60 next_prio=120
     kworker/3:1-60    (   60) [003] d..3  1297.937078: sched_switch: prev_comm=kworker/3:1 prev_pid=60 prev_prio=120 prev_state=S ==> next_comm=ls next_pid=2999 next_prio=120
          <idle>-0     (-----) [000] dNh3  1297.937086: sched_wakeup: comm=adbd pid=122 prio=120 success=1 target_cpu=000
              ls-2999  ( 2999) [003] dN.4  1297.937101: sched_wakeup: comm=kworker/3:1 pid=60 prio=120 success=1 target_cpu=003
              ls-2999  ( 2999) [003] dN.4  1297.937103: sched_wakeup: comm=ls pid=2999 prio=120 success=1 target_cpu=003
              ls-2999  ( 2999) [003] d..3  1297.937105: sched_switch: prev_comm=ls prev_pid=2999 prev_prio=120 prev_state=R+ ==> next_comm=kworker/3:1 next_pid=60 next_prio=120
     kworker/3:1-60    (   60) [003] d..3  1297.937110: sched_switch: prev_comm=kworker/3:1 prev_pid=60 prev_prio=120 prev_state=S ==> next_comm=ls next_pid=2999 next_prio=120
          <idle>-0     (-----) [000] d..3  1297.937110: sched_switch: prev_comm=swapper/0 prev_pid=0 prev_prio=120 prev_state=R ==> next_comm=adbd next_pid=122 next_prio=120
              ls-2999  ( 2999) [003] dN.4  1297.937115: sched_wakeup: comm=kworker/3:1 pid=60 prio=120 success=1 target_cpu=003
              ls-2999  ( 2999) [003] d..3  1297.937117: sched_switch: prev_comm=ls prev_pid=2999 prev_prio=120 prev_state=R+ ==> next_comm=kworker/3:1 next_pid=60 next_prio=120
     kworker/3:1-60    (   60) [003] d..3  1297.937121: sched_switch: prev_comm=kworker/3:1 prev_pid=60 prev_prio=120 prev_state=S ==> next_comm=ls next_pid=2999 next_prio=120
              ls-2999  ( 2999) [003] dN.4  1297.937136: sched_wakeup: comm=kworker/3:1 pid=60 prio=120 success=1 target_cpu=003
              ls-2999  ( 2999) [003] dN.4  1297.937138: sched_wakeup: comm=ls pid=2999 prio=120 success=1 target_cpu=003
              ls-2999  ( 2999) [003] d..3  1297.937140: sched_switch: prev_comm=ls prev_pid=2999 prev_prio=120 prev_state=R+ ==> next_comm=kworker/3:1 next_pid=60 next_prio=120
     kworker/3:1-60    (   60) [003] d..3  1297.937145: sched_switch: prev_comm=kworker/3:1 prev_pid=60 prev_prio=120 prev_state=S ==> next_comm=ls next_pid=2999 next_prio=120
              ls-2999  ( 2999) [003] dN.4  1297.937149: sched_wakeup: comm=kworker/3:1 pid=60 prio=120 success=1 target_cpu=003
              ls-2999  ( 2999) [003] d..3  1297.937151: sched_switch: prev_comm=ls prev_pid=2999 prev_prio=120 prev_state=R+ ==> next_comm=kworker/3:1 next_pid=60 next_prio=120
     kworker/3:1-60    (   60) [003] d..3  1297.937155: sched_switch: prev_comm=kworker/3:1 prev_pid=60 prev_prio=120 prev_state=S ==> next_comm=ls next_pid=2999 next_prio=120
              ls-2999  ( 2999) [003] dN.4  1297.937171: sched_wakeup: comm=kworker/3:1 pid=60 prio=120 success=1 target_cpu=003
              ls-2999  ( 2999) [003] dN.4  1297.937173: sched_wakeup: comm=ls pid=2999 prio=120 success=1 target_cpu=003
              ls-2999  ( 2999) [003] d..3  1297.937175: sched_switch: prev_comm=ls prev_pid=2999 prev_prio=120 prev_state=R+ ==> next_comm=kworker/3:1 next_pid=60 next_prio=120
            adbd-122   (  122) [000] d..3  1297.937187: sched_switch: prev_comm=adbd prev_pid=122 prev_prio=120 prev_state=D ==> next_comm=swapper/0 next_pid=0 next_prio=120
     kworker/3:1-60    (   60) [003] d..3  1297.937210: sched_switch: prev_comm=kworker/3:1 prev_pid=60 prev_prio=120 prev_state=S ==> next_comm=ls next_pid=2999 next_prio=120
              ls-2999  ( 2999) [003] dN.4  1297.937218: sched_wakeup: comm=kworker/3:1 pid=60 prio=120 success=1 target_cpu=003
              ls-2999  ( 2999) [003] d..3  1297.937222: sched_switch: prev_comm=ls prev_pid=2999 prev_prio=120 prev_state=R+ ==> next_comm=kworker/3:1 next_pid=60 next_prio=120
          <idle>-0     (-----) [000] dNh3  1297.937225: sched_wakeup: comm=adbd pid=122 prio=120 success=1 target_cpu=000
     kworker/3:1-60    (   60) [003] d..3  1297.937230: sched_switch: prev_comm=kworker/3:1 prev_pid=60 prev_prio=120 prev_state=S ==> next_comm=ls next_pid=2999 next_prio=120
          <idle>-0     (-----) [000] d..3  1297.937239: sched_switch: prev_comm=swapper/0 prev_pid=0 prev_prio=120 prev_state=R ==> next_comm=adbd next_pid=122 next_prio=120
              ls-2999  ( 2999) [003] dN.4  1297.937255: sched_wakeup: comm=kworker/3:1 pid=60 prio=120 success=1 target_cpu=003
            adbd-122   (  122) [000] dN.4  1297.937256: sched_wakeup: comm=adbd pid=2771 prio=120 success=1 target_cpu=000
              ls-2999  ( 2999) [003] dN.4  1297.937259: sched_wakeup: comm=ls pid=2999 prio=120 success=1 target_cpu=003
            adbd-122   (  122) [000] d..3  1297.937259: sched_switch: prev_comm=adbd prev_pid=122 prev_prio=120 prev_state=R+ ==> next_comm=adbd next_pid=2771 next_prio=120
              ls-2999  ( 2999) [003] d..3  1297.937261: sched_switch: prev_comm=ls prev_pid=2999 prev_prio=120 prev_state=R+ ==> next_comm=kworker/3:1 next_pid=60 next_prio=120
     kworker/3:1-60    (   60) [003] d..3  1297.937266: sched_switch: prev_comm=kworker/3:1 prev_pid=60 prev_prio=120 prev_state=S ==> next_comm=ls next_pid=2999 next_prio=120
              ls-2999  ( 2999) [003] dN.4  1297.937270: sched_wakeup: comm=kworker/3:1 pid=60 prio=120 success=1 target_cpu=003
              ls-2999  ( 2999) [003] d..3  1297.937272: sched_switch: prev_comm=ls prev_pid=2999 prev_prio=120 prev_state=R+ ==> next_comm=kworker/3:1 next_pid=60 next_prio=120
     kworker/3:1-60    (   60) [003] d..3  1297.937277: sched_switch: prev_comm=kworker/3:1 prev_pid=60 prev_prio=120 prev_state=S ==> next_comm=ls next_pid=2999 next_prio=120
              ls-2999  ( 2999) [003] dN.4  1297.937292: sched_wakeup: comm=kworker/3:1 pid=60 prio=120 success=1 target_cpu=003
              ls-2999  ( 2999) [003] dN.4  1297.937293: sched_wakeup: comm=ls pid=2999 prio=120 success=1 target_cpu=003
              ls-2999  ( 2999) [003] d..3  1297.937403: sched_switch: prev_comm=ls prev_pid=2999 prev_prio=120 prev_state=R+ ==> next_comm=kworker/3:1 next_pid=60 next_prio=120
     kworker/3:1-60    (   60) [003] d..3  1297.937412: sched_switch: prev_comm=kworker/3:1 prev_pid=60 prev_prio=120 prev_state=S ==> next_comm=ls next_pid=2999 next_prio=120
              ls-2999  ( 2999) [003] dN.4  1297.937418: sched_wakeup: comm=kworker/3:1 pid=60 prio=120 success=1 target_cpu=003
              ls-2999  ( 2999) [003] d..3  1297.937422: sched_switch: prev_comm=ls prev_pid=2999 prev_prio=120 prev_state=R+ ==> next_comm=kworker/3:1 next_pid=60 next_prio=120
     kworker/3:1-60    (   60) [003] d..3  1297.937428: sched_switch: prev_comm=kworker/3:1 prev_pid=60 prev_prio=120 prev_state=S ==> next_comm=ls next_pid=2999 next_prio=120
              ls-2999  ( 2999) [003] dN.4  1297.937450: sched_wakeup: comm=kworker/3:1 pid=60 prio=120 success=1 target_cpu=003
              ls-2999  ( 2999) [003] dN.4  1297.937452: sched_wakeup: comm=ls pid=2999 prio=120 success=1 target_cpu=003
              ls-2999  ( 2999) [003] d..3  1297.937454: sched_switch: prev_comm=ls prev_pid=2999 prev_prio=120 prev_state=R+ ==> next_comm=kworker/3:1 next_pid=60 next_prio=120
     kworker/3:1-60    (   60) [003] d..3  1297.937459: sched_switch: prev_comm=kworker/3:1 prev_pid=60 prev_prio=120 prev_state=S ==> next_comm=ls next_pid=2999 next_prio=120
              ls-2999  ( 2999) [003] dN.4  1297.937463: sched_wakeup: comm=kworker/3:1 pid=60 prio=120 success=1 target_cpu=003
            adbd-2771  (  122) [000] d..3  1297.937476: sched_switch: prev_comm=adbd prev_pid=2771 prev_prio=120 prev_state=S ==> next_comm=adbd next_pid=122 next_prio=120
              ls-2999  ( 2999) [003] d..3  1297.937476: sched_switch: prev_comm=ls prev_pid=2999 prev_prio=120 prev_state=R+ ==> next_comm=kworker/3:1 next_pid=60 next_prio=120
            adbd-122   (  122) [000] d..3  1297.937550: sched_switch: prev_comm=adbd prev_pid=122 prev_prio=120 prev_state=S ==> next_comm=swapper/0 next_pid=0 next_prio=120
     kworker/3:1-60    (   60) [003] d..3  1297.937552: sched_switch: prev_comm=kworker/3:1 prev_pid=60 prev_prio=120 prev_state=S ==> next_comm=ls next_pid=2999 next_prio=120
              ls-2999  ( 2999) [003] dN.4  1297.937606: sched_wakeup: comm=kworker/3:1 pid=60 prio=120 success=1 target_cpu=003
              ls-2999  ( 2999) [003] dN.4  1297.937609: sched_wakeup: comm=ls pid=2999 prio=120 success=1 target_cpu=003
              ls-2999  ( 2999) [003] d..3  1297.937613: sched_switch: prev_comm=ls prev_pid=2999 prev_prio=120 prev_state=R+ ==> next_comm=kworker/3:1 next_pid=60 next_prio=120
     kworker/3:1-60    (   60) [003] d..3  1297.937621: sched_switch: prev_comm=kworker/3:1 prev_pid=60 prev_prio=120 prev_state=S ==> next_comm=ls next_pid=2999 next_prio=120
              ls-2999  ( 2999) [003] dN.4  1297.937628: sched_wakeup: comm=kworker/3:1 pid=60 prio=120 success=1 target_cpu=003
              ls-2999  ( 2999) [003] d..3  1297.937631: sched_switch: prev_comm=ls prev_pid=2999 prev_prio=120 prev_state=R+ ==> next_comm=kworker/3:1 next_pid=60 next_prio=120
     kworker/3:1-60    (   60) [003] d..3  1297.937638: sched_switch: prev_comm=kworker/3:1 prev_pid=60 prev_prio=120 prev_state=S ==> next_comm=ls next_pid=2999 next_prio=120
              ls-2999  ( 2999) [003] dN.4  1297.937664: sched_wakeup: comm=kworker/3:1 pid=60 prio=120 success=1 target_cpu=003
              ls-2999  ( 2999) [003] dN.4  1297.937668: sched_wakeup: comm=ls pid=2999 prio=120 success=1 target_cpu=003
              ls-2999  ( 2999) [003] d..3  1297.937671: sched_switch: prev_comm=ls prev_pid=2999 prev_prio=120 prev_state=R+ ==> next_comm=kworker/3:1 next_pid=60 next_prio=120
     kworker/3:1-60    (   60) [003] d..3  1297.937684: sched_switch: prev_comm=kworker/3:1 prev_pid=60 prev_prio=120 prev_state=S ==> next_comm=ls next_pid=2999 next_prio=120
              ls-2999  ( 2999) [003] dN.4  1297.937692: sched_wakeup: comm=kworker/3:1 pid=60 prio=120 success=1 target_cpu=003
              ls-2999  ( 2999) [003] d..3  1297.937695: sched_switch: prev_comm=ls prev_pid=2999 prev_prio=120 prev_state=R+ ==> next_comm=kworker/3:1 next_pid=60 next_prio=120
     kworker/3:1-60    (   60) [003] d..3  1297.937702: sched_switch: prev_comm=kworker/3:1 prev_pid=60 prev_prio=120 prev_state=S ==> next_comm=ls next_pid=2999 next_prio=120
              ls-2999  ( 2999) [003] dN.4  1297.937729: sched_wakeup: comm=kworker/3:1 pid=60 prio=120 success=1 target_cpu=003
              ls-2999  ( 2999) [003] dN.4  1297.937733: sched_wakeup: comm=ls pid=2999 prio=120 success=1 target_cpu=003
              ls-2999  ( 2999) [003] d..3  1297.937736: sched_switch: prev_comm=ls prev_pid=2999 prev_prio=120 prev_state=R+ ==> next_comm=kworker/3:1 next_pid=60 next_prio=120
     kworker/3:1-60    (   60) [003] d..3  1297.937743: sched_switch: prev_comm=kworker/3:1 prev_pid=60 prev_prio=120 prev_state=S ==> next_comm=ls next_pid=2999 next_prio=120
              ls-2999  ( 2999) [003] dN.4  1297.937749: sched_wakeup: comm=kworker/3:1 pid=60 prio=120 success=1 target_cpu=003
              ls-2999  ( 2999) [003] d..3  1297.937751: sched_switch: prev_comm=ls prev_pid=2999 prev_prio=120 prev_state=R+ ==> next_comm=kworker/3:1 next_pid=60 next_prio=120
     kworker/3:1-60    (   60) [003] d..3  1297.937758: sched_switch: prev_comm=kworker/3:1 prev_pid=60 prev_prio=120 prev_state=S ==> next_comm=ls next_pid=2999 next_prio=120
              ls-2999  ( 2999) [003] dN.4  1297.937775: sched_wakeup: comm=kworker/3:1 pid=60 prio=120 success=1 target_cpu=003
              ls-2999  ( 2999) [003] dN.4  1297.937777: sched_wakeup: comm=ls pid=2999 prio=120 success=1 target_cpu=003
              ls-2999  ( 2999) [003] d..3  1297.937779: sched_switch: prev_comm=ls prev_pid=2999 prev_prio=120 prev_state=R+ ==> next_comm=kworker/3:1 next_pid=60 next_prio=120
     kworker/3:1-60    (   60) [003] d..3  1297.937784: sched_switch: prev_comm=kworker/3:1 prev_pid=60 prev_prio=120 prev_state=S ==> next_comm=ls next_pid=2999 next_prio=120
              ls-2999  ( 2999) [003] dN.4  1297.937788: sched_wakeup: comm=kworker/3:1 pid=60 prio=120 success=1 target_cpu=003
              ls-2999  ( 2999) [003] d..3  1297.937790: sched_switch: prev_comm=ls prev_pid=2999 prev_prio=120 prev_state=R+ ==> next_comm=kworker/3:1 next_pid=60 next_prio=120
     kworker/3:1-60    (   60) [003] d..3  1297.937794: sched_switch: prev_comm=kworker/3:1 prev_pid=60 prev_prio=120 prev_state=S ==> next_comm=ls next_pid=2999 next_prio=120
              ls-2999  ( 2999) [003] dN.4  1297.937808: sched_wakeup: comm=kworker/3:1 pid=60 prio=120 success=1 target_cpu=003
              ls-2999  ( 2999) [003] dN.4  1297.937810: sched_wakeup: comm=ls pid=2999 prio=120 success=1 target_cpu=003
          <idle>-0     (-----) [000] dNs6  1297.937812: sched_wakeup: comm=adbd pid=2772 prio=120 success=1 target_cpu=000
              ls-2999  ( 2999) [003] d..3  1297.937813: sched_switch: prev_comm=ls prev_pid=2999 prev_prio=120 prev_state=R+ ==> next_comm=kworker/3:1 next_pid=60 next_prio=120
     kworker/3:1-60    (   60) [003] d..3  1297.937817: sched_switch: prev_comm=kworker/3:1 prev_pid=60 prev_prio=120 prev_state=S ==> next_comm=ls next_pid=2999 next_prio=120
              ls-2999  ( 2999) [003] dN.4  1297.937822: sched_wakeup: comm=kworker/3:1 pid=60 prio=120 success=1 target_cpu=003
              ls-2999  ( 2999) [003] d..3  1297.937824: sched_switch: prev_comm=ls prev_pid=2999 prev_prio=120 prev_state=R+ ==> next_comm=kworker/3:1 next_pid=60 next_prio=120
     kworker/3:1-60    (   60) [003] d..3  1297.937828: sched_switch: prev_comm=kworker/3:1 prev_pid=60 prev_prio=120 prev_state=S ==> next_comm=ls next_pid=2999 next_prio=120
          <idle>-0     (-----) [000] d..3  1297.937832: sched_switch: prev_comm=swapper/0 prev_pid=0 prev_prio=120 prev_state=R ==> next_comm=adbd next_pid=2772 next_prio=120
              ls-2999  ( 2999) [003] dN.4  1297.937842: sched_wakeup: comm=kworker/3:1 pid=60 prio=120 success=1 target_cpu=003
              ls-2999  ( 2999) [003] dN.4  1297.937844: sched_wakeup: comm=ls pid=2999 prio=120 success=1 target_cpu=003
              ls-2999  ( 2999) [003] d..3  1297.937846: sched_switch: prev_comm=ls prev_pid=2999 prev_prio=120 prev_state=R+ ==> next_comm=kworker/3:1 next_pid=60 next_prio=120
     kworker/3:1-60    (   60) [003] d..3  1297.937851: sched_switch: prev_comm=kworker/3:1 prev_pid=60 prev_prio=120 prev_state=S ==> next_comm=ls next_pid=2999 next_prio=120
            adbd-2772  (  122) [000] d..4  1297.937855: sched_wakeup: comm=adbd pid=122 prio=120 success=1 target_cpu=000
              ls-2999  ( 2999) [003] dN.4  1297.937855: sched_wakeup: comm=kworker/3:1 pid=60 prio=120 success=1 target_cpu=003
              ls-2999  ( 2999) [003] d..3  1297.937857: sched_switch: prev_comm=ls prev_pid=2999 prev_prio=120 prev_state=R+ ==> next_comm=kworker/3:1 next_pid=60 next_prio=120
     kworker/3:1-60    (   60) [003] d..3  1297.937861: sched_switch: prev_comm=kworker/3:1 prev_pid=60 prev_prio=120 prev_state=S ==> next_comm=ls next_pid=2999 next_prio=120
            adbd-2772  (  122) [000] d..3  1297.937870: sched_switch: prev_comm=adbd prev_pid=2772 prev_prio=120 prev_state=S ==> next_comm=adbd next_pid=122 next_prio=120
              ls-2999  ( 2999) [003] dN.4  1297.937875: sched_wakeup: comm=kworker/3:1 pid=60 prio=120 success=1 target_cpu=003
              ls-2999  ( 2999) [003] dN.4  1297.937877: sched_wakeup: comm=ls pid=2999 prio=120 success=1 target_cpu=003
              ls-2999  ( 2999) [003] d..3  1297.937879: sched_switch: prev_comm=ls prev_pid=2999 prev_prio=120 prev_state=R+ ==> next_comm=kworker/3:1 next_pid=60 next_prio=120
     kworker/3:1-60    (   60) [003] d..3  1297.937884: sched_switch: prev_comm=kworker/3:1 prev_pid=60 prev_prio=120 prev_state=S ==> next_comm=ls next_pid=2999 next_prio=120
              ls-2999  ( 2999) [003] dN.4  1297.937888: sched_wakeup: comm=kworker/3:1 pid=60 prio=120 success=1 target_cpu=003
              ls-2999  ( 2999) [003] d..3  1297.937890: sched_switch: prev_comm=ls prev_pid=2999 prev_prio=120 prev_state=R+ ==> next_comm=kworker/3:1 next_pid=60 next_prio=120
            adbd-122   (  122) [000] dN.4  1297.937894: sched_wakeup: comm=adbd pid=2771 prio=120 success=1 target_cpu=000
     kworker/3:1-60    (   60) [003] d..3  1297.937894: sched_switch: prev_comm=kworker/3:1 prev_pid=60 prev_prio=120 prev_state=S ==> next_comm=ls next_pid=2999 next_prio=120
            adbd-122   (  122) [000] d..3  1297.937897: sched_switch: prev_comm=adbd prev_pid=122 prev_prio=120 prev_state=R+ ==> next_comm=adbd next_pid=2771 next_prio=120
            adbd-2771  (  122) [000] d..3  1297.937901: sched_switch: prev_comm=adbd prev_pid=2771 prev_prio=120 prev_state=S ==> next_comm=adbd next_pid=122 next_prio=120
              ls-2999  ( 2999) [003] dN.4  1297.937908: sched_wakeup: comm=kworker/3:1 pid=60 prio=120 success=1 target_cpu=003
              ls-2999  ( 2999) [003] dN.4  1297.937910: sched_wakeup: comm=ls pid=2999 prio=120 success=1 target_cpu=003
              ls-2999  ( 2999) [003] d..3  1297.937912: sched_switch: prev_comm=ls prev_pid=2999 prev_prio=120 prev_state=R+ ==> next_comm=kworker/3:1 next_pid=60 next_prio=120
     kworker/3:1-60    (   60) [003] d..3  1297.937917: sched_switch: prev_comm=kworker/3:1 prev_pid=60 prev_prio=120 prev_state=S ==> next_comm=ls next_pid=2999 next_prio=120
              ls-2999  ( 2999) [003] dN.4  1297.937921: sched_wakeup: comm=kworker/3:1 pid=60 prio=120 success=1 target_cpu=003
              ls-2999  ( 2999) [003] d..3  1297.937923: sched_switch: prev_comm=ls prev_pid=2999 prev_prio=120 prev_state=R+ ==> next_comm=kworker/3:1 next_pid=60 next_prio=120
            adbd-122   (  122) [000] d..3  1297.937931: sched_switch: prev_comm=adbd prev_pid=122 prev_prio=120 prev_state=D ==> next_comm=swapper/0 next_pid=0 next_prio=120
     kworker/3:1-60    (   60) [003] d..3  1297.937957: sched_switch: prev_comm=kworker/3:1 prev_pid=60 prev_prio=120 prev_state=S ==> next_comm=ls next_pid=2999 next_prio=120
          <idle>-0     (-----) [000] dNh3  1297.937964: sched_wakeup: comm=adbd pid=122 prio=120 success=1 target_cpu=000
              ls-2999  ( 2999) [003] dN.4  1297.937974: sched_wakeup: comm=kworker/3:1 pid=60 prio=120 success=1 target_cpu=003
              ls-2999  ( 2999) [003] dN.4  1297.937976: sched_wakeup: comm=ls pid=2999 prio=120 success=1 target_cpu=003
              ls-2999  ( 2999) [003] d..3  1297.937978: sched_switch: prev_comm=ls prev_pid=2999 prev_prio=120 prev_state=R+ ==> next_comm=kworker/3:1 next_pid=60 next_prio=120
          <idle>-0     (-----) [000] d..3  1297.937979: sched_switch: prev_comm=swapper/0 prev_pid=0 prev_prio=120 prev_state=R ==> next_comm=adbd next_pid=122 next_prio=120
     kworker/3:1-60    (   60) [003] d..3  1297.937983: sched_switch: prev_comm=kworker/3:1 prev_pid=60 prev_prio=120 prev_state=S ==> next_comm=ls next_pid=2999 next_prio=120
